[0.020s] Invoking command in '/workspace/build/bno08x_driver': CMAKE_PREFIX_PATH=${CMAKE_PREFIX_PATH}:/opt/ros/jazzy /usr/bin/cmake --build /workspace/build/bno08x_driver -- -j8 -l8
[0.121s] [ 27%] Built target sh2_library
[0.131s] [ 44%] Built target gmock
[0.132s] [ 55%] Built target gmock_main
[0.181s] [ 77%] Built target test_i2c_mock
[0.181s] [ 77%] Built target test_watchdog
[0.187s] [ 83%] Building CXX object CMakeFiles/bno08x_driver.dir/src/bno08x_ros.cpp.o
[10.703s] [ 88%] Linking CXX executable bno08x_driver
[11.090s] [100%] Built target bno08x_driver
[11.112s] Invoked command in '/workspace/build/bno08x_driver' returned '0': CMAKE_PREFIX_PATH=${CMAKE_PREFIX_PATH}:/opt/ros/jazzy /usr/bin/cmake --build /workspace/build/bno08x_driver -- -j8 -l8
[11.132s] Invoking command in '/workspace/build/bno08x_driver': CMAKE_PREFIX_PATH=${CMAKE_PREFIX_PATH}:/opt/ros/jazzy /usr/bin/cmake --install /workspace/build/bno08x_driver
[11.150s] -- Install configuration: ""
[11.151s] -- Execute custom install script
[11.151s] -- Up-to-date symlink: /workspace/install/bno08x_driver/lib/bno08x_driver/bno08x_driver
[11.152s] -- Up-to-date symlink: /workspace/install/bno08x_driver/share/bno08x_driver/config/bno085_i2c.yaml
[11.153s] -- Up-to-date symlink: /workspace/install/bno08x_driver/share/bno08x_driver/launch/bno085_i2c.launch.py
[11.153s] -- Up-to-date symlink: /workspace/install/bno08x_driver/share/ament_index/resource_index/package_run_dependencies/bno08x_driver
[11.154s] -- Up-to-date symlink: /workspace/install/bno08x_driver/share/ament_index/resource_index/parent_prefix_path/bno08x_driver
[11.154s] -- Up-to-date symlink: /workspace/install/bno08x_driver/share/bno08x_driver/environment/ament_prefix_path.sh
[11.154s] -- Up-to-date symlink: /workspace/install/bno08x_driver/share/bno08x_driver/environment/ament_prefix_path.dsv
[11.155s] -- Up-to-date symlink: /workspace/install/bno08x_driver/share/bno08x_driver/environment/path.sh
[11.155s] -- Up-to-date symlink: /workspace/install/bno08x_driver/share/bno08x_driver/environment/path.dsv
[11.156s] -- Up-to-date symlink: /workspace/install/bno08x_driver/share/bno08x_driver/local_setup.bash
[11.156s] -- Up-to-date symlink: /workspace/install/bno08x_driver/share/bno08x_driver/local_setup.sh
[11.156s] -- Up-to-date symlink: /workspace/install/bno08x_driver/share/bno08x_driver/local_setup.zsh
[11.157s] -- Up-to-date symlink: /workspace/install/bno08x_driver/share/bno08x_driver/local_setup.dsv
[11.157s] -- Symlinking: /workspace/install/bno08x_driver/share/bno08x_driver/package.dsv
[11.172s] -- Up-to-date symlink: /workspace/install/bno08x_driver/share/ament_index/resource_index/packages/bno08x_driver
[11.173s] -- Up-to-date symlink: /workspace/install/bno08x_driver/share/bno08x_driver/cmake/bno08x_driverConfig.cmake
[11.173s] -- Up-to-date symlink: /workspace/install/bno08x_driver/share/bno08x_driver/cmake/bno08x_driverConfig-version.cmake
[11.174s] -- Up-to-date symlink: /workspace/install/bno08x_driver/share/bno08x_driver/package.xml
[11.178s] Invoked command in '/workspace/build/bno08x_driver' returned '0': CMAKE_PREFIX_PATH=${CMAKE_PREFIX_PATH}:/opt/ros/jazzy /usr/bin/cmake --install /workspace/build/bno08x_driver
