[0.198s] DEBUG:colcon:Command line arguments: ['/usr/bin/colcon', 'build', '--packages-select', 'bno08x_driver', '--symlink-install']
[0.199s] DEBUG:colcon:Parsed command line arguments: Namespace(log_base=None, log_level=None, verb_name='build', build_base='build', install_base='install', merge_install=False, symlink_install=True, test_result_base=None, continue_on_error=False, executor='parallel', parallel_workers=8, event_handlers=None, ignore_user_meta=False, metas=['./colcon.meta'], base_paths=['.'], packages_ignore=None, packages_ignore_regex=None, paths=None, packages_up_to=None, packages_up_to_regex=None, packages_above=None, packages_above_and_dependencies=None, packages_above_depth=None, packages_select_by_dep=None, packages_skip_by_dep=None, packages_skip_up_to=None, packages_select_build_failed=False, packages_skip_build_finished=False, packages_select_test_failures=False, packages_skip_test_passed=False, packages_select=['bno08x_driver'], packages_skip=None, packages_select_regex=None, packages_skip_regex=None, packages_start=None, packages_end=None, cmake_args=None, cmake_target=None, cmake_target_skip_unavailable=False, cmake_clean_cache=False, cmake_clean_first=False, cmake_force_configure=False, ament_cmake_args=None, catkin_cmake_args=None, catkin_skip_building_tests=False, mixin_files=None, mixin=None, verb_parser=<colcon_mixin.mixin.mixin_argument.MixinArgumentDecorator object at 0xffff86d86240>, verb_extension=<colcon_core.verb.build.BuildVerb object at 0xffff86f83b60>, main=<bound method BuildVerb.main of <colcon_core.verb.build.BuildVerb object at 0xffff86f83b60>>, mixin_verb=('build',))
[0.268s] Level 1:colcon.colcon_core.package_discovery:discover_packages(colcon_meta) check parameters
[0.269s] Level 1:colcon.colcon_core.package_discovery:discover_packages(recursive) check parameters
[0.269s] Level 1:colcon.colcon_core.package_discovery:discover_packages(ignore) check parameters
[0.269s] Level 1:colcon.colcon_core.package_discovery:discover_packages(path) check parameters
[0.269s] Level 1:colcon.colcon_core.package_discovery:discover_packages(colcon_meta) discover
[0.269s] Level 1:colcon.colcon_core.package_discovery:discover_packages(recursive) discover
[0.269s] INFO:colcon.colcon_core.package_discovery:Crawling recursively for packages in '/workspace'
[0.269s] Level 1:colcon.colcon_core.package_identification:_identify(.) by extensions ['ignore', 'ignore_ament_install']
[0.270s] Level 1:colcon.colcon_core.package_identification:_identify(.) by extension 'ignore'
[0.270s] Level 1:colcon.colcon_core.package_identification:_identify(.) by extension 'ignore_ament_install'
[0.270s] Level 1:colcon.colcon_core.package_identification:_identify(.) by extensions ['colcon_pkg']
[0.270s] Level 1:colcon.colcon_core.package_identification:_identify(.) by extension 'colcon_pkg'
[0.270s] Level 1:colcon.colcon_core.package_identification:_identify(.) by extensions ['colcon_meta']
[0.270s] Level 1:colcon.colcon_core.package_identification:_identify(.) by extension 'colcon_meta'
[0.270s] Level 1:colcon.colcon_core.package_identification:_identify(.) by extensions ['ros']
[0.270s] Level 1:colcon.colcon_core.package_identification:_identify(.) by extension 'ros'
[0.315s] Level 1:colcon.colcon_core.package_identification:_identify(.) by extensions ['cmake', 'python']
[0.316s] Level 1:colcon.colcon_core.package_identification:_identify(.) by extension 'cmake'
[0.316s] Level 1:colcon.colcon_core.package_identification:_identify(.) by extension 'python'
[0.316s] Level 1:colcon.colcon_core.package_identification:_identify(.) by extensions ['python_setup_py']
[0.316s] Level 1:colcon.colcon_core.package_identification:_identify(.) by extension 'python_setup_py'
[0.316s] Level 1:colcon.colcon_core.package_identification:_identify(build) by extensions ['ignore', 'ignore_ament_install']
[0.316s] Level 1:colcon.colcon_core.package_identification:_identify(build) by extension 'ignore'
[0.316s] Level 1:colcon.colcon_core.package_identification:_identify(build) ignored
[0.317s] Level 1:colcon.colcon_core.package_identification:_identify(install) by extensions ['ignore', 'ignore_ament_install']
[0.317s] Level 1:colcon.colcon_core.package_identification:_identify(install) by extension 'ignore'
[0.317s] Level 1:colcon.colcon_core.package_identification:_identify(install) ignored
[0.317s] Level 1:colcon.colcon_core.package_identification:_identify(log) by extensions ['ignore', 'ignore_ament_install']
[0.317s] Level 1:colcon.colcon_core.package_identification:_identify(log) by extension 'ignore'
[0.317s] Level 1:colcon.colcon_core.package_identification:_identify(log) ignored
[0.317s] Level 1:colcon.colcon_core.package_identification:_identify(src) by extensions ['ignore', 'ignore_ament_install']
[0.318s] Level 1:colcon.colcon_core.package_identification:_identify(src) by extension 'ignore'
[0.318s] Level 1:colcon.colcon_core.package_identification:_identify(src) by extension 'ignore_ament_install'
[0.318s] Level 1:colcon.colcon_core.package_identification:_identify(src) by extensions ['colcon_pkg']
[0.318s] Level 1:colcon.colcon_core.package_identification:_identify(src) by extension 'colcon_pkg'
[0.318s] Level 1:colcon.colcon_core.package_identification:_identify(src) by extensions ['colcon_meta']
[0.318s] Level 1:colcon.colcon_core.package_identification:_identify(src) by extension 'colcon_meta'
[0.318s] Level 1:colcon.colcon_core.package_identification:_identify(src) by extensions ['ros']
[0.318s] Level 1:colcon.colcon_core.package_identification:_identify(src) by extension 'ros'
[0.318s] Level 1:colcon.colcon_core.package_identification:_identify(src) by extensions ['cmake', 'python']
[0.318s] Level 1:colcon.colcon_core.package_identification:_identify(src) by extension 'cmake'
[0.318s] Level 1:colcon.colcon_core.package_identification:_identify(src) by extension 'python'
[0.318s] Level 1:colcon.colcon_core.package_identification:_identify(src) by extensions ['python_setup_py']
[0.318s] Level 1:colcon.colcon_core.package_identification:_identify(src) by extension 'python_setup_py'
[0.319s] Level 1:colcon.colcon_core.package_identification:_identify(src/bno08x_driver) by extensions ['ignore', 'ignore_ament_install']
[0.319s] Level 1:colcon.colcon_core.package_identification:_identify(src/bno08x_driver) by extension 'ignore'
[0.319s] Level 1:colcon.colcon_core.package_identification:_identify(src/bno08x_driver) by extension 'ignore_ament_install'
[0.319s] Level 1:colcon.colcon_core.package_identification:_identify(src/bno08x_driver) by extensions ['colcon_pkg']
[0.319s] Level 1:colcon.colcon_core.package_identification:_identify(src/bno08x_driver) by extension 'colcon_pkg'
[0.319s] Level 1:colcon.colcon_core.package_identification:_identify(src/bno08x_driver) by extensions ['colcon_meta']
[0.319s] Level 1:colcon.colcon_core.package_identification:_identify(src/bno08x_driver) by extension 'colcon_meta'
[0.319s] Level 1:colcon.colcon_core.package_identification:_identify(src/bno08x_driver) by extensions ['ros']
[0.319s] Level 1:colcon.colcon_core.package_identification:_identify(src/bno08x_driver) by extension 'ros'
[0.324s] DEBUG:colcon.colcon_core.package_identification:Package 'src/bno08x_driver' with type 'ros.ament_cmake' and name 'bno08x_driver'
[0.324s] Level 1:colcon.colcon_core.package_identification:_identify(src/ldlidar_stl_ros2) by extensions ['ignore', 'ignore_ament_install']
[0.324s] Level 1:colcon.colcon_core.package_identification:_identify(src/ldlidar_stl_ros2) by extension 'ignore'
[0.324s] Level 1:colcon.colcon_core.package_identification:_identify(src/ldlidar_stl_ros2) by extension 'ignore_ament_install'
[0.325s] Level 1:colcon.colcon_core.package_identification:_identify(src/ldlidar_stl_ros2) by extensions ['colcon_pkg']
[0.325s] Level 1:colcon.colcon_core.package_identification:_identify(src/ldlidar_stl_ros2) by extension 'colcon_pkg'
[0.325s] Level 1:colcon.colcon_core.package_identification:_identify(src/ldlidar_stl_ros2) by extensions ['colcon_meta']
[0.325s] Level 1:colcon.colcon_core.package_identification:_identify(src/ldlidar_stl_ros2) by extension 'colcon_meta'
[0.325s] Level 1:colcon.colcon_core.package_identification:_identify(src/ldlidar_stl_ros2) by extensions ['ros']
[0.325s] Level 1:colcon.colcon_core.package_identification:_identify(src/ldlidar_stl_ros2) by extension 'ros'
[0.326s] DEBUG:colcon.colcon_core.package_identification:Package 'src/ldlidar_stl_ros2' with type 'ros.ament_cmake' and name 'ldlidar_stl_ros2'
[0.326s] Level 1:colcon.colcon_core.package_discovery:discover_packages(recursive) using defaults
[0.326s] Level 1:colcon.colcon_core.package_discovery:discover_packages(ignore) discover
[0.326s] Level 1:colcon.colcon_core.package_discovery:discover_packages(ignore) using defaults
[0.326s] Level 1:colcon.colcon_core.package_discovery:discover_packages(path) discover
[0.326s] Level 1:colcon.colcon_core.package_discovery:discover_packages(path) using defaults
[0.357s] INFO:colcon.colcon_core.package_selection:Skipping not selected package 'ldlidar_stl_ros2' in 'src/ldlidar_stl_ros2'
[0.357s] Level 5:colcon.colcon_core.verb:set package 'bno08x_driver' build argument 'cmake_args' from command line to 'None'
[0.357s] Level 5:colcon.colcon_core.verb:set package 'bno08x_driver' build argument 'cmake_target' from command line to 'None'
[0.358s] Level 5:colcon.colcon_core.verb:set package 'bno08x_driver' build argument 'cmake_target_skip_unavailable' from command line to 'False'
[0.358s] Level 5:colcon.colcon_core.verb:set package 'bno08x_driver' build argument 'cmake_clean_cache' from command line to 'False'
[0.358s] Level 5:colcon.colcon_core.verb:set package 'bno08x_driver' build argument 'cmake_clean_first' from command line to 'False'
[0.358s] Level 5:colcon.colcon_core.verb:set package 'bno08x_driver' build argument 'cmake_force_configure' from command line to 'False'
[0.358s] Level 5:colcon.colcon_core.verb:set package 'bno08x_driver' build argument 'ament_cmake_args' from command line to 'None'
[0.358s] Level 5:colcon.colcon_core.verb:set package 'bno08x_driver' build argument 'catkin_cmake_args' from command line to 'None'
[0.358s] Level 5:colcon.colcon_core.verb:set package 'bno08x_driver' build argument 'catkin_skip_building_tests' from command line to 'False'
[0.358s] DEBUG:colcon.colcon_core.verb:Building package 'bno08x_driver' with the following arguments: {'ament_cmake_args': None, 'build_base': '/workspace/build/bno08x_driver', 'catkin_cmake_args': None, 'catkin_skip_building_tests': False, 'cmake_args': None, 'cmake_clean_cache': False, 'cmake_clean_first': False, 'cmake_force_configure': False, 'cmake_target': None, 'cmake_target_skip_unavailable': False, 'install_base': '/workspace/install/bno08x_driver', 'merge_install': False, 'path': '/workspace/src/bno08x_driver', 'symlink_install': True, 'test_result_base': None}
[0.358s] INFO:colcon.colcon_core.executor:Executing jobs using 'parallel' executor
[0.360s] DEBUG:colcon.colcon_parallel_executor.executor.parallel:run_until_complete
[0.361s] INFO:colcon.colcon_ros.task.ament_cmake.build:Building ROS package in '/workspace/src/bno08x_driver' with build type 'ament_cmake'
[0.361s] INFO:colcon.colcon_cmake.task.cmake.build:Building CMake package in '/workspace/src/bno08x_driver'
[0.365s] INFO:colcon.colcon_core.plugin_system:Skipping extension 'colcon_core.shell.bat': Not used on non-Windows systems
[0.365s] INFO:colcon.colcon_core.shell:Skip shell extension 'powershell' for command environment: Not usable outside of PowerShell
[0.365s] DEBUG:colcon.colcon_core.shell:Skip shell extension 'dsv' for command environment
[0.381s] DEBUG:colcon.colcon_core.event_handler.log_command:Invoking command in '/workspace/build/bno08x_driver': CMAKE_PREFIX_PATH=${CMAKE_PREFIX_PATH}:/opt/ros/jazzy /usr/bin/cmake --build /workspace/build/bno08x_driver -- -j8 -l8
[11.474s] DEBUG:colcon.colcon_core.event_handler.log_command:Invoked command in '/workspace/build/bno08x_driver' returned '0': CMAKE_PREFIX_PATH=${CMAKE_PREFIX_PATH}:/opt/ros/jazzy /usr/bin/cmake --build /workspace/build/bno08x_driver -- -j8 -l8
[11.493s] DEBUG:colcon.colcon_core.event_handler.log_command:Invoking command in '/workspace/build/bno08x_driver': CMAKE_PREFIX_PATH=${CMAKE_PREFIX_PATH}:/opt/ros/jazzy /usr/bin/cmake --install /workspace/build/bno08x_driver
[11.538s] Level 1:colcon.colcon_core.environment:create_environment_scripts_only(bno08x_driver)
[11.539s] DEBUG:colcon.colcon_core.event_handler.log_command:Invoked command in '/workspace/build/bno08x_driver' returned '0': CMAKE_PREFIX_PATH=${CMAKE_PREFIX_PATH}:/opt/ros/jazzy /usr/bin/cmake --install /workspace/build/bno08x_driver
[11.544s] Level 1:colcon.colcon_core.environment:checking '/workspace/install/bno08x_driver' for CMake module files
[11.545s] Level 1:colcon.colcon_core.environment:checking '/workspace/install/bno08x_driver' for CMake config files
[11.546s] Level 1:colcon.colcon_core.shell:create_environment_hook('bno08x_driver', 'cmake_prefix_path')
[11.546s] INFO:colcon.colcon_core.shell:Creating environment hook '/workspace/install/bno08x_driver/share/bno08x_driver/hook/cmake_prefix_path.ps1'
[11.549s] INFO:colcon.colcon_core.shell:Creating environment descriptor '/workspace/install/bno08x_driver/share/bno08x_driver/hook/cmake_prefix_path.dsv'
[11.550s] INFO:colcon.colcon_core.shell:Creating environment hook '/workspace/install/bno08x_driver/share/bno08x_driver/hook/cmake_prefix_path.sh'
[11.553s] Level 1:colcon.colcon_core.environment:checking '/workspace/install/bno08x_driver/lib'
[11.553s] Level 1:colcon.colcon_core.environment:checking '/workspace/install/bno08x_driver/bin'
[11.554s] Level 1:colcon.colcon_core.environment:checking '/workspace/install/bno08x_driver/lib/pkgconfig/bno08x_driver.pc'
[11.558s] Level 1:colcon.colcon_core.environment:checking '/workspace/install/bno08x_driver/lib/python3.12/site-packages'
[11.559s] Level 1:colcon.colcon_core.environment:checking '/workspace/install/bno08x_driver/bin'
[11.560s] INFO:colcon.colcon_core.shell:Creating package script '/workspace/install/bno08x_driver/share/bno08x_driver/package.ps1'
[11.562s] INFO:colcon.colcon_core.shell:Creating package descriptor '/workspace/install/bno08x_driver/share/bno08x_driver/package.dsv'
[11.563s] INFO:colcon.colcon_core.shell:Creating package script '/workspace/install/bno08x_driver/share/bno08x_driver/package.sh'
[11.565s] INFO:colcon.colcon_core.shell:Creating package script '/workspace/install/bno08x_driver/share/bno08x_driver/package.bash'
[11.567s] INFO:colcon.colcon_core.shell:Creating package script '/workspace/install/bno08x_driver/share/bno08x_driver/package.zsh'
[11.568s] Level 1:colcon.colcon_core.environment:create_file_with_runtime_dependencies(/workspace/install/bno08x_driver/share/colcon-core/packages/bno08x_driver)
[11.570s] Level 1:colcon.colcon_core.environment:create_environment_scripts_only(bno08x_driver)
[11.570s] Level 1:colcon.colcon_core.environment:checking '/workspace/install/bno08x_driver' for CMake module files
[11.571s] Level 1:colcon.colcon_core.environment:checking '/workspace/install/bno08x_driver' for CMake config files
[11.572s] Level 1:colcon.colcon_core.shell:create_environment_hook('bno08x_driver', 'cmake_prefix_path')
[11.572s] INFO:colcon.colcon_core.shell:Creating environment hook '/workspace/install/bno08x_driver/share/bno08x_driver/hook/cmake_prefix_path.ps1'
[11.574s] INFO:colcon.colcon_core.shell:Creating environment descriptor '/workspace/install/bno08x_driver/share/bno08x_driver/hook/cmake_prefix_path.dsv'
[11.575s] INFO:colcon.colcon_core.shell:Creating environment hook '/workspace/install/bno08x_driver/share/bno08x_driver/hook/cmake_prefix_path.sh'
[11.576s] Level 1:colcon.colcon_core.environment:checking '/workspace/install/bno08x_driver/lib'
[11.576s] Level 1:colcon.colcon_core.environment:checking '/workspace/install/bno08x_driver/bin'
[11.577s] Level 1:colcon.colcon_core.environment:checking '/workspace/install/bno08x_driver/lib/pkgconfig/bno08x_driver.pc'
[11.577s] Level 1:colcon.colcon_core.environment:checking '/workspace/install/bno08x_driver/lib/python3.12/site-packages'
[11.578s] Level 1:colcon.colcon_core.environment:checking '/workspace/install/bno08x_driver/bin'
[11.579s] INFO:colcon.colcon_core.shell:Creating package script '/workspace/install/bno08x_driver/share/bno08x_driver/package.ps1'
[11.580s] INFO:colcon.colcon_core.shell:Creating package descriptor '/workspace/install/bno08x_driver/share/bno08x_driver/package.dsv'
[11.582s] INFO:colcon.colcon_core.shell:Creating package script '/workspace/install/bno08x_driver/share/bno08x_driver/package.sh'
[11.584s] INFO:colcon.colcon_core.shell:Creating package script '/workspace/install/bno08x_driver/share/bno08x_driver/package.bash'
[11.587s] INFO:colcon.colcon_core.shell:Creating package script '/workspace/install/bno08x_driver/share/bno08x_driver/package.zsh'
[11.589s] Level 1:colcon.colcon_core.environment:create_file_with_runtime_dependencies(/workspace/install/bno08x_driver/share/colcon-core/packages/bno08x_driver)
[11.590s] DEBUG:colcon.colcon_parallel_executor.executor.parallel:closing loop
[11.591s] DEBUG:colcon.colcon_parallel_executor.executor.parallel:loop closed
[11.591s] DEBUG:colcon.colcon_parallel_executor.executor.parallel:run_until_complete finished with '0'
[11.592s] DEBUG:colcon.colcon_core.event_reactor:joining thread
[11.615s] INFO:colcon.colcon_core.plugin_system:Skipping extension 'colcon_notification.desktop_notification.notify_send': Could not find 'notify-send'
[11.615s] INFO:colcon.colcon_core.plugin_system:Skipping extension 'colcon_notification.desktop_notification.terminal_notifier': Not used on non-Darwin systems
[11.616s] INFO:colcon.colcon_core.plugin_system:Skipping extension 'colcon_notification.desktop_notification.win32': Not used on non-Windows systems
[11.616s] INFO:colcon.colcon_notification.desktop_notification:Sending desktop notification using 'notify2'
[11.621s] DEBUG:colcon.colcon_notification.desktop_notification.notify2:Failed to initialize notify2: org.freedesktop.DBus.Error.Spawn.ExecFailed: /usr/bin/dbus-launch terminated abnormally without any error message
[11.622s] DEBUG:colcon.colcon_core.event_reactor:joined thread
[11.624s] INFO:colcon.colcon_core.shell:Creating prefix script '/workspace/install/local_setup.ps1'
[11.626s] INFO:colcon.colcon_core.shell:Creating prefix util module '/workspace/install/_local_setup_util_ps1.py'
[11.629s] INFO:colcon.colcon_core.shell:Creating prefix chain script '/workspace/install/setup.ps1'
[11.632s] INFO:colcon.colcon_core.shell:Creating prefix script '/workspace/install/local_setup.sh'
[11.636s] INFO:colcon.colcon_core.shell:Creating prefix util module '/workspace/install/_local_setup_util_sh.py'
[11.638s] INFO:colcon.colcon_core.shell:Creating prefix chain script '/workspace/install/setup.sh'
[11.640s] INFO:colcon.colcon_core.shell:Creating prefix script '/workspace/install/local_setup.bash'
[11.641s] INFO:colcon.colcon_core.shell:Creating prefix chain script '/workspace/install/setup.bash'
[11.643s] INFO:colcon.colcon_core.shell:Creating prefix script '/workspace/install/local_setup.zsh'
[11.643s] INFO:colcon.colcon_core.shell:Creating prefix chain script '/workspace/install/setup.zsh'
