[0.247s] DEBUG:colcon:Command line arguments: ['/usr/bin/colcon', 'build', '--symlink-install', '--packages-select', 'avaj_car_control']
[0.247s] DEBUG:colcon:Parsed command line arguments: Namespace(log_base=None, log_level=None, verb_name='build', build_base='build', install_base='install', merge_install=False, symlink_install=True, test_result_base=None, continue_on_error=False, executor='parallel', parallel_workers=8, event_handlers=None, ignore_user_meta=False, metas=['./colcon.meta'], base_paths=['.'], packages_ignore=None, packages_ignore_regex=None, paths=None, packages_up_to=None, packages_up_to_regex=None, packages_above=None, packages_above_and_dependencies=None, packages_above_depth=None, packages_select_by_dep=None, packages_skip_by_dep=None, packages_skip_up_to=None, packages_select_build_failed=False, packages_skip_build_finished=False, packages_select_test_failures=False, packages_skip_test_passed=False, packages_select=['avaj_car_control'], packages_skip=None, packages_select_regex=None, packages_skip_regex=None, packages_start=None, packages_end=None, cmake_args=None, cmake_target=None, cmake_target_skip_unavailable=False, cmake_clean_cache=False, cmake_clean_first=False, cmake_force_configure=False, ament_cmake_args=None, catkin_cmake_args=None, catkin_skip_building_tests=False, mixin_files=None, mixin=None, verb_parser=<colcon_mixin.mixin.mixin_argument.MixinArgumentDecorator object at 0xffff991dc860>, verb_extension=<colcon_core.verb.build.BuildVerb object at 0xffff993993d0>, main=<bound method BuildVerb.main of <colcon_core.verb.build.BuildVerb object at 0xffff993993d0>>, mixin_verb=('build',))
[0.332s] Level 1:colcon.colcon_core.package_discovery:discover_packages(colcon_meta) check parameters
[0.333s] Level 1:colcon.colcon_core.package_discovery:discover_packages(recursive) check parameters
[0.333s] Level 1:colcon.colcon_core.package_discovery:discover_packages(ignore) check parameters
[0.333s] Level 1:colcon.colcon_core.package_discovery:discover_packages(path) check parameters
[0.333s] Level 1:colcon.colcon_core.package_discovery:discover_packages(colcon_meta) discover
[0.333s] Level 1:colcon.colcon_core.package_discovery:discover_packages(recursive) discover
[0.333s] INFO:colcon.colcon_core.package_discovery:Crawling recursively for packages in '/workspace'
[0.333s] Level 1:colcon.colcon_core.package_identification:_identify(.) by extensions ['ignore', 'ignore_ament_install']
[0.333s] Level 1:colcon.colcon_core.package_identification:_identify(.) by extension 'ignore'
[0.334s] Level 1:colcon.colcon_core.package_identification:_identify(.) by extension 'ignore_ament_install'
[0.334s] Level 1:colcon.colcon_core.package_identification:_identify(.) by extensions ['colcon_pkg']
[0.334s] Level 1:colcon.colcon_core.package_identification:_identify(.) by extension 'colcon_pkg'
[0.334s] Level 1:colcon.colcon_core.package_identification:_identify(.) by extensions ['colcon_meta']
[0.334s] Level 1:colcon.colcon_core.package_identification:_identify(.) by extension 'colcon_meta'
[0.334s] Level 1:colcon.colcon_core.package_identification:_identify(.) by extensions ['ros']
[0.334s] Level 1:colcon.colcon_core.package_identification:_identify(.) by extension 'ros'
[0.389s] Level 1:colcon.colcon_core.package_identification:_identify(.) by extensions ['cmake', 'python']
[0.389s] Level 1:colcon.colcon_core.package_identification:_identify(.) by extension 'cmake'
[0.389s] Level 1:colcon.colcon_core.package_identification:_identify(.) by extension 'python'
[0.389s] Level 1:colcon.colcon_core.package_identification:_identify(.) by extensions ['python_setup_py']
[0.389s] Level 1:colcon.colcon_core.package_identification:_identify(.) by extension 'python_setup_py'
[0.389s] Level 1:colcon.colcon_core.package_identification:_identify(build) by extensions ['ignore', 'ignore_ament_install']
[0.390s] Level 1:colcon.colcon_core.package_identification:_identify(build) by extension 'ignore'
[0.390s] Level 1:colcon.colcon_core.package_identification:_identify(build) ignored
[0.390s] Level 1:colcon.colcon_core.package_identification:_identify(install) by extensions ['ignore', 'ignore_ament_install']
[0.390s] Level 1:colcon.colcon_core.package_identification:_identify(install) by extension 'ignore'
[0.390s] Level 1:colcon.colcon_core.package_identification:_identify(install) ignored
[0.390s] Level 1:colcon.colcon_core.package_identification:_identify(log) by extensions ['ignore', 'ignore_ament_install']
[0.391s] Level 1:colcon.colcon_core.package_identification:_identify(log) by extension 'ignore'
[0.391s] Level 1:colcon.colcon_core.package_identification:_identify(log) ignored
[0.391s] Level 1:colcon.colcon_core.package_identification:_identify(simulation) by extensions ['ignore', 'ignore_ament_install']
[0.391s] Level 1:colcon.colcon_core.package_identification:_identify(simulation) by extension 'ignore'
[0.391s] Level 1:colcon.colcon_core.package_identification:_identify(simulation) by extension 'ignore_ament_install'
[0.391s] Level 1:colcon.colcon_core.package_identification:_identify(simulation) by extensions ['colcon_pkg']
[0.391s] Level 1:colcon.colcon_core.package_identification:_identify(simulation) by extension 'colcon_pkg'
[0.391s] Level 1:colcon.colcon_core.package_identification:_identify(simulation) by extensions ['colcon_meta']
[0.391s] Level 1:colcon.colcon_core.package_identification:_identify(simulation) by extension 'colcon_meta'
[0.391s] Level 1:colcon.colcon_core.package_identification:_identify(simulation) by extensions ['ros']
[0.391s] Level 1:colcon.colcon_core.package_identification:_identify(simulation) by extension 'ros'
[0.392s] Level 1:colcon.colcon_core.package_identification:_identify(simulation) by extensions ['cmake', 'python']
[0.392s] Level 1:colcon.colcon_core.package_identification:_identify(simulation) by extension 'cmake'
[0.392s] Level 1:colcon.colcon_core.package_identification:_identify(simulation) by extension 'python'
[0.392s] Level 1:colcon.colcon_core.package_identification:_identify(simulation) by extensions ['python_setup_py']
[0.392s] Level 1:colcon.colcon_core.package_identification:_identify(simulation) by extension 'python_setup_py'
[0.392s] Level 1:colcon.colcon_core.package_identification:_identify(simulation/models) by extensions ['ignore', 'ignore_ament_install']
[0.392s] Level 1:colcon.colcon_core.package_identification:_identify(simulation/models) by extension 'ignore'
[0.392s] Level 1:colcon.colcon_core.package_identification:_identify(simulation/models) by extension 'ignore_ament_install'
[0.392s] Level 1:colcon.colcon_core.package_identification:_identify(simulation/models) by extensions ['colcon_pkg']
[0.392s] Level 1:colcon.colcon_core.package_identification:_identify(simulation/models) by extension 'colcon_pkg'
[0.393s] Level 1:colcon.colcon_core.package_identification:_identify(simulation/models) by extensions ['colcon_meta']
[0.393s] Level 1:colcon.colcon_core.package_identification:_identify(simulation/models) by extension 'colcon_meta'
[0.393s] Level 1:colcon.colcon_core.package_identification:_identify(simulation/models) by extensions ['ros']
[0.393s] Level 1:colcon.colcon_core.package_identification:_identify(simulation/models) by extension 'ros'
[0.393s] Level 1:colcon.colcon_core.package_identification:_identify(simulation/models) by extensions ['cmake', 'python']
[0.393s] Level 1:colcon.colcon_core.package_identification:_identify(simulation/models) by extension 'cmake'
[0.393s] Level 1:colcon.colcon_core.package_identification:_identify(simulation/models) by extension 'python'
[0.393s] Level 1:colcon.colcon_core.package_identification:_identify(simulation/models) by extensions ['python_setup_py']
[0.393s] Level 1:colcon.colcon_core.package_identification:_identify(simulation/models) by extension 'python_setup_py'
[0.393s] Level 1:colcon.colcon_core.package_identification:_identify(simulation/models/avaj_car) by extensions ['ignore', 'ignore_ament_install']
[0.393s] Level 1:colcon.colcon_core.package_identification:_identify(simulation/models/avaj_car) by extension 'ignore'
[0.394s] Level 1:colcon.colcon_core.package_identification:_identify(simulation/models/avaj_car) by extension 'ignore_ament_install'
[0.394s] Level 1:colcon.colcon_core.package_identification:_identify(simulation/models/avaj_car) by extensions ['colcon_pkg']
[0.394s] Level 1:colcon.colcon_core.package_identification:_identify(simulation/models/avaj_car) by extension 'colcon_pkg'
[0.394s] Level 1:colcon.colcon_core.package_identification:_identify(simulation/models/avaj_car) by extensions ['colcon_meta']
[0.394s] Level 1:colcon.colcon_core.package_identification:_identify(simulation/models/avaj_car) by extension 'colcon_meta'
[0.394s] Level 1:colcon.colcon_core.package_identification:_identify(simulation/models/avaj_car) by extensions ['ros']
[0.394s] Level 1:colcon.colcon_core.package_identification:_identify(simulation/models/avaj_car) by extension 'ros'
[0.394s] Level 1:colcon.colcon_core.package_identification:_identify(simulation/models/avaj_car) by extensions ['cmake', 'python']
[0.394s] Level 1:colcon.colcon_core.package_identification:_identify(simulation/models/avaj_car) by extension 'cmake'
[0.394s] Level 1:colcon.colcon_core.package_identification:_identify(simulation/models/avaj_car) by extension 'python'
[0.394s] Level 1:colcon.colcon_core.package_identification:_identify(simulation/models/avaj_car) by extensions ['python_setup_py']
[0.394s] Level 1:colcon.colcon_core.package_identification:_identify(simulation/models/avaj_car) by extension 'python_setup_py'
[0.395s] Level 1:colcon.colcon_core.package_identification:_identify(simulation/worlds) by extensions ['ignore', 'ignore_ament_install']
[0.395s] Level 1:colcon.colcon_core.package_identification:_identify(simulation/worlds) by extension 'ignore'
[0.395s] Level 1:colcon.colcon_core.package_identification:_identify(simulation/worlds) by extension 'ignore_ament_install'
[0.395s] Level 1:colcon.colcon_core.package_identification:_identify(simulation/worlds) by extensions ['colcon_pkg']
[0.395s] Level 1:colcon.colcon_core.package_identification:_identify(simulation/worlds) by extension 'colcon_pkg'
[0.395s] Level 1:colcon.colcon_core.package_identification:_identify(simulation/worlds) by extensions ['colcon_meta']
[0.395s] Level 1:colcon.colcon_core.package_identification:_identify(simulation/worlds) by extension 'colcon_meta'
[0.395s] Level 1:colcon.colcon_core.package_identification:_identify(simulation/worlds) by extensions ['ros']
[0.395s] Level 1:colcon.colcon_core.package_identification:_identify(simulation/worlds) by extension 'ros'
[0.395s] Level 1:colcon.colcon_core.package_identification:_identify(simulation/worlds) by extensions ['cmake', 'python']
[0.395s] Level 1:colcon.colcon_core.package_identification:_identify(simulation/worlds) by extension 'cmake'
[0.395s] Level 1:colcon.colcon_core.package_identification:_identify(simulation/worlds) by extension 'python'
[0.396s] Level 1:colcon.colcon_core.package_identification:_identify(simulation/worlds) by extensions ['python_setup_py']
[0.396s] Level 1:colcon.colcon_core.package_identification:_identify(simulation/worlds) by extension 'python_setup_py'
[0.396s] Level 1:colcon.colcon_core.package_identification:_identify(src) by extensions ['ignore', 'ignore_ament_install']
[0.396s] Level 1:colcon.colcon_core.package_identification:_identify(src) by extension 'ignore'
[0.396s] Level 1:colcon.colcon_core.package_identification:_identify(src) by extension 'ignore_ament_install'
[0.396s] Level 1:colcon.colcon_core.package_identification:_identify(src) by extensions ['colcon_pkg']
[0.396s] Level 1:colcon.colcon_core.package_identification:_identify(src) by extension 'colcon_pkg'
[0.396s] Level 1:colcon.colcon_core.package_identification:_identify(src) by extensions ['colcon_meta']
[0.396s] Level 1:colcon.colcon_core.package_identification:_identify(src) by extension 'colcon_meta'
[0.396s] Level 1:colcon.colcon_core.package_identification:_identify(src) by extensions ['ros']
[0.396s] Level 1:colcon.colcon_core.package_identification:_identify(src) by extension 'ros'
[0.396s] Level 1:colcon.colcon_core.package_identification:_identify(src) by extensions ['cmake', 'python']
[0.397s] Level 1:colcon.colcon_core.package_identification:_identify(src) by extension 'cmake'
[0.397s] Level 1:colcon.colcon_core.package_identification:_identify(src) by extension 'python'
[0.397s] Level 1:colcon.colcon_core.package_identification:_identify(src) by extensions ['python_setup_py']
[0.397s] Level 1:colcon.colcon_core.package_identification:_identify(src) by extension 'python_setup_py'
[0.397s] Level 1:colcon.colcon_core.package_identification:_identify(src/avaj_car_control) by extensions ['ignore', 'ignore_ament_install']
[0.397s] Level 1:colcon.colcon_core.package_identification:_identify(src/avaj_car_control) by extension 'ignore'
[0.397s] Level 1:colcon.colcon_core.package_identification:_identify(src/avaj_car_control) by extension 'ignore_ament_install'
[0.397s] Level 1:colcon.colcon_core.package_identification:_identify(src/avaj_car_control) by extensions ['colcon_pkg']
[0.397s] Level 1:colcon.colcon_core.package_identification:_identify(src/avaj_car_control) by extension 'colcon_pkg'
[0.397s] Level 1:colcon.colcon_core.package_identification:_identify(src/avaj_car_control) by extensions ['colcon_meta']
[0.397s] Level 1:colcon.colcon_core.package_identification:_identify(src/avaj_car_control) by extension 'colcon_meta'
[0.397s] Level 1:colcon.colcon_core.package_identification:_identify(src/avaj_car_control) by extensions ['ros']
[0.398s] Level 1:colcon.colcon_core.package_identification:_identify(src/avaj_car_control) by extension 'ros'
[0.403s] DEBUG:colcon.colcon_core.package_identification:Package 'src/avaj_car_control' with type 'ros.ament_cmake' and name 'avaj_car_control'
[0.403s] Level 1:colcon.colcon_core.package_identification:_identify(src/bno08x_driver) by extensions ['ignore', 'ignore_ament_install']
[0.403s] Level 1:colcon.colcon_core.package_identification:_identify(src/bno08x_driver) by extension 'ignore'
[0.404s] Level 1:colcon.colcon_core.package_identification:_identify(src/bno08x_driver) by extension 'ignore_ament_install'
[0.404s] Level 1:colcon.colcon_core.package_identification:_identify(src/bno08x_driver) by extensions ['colcon_pkg']
[0.404s] Level 1:colcon.colcon_core.package_identification:_identify(src/bno08x_driver) by extension 'colcon_pkg'
[0.404s] Level 1:colcon.colcon_core.package_identification:_identify(src/bno08x_driver) by extensions ['colcon_meta']
[0.404s] Level 1:colcon.colcon_core.package_identification:_identify(src/bno08x_driver) by extension 'colcon_meta'
[0.404s] Level 1:colcon.colcon_core.package_identification:_identify(src/bno08x_driver) by extensions ['ros']
[0.404s] Level 1:colcon.colcon_core.package_identification:_identify(src/bno08x_driver) by extension 'ros'
[0.405s] DEBUG:colcon.colcon_core.package_identification:Package 'src/bno08x_driver' with type 'ros.ament_cmake' and name 'bno08x_driver'
[0.405s] Level 1:colcon.colcon_core.package_identification:_identify(src/ldlidar_stl_ros2) by extensions ['ignore', 'ignore_ament_install']
[0.406s] Level 1:colcon.colcon_core.package_identification:_identify(src/ldlidar_stl_ros2) by extension 'ignore'
[0.406s] Level 1:colcon.colcon_core.package_identification:_identify(src/ldlidar_stl_ros2) by extension 'ignore_ament_install'
[0.406s] Level 1:colcon.colcon_core.package_identification:_identify(src/ldlidar_stl_ros2) by extensions ['colcon_pkg']
[0.406s] Level 1:colcon.colcon_core.package_identification:_identify(src/ldlidar_stl_ros2) by extension 'colcon_pkg'
[0.406s] Level 1:colcon.colcon_core.package_identification:_identify(src/ldlidar_stl_ros2) by extensions ['colcon_meta']
[0.406s] Level 1:colcon.colcon_core.package_identification:_identify(src/ldlidar_stl_ros2) by extension 'colcon_meta'
[0.406s] Level 1:colcon.colcon_core.package_identification:_identify(src/ldlidar_stl_ros2) by extensions ['ros']
[0.406s] Level 1:colcon.colcon_core.package_identification:_identify(src/ldlidar_stl_ros2) by extension 'ros'
[0.407s] DEBUG:colcon.colcon_core.package_identification:Package 'src/ldlidar_stl_ros2' with type 'ros.ament_cmake' and name 'ldlidar_stl_ros2'
[0.407s] Level 1:colcon.colcon_core.package_discovery:discover_packages(recursive) using defaults
[0.408s] Level 1:colcon.colcon_core.package_discovery:discover_packages(ignore) discover
[0.408s] Level 1:colcon.colcon_core.package_discovery:discover_packages(ignore) using defaults
[0.408s] Level 1:colcon.colcon_core.package_discovery:discover_packages(path) discover
[0.408s] Level 1:colcon.colcon_core.package_discovery:discover_packages(path) using defaults
[0.446s] INFO:colcon.colcon_core.package_selection:Skipping not selected package 'bno08x_driver' in 'src/bno08x_driver'
[0.446s] INFO:colcon.colcon_core.package_selection:Skipping not selected package 'ldlidar_stl_ros2' in 'src/ldlidar_stl_ros2'
[0.446s] Level 5:colcon.colcon_core.verb:set package 'avaj_car_control' build argument 'cmake_args' from command line to 'None'
[0.447s] Level 5:colcon.colcon_core.verb:set package 'avaj_car_control' build argument 'cmake_target' from command line to 'None'
[0.447s] Level 5:colcon.colcon_core.verb:set package 'avaj_car_control' build argument 'cmake_target_skip_unavailable' from command line to 'False'
[0.447s] Level 5:colcon.colcon_core.verb:set package 'avaj_car_control' build argument 'cmake_clean_cache' from command line to 'False'
[0.447s] Level 5:colcon.colcon_core.verb:set package 'avaj_car_control' build argument 'cmake_clean_first' from command line to 'False'
[0.447s] Level 5:colcon.colcon_core.verb:set package 'avaj_car_control' build argument 'cmake_force_configure' from command line to 'False'
[0.447s] Level 5:colcon.colcon_core.verb:set package 'avaj_car_control' build argument 'ament_cmake_args' from command line to 'None'
[0.447s] Level 5:colcon.colcon_core.verb:set package 'avaj_car_control' build argument 'catkin_cmake_args' from command line to 'None'
[0.447s] Level 5:colcon.colcon_core.verb:set package 'avaj_car_control' build argument 'catkin_skip_building_tests' from command line to 'False'
[0.447s] DEBUG:colcon.colcon_core.verb:Building package 'avaj_car_control' with the following arguments: {'ament_cmake_args': None, 'build_base': '/workspace/build/avaj_car_control', 'catkin_cmake_args': None, 'catkin_skip_building_tests': False, 'cmake_args': None, 'cmake_clean_cache': False, 'cmake_clean_first': False, 'cmake_force_configure': False, 'cmake_target': None, 'cmake_target_skip_unavailable': False, 'install_base': '/workspace/install/avaj_car_control', 'merge_install': False, 'path': '/workspace/src/avaj_car_control', 'symlink_install': True, 'test_result_base': None}
[0.447s] INFO:colcon.colcon_core.executor:Executing jobs using 'parallel' executor
[0.449s] DEBUG:colcon.colcon_parallel_executor.executor.parallel:run_until_complete
[0.450s] INFO:colcon.colcon_ros.task.ament_cmake.build:Building ROS package in '/workspace/src/avaj_car_control' with build type 'ament_cmake'
[0.451s] INFO:colcon.colcon_cmake.task.cmake.build:Building CMake package in '/workspace/src/avaj_car_control'
[0.455s] INFO:colcon.colcon_core.plugin_system:Skipping extension 'colcon_core.shell.bat': Not used on non-Windows systems
[0.455s] INFO:colcon.colcon_core.shell:Skip shell extension 'powershell' for command environment: Not usable outside of PowerShell
[0.455s] DEBUG:colcon.colcon_core.shell:Skip shell extension 'dsv' for command environment
[0.475s] DEBUG:colcon.colcon_core.event_handler.log_command:Invoking command in '/workspace/build/avaj_car_control': CMAKE_PREFIX_PATH=${CMAKE_PREFIX_PATH}:/opt/ros/jazzy /usr/bin/cmake --build /workspace/build/avaj_car_control -- -j8 -l8
[1.356s] DEBUG:colcon.colcon_core.event_handler.log_command:Invoked command in '/workspace/build/avaj_car_control' returned '0': CMAKE_PREFIX_PATH=${CMAKE_PREFIX_PATH}:/opt/ros/jazzy /usr/bin/cmake --build /workspace/build/avaj_car_control -- -j8 -l8
[1.379s] DEBUG:colcon.colcon_core.event_handler.log_command:Invoking command in '/workspace/build/avaj_car_control': CMAKE_PREFIX_PATH=${CMAKE_PREFIX_PATH}:/opt/ros/jazzy /usr/bin/cmake --install /workspace/build/avaj_car_control
[1.541s] Level 1:colcon.colcon_core.environment:create_environment_scripts_only(avaj_car_control)
[1.547s] Level 1:colcon.colcon_core.environment:checking '/workspace/install/avaj_car_control' for CMake module files
[1.549s] DEBUG:colcon.colcon_core.event_handler.log_command:Invoked command in '/workspace/build/avaj_car_control' returned '0': CMAKE_PREFIX_PATH=${CMAKE_PREFIX_PATH}:/opt/ros/jazzy /usr/bin/cmake --install /workspace/build/avaj_car_control
[1.550s] Level 1:colcon.colcon_core.environment:checking '/workspace/install/avaj_car_control' for CMake config files
[1.551s] Level 1:colcon.colcon_core.shell:create_environment_hook('avaj_car_control', 'cmake_prefix_path')
[1.552s] INFO:colcon.colcon_core.shell:Creating environment hook '/workspace/install/avaj_car_control/share/avaj_car_control/hook/cmake_prefix_path.ps1'
[1.554s] INFO:colcon.colcon_core.shell:Creating environment descriptor '/workspace/install/avaj_car_control/share/avaj_car_control/hook/cmake_prefix_path.dsv'
[1.555s] INFO:colcon.colcon_core.shell:Creating environment hook '/workspace/install/avaj_car_control/share/avaj_car_control/hook/cmake_prefix_path.sh'
[1.557s] Level 1:colcon.colcon_core.environment:checking '/workspace/install/avaj_car_control/lib'
[1.557s] Level 1:colcon.colcon_core.shell:create_environment_hook('avaj_car_control', 'ld_library_path_lib')
[1.557s] INFO:colcon.colcon_core.shell:Creating environment hook '/workspace/install/avaj_car_control/share/avaj_car_control/hook/ld_library_path_lib.ps1'
[1.558s] INFO:colcon.colcon_core.shell:Creating environment descriptor '/workspace/install/avaj_car_control/share/avaj_car_control/hook/ld_library_path_lib.dsv'
[1.559s] INFO:colcon.colcon_core.shell:Creating environment hook '/workspace/install/avaj_car_control/share/avaj_car_control/hook/ld_library_path_lib.sh'
[1.560s] Level 1:colcon.colcon_core.environment:checking '/workspace/install/avaj_car_control/bin'
[1.560s] Level 1:colcon.colcon_core.environment:checking '/workspace/install/avaj_car_control/lib/pkgconfig/avaj_car_control.pc'
[1.569s] Level 1:colcon.colcon_core.environment:checking '/workspace/install/avaj_car_control/lib/python3.12/site-packages'
[1.570s] Level 1:colcon.colcon_core.shell:create_environment_hook('avaj_car_control', 'pythonpath')
[1.570s] INFO:colcon.colcon_core.shell:Creating environment hook '/workspace/install/avaj_car_control/share/avaj_car_control/hook/pythonpath.ps1'
[1.571s] INFO:colcon.colcon_core.shell:Creating environment descriptor '/workspace/install/avaj_car_control/share/avaj_car_control/hook/pythonpath.dsv'
[1.572s] INFO:colcon.colcon_core.shell:Creating environment hook '/workspace/install/avaj_car_control/share/avaj_car_control/hook/pythonpath.sh'
[1.574s] Level 1:colcon.colcon_core.environment:checking '/workspace/install/avaj_car_control/bin'
[1.574s] INFO:colcon.colcon_core.shell:Creating package script '/workspace/install/avaj_car_control/share/avaj_car_control/package.ps1'
[1.576s] INFO:colcon.colcon_core.shell:Creating package descriptor '/workspace/install/avaj_car_control/share/avaj_car_control/package.dsv'
[1.577s] INFO:colcon.colcon_core.shell:Creating package script '/workspace/install/avaj_car_control/share/avaj_car_control/package.sh'
[1.578s] INFO:colcon.colcon_core.shell:Creating package script '/workspace/install/avaj_car_control/share/avaj_car_control/package.bash'
[1.579s] INFO:colcon.colcon_core.shell:Creating package script '/workspace/install/avaj_car_control/share/avaj_car_control/package.zsh'
[1.581s] Level 1:colcon.colcon_core.environment:create_file_with_runtime_dependencies(/workspace/install/avaj_car_control/share/colcon-core/packages/avaj_car_control)
[1.582s] Level 1:colcon.colcon_core.environment:create_environment_scripts_only(avaj_car_control)
[1.582s] Level 1:colcon.colcon_core.environment:checking '/workspace/install/avaj_car_control' for CMake module files
[1.583s] Level 1:colcon.colcon_core.environment:checking '/workspace/install/avaj_car_control' for CMake config files
[1.585s] Level 1:colcon.colcon_core.shell:create_environment_hook('avaj_car_control', 'cmake_prefix_path')
[1.585s] INFO:colcon.colcon_core.shell:Creating environment hook '/workspace/install/avaj_car_control/share/avaj_car_control/hook/cmake_prefix_path.ps1'
[1.586s] INFO:colcon.colcon_core.shell:Creating environment descriptor '/workspace/install/avaj_car_control/share/avaj_car_control/hook/cmake_prefix_path.dsv'
[1.587s] INFO:colcon.colcon_core.shell:Creating environment hook '/workspace/install/avaj_car_control/share/avaj_car_control/hook/cmake_prefix_path.sh'
[1.588s] Level 1:colcon.colcon_core.environment:checking '/workspace/install/avaj_car_control/lib'
[1.588s] Level 1:colcon.colcon_core.shell:create_environment_hook('avaj_car_control', 'ld_library_path_lib')
[1.588s] INFO:colcon.colcon_core.shell:Creating environment hook '/workspace/install/avaj_car_control/share/avaj_car_control/hook/ld_library_path_lib.ps1'
[1.589s] INFO:colcon.colcon_core.shell:Creating environment descriptor '/workspace/install/avaj_car_control/share/avaj_car_control/hook/ld_library_path_lib.dsv'
[1.590s] INFO:colcon.colcon_core.shell:Creating environment hook '/workspace/install/avaj_car_control/share/avaj_car_control/hook/ld_library_path_lib.sh'
[1.591s] Level 1:colcon.colcon_core.environment:checking '/workspace/install/avaj_car_control/bin'
[1.591s] Level 1:colcon.colcon_core.environment:checking '/workspace/install/avaj_car_control/lib/pkgconfig/avaj_car_control.pc'
[1.591s] Level 1:colcon.colcon_core.environment:checking '/workspace/install/avaj_car_control/lib/python3.12/site-packages'
[1.592s] Level 1:colcon.colcon_core.shell:create_environment_hook('avaj_car_control', 'pythonpath')
[1.592s] INFO:colcon.colcon_core.shell:Creating environment hook '/workspace/install/avaj_car_control/share/avaj_car_control/hook/pythonpath.ps1'
[1.593s] INFO:colcon.colcon_core.shell:Creating environment descriptor '/workspace/install/avaj_car_control/share/avaj_car_control/hook/pythonpath.dsv'
[1.593s] INFO:colcon.colcon_core.shell:Creating environment hook '/workspace/install/avaj_car_control/share/avaj_car_control/hook/pythonpath.sh'
[1.595s] Level 1:colcon.colcon_core.environment:checking '/workspace/install/avaj_car_control/bin'
[1.595s] INFO:colcon.colcon_core.shell:Creating package script '/workspace/install/avaj_car_control/share/avaj_car_control/package.ps1'
[1.597s] INFO:colcon.colcon_core.shell:Creating package descriptor '/workspace/install/avaj_car_control/share/avaj_car_control/package.dsv'
[1.598s] INFO:colcon.colcon_core.shell:Creating package script '/workspace/install/avaj_car_control/share/avaj_car_control/package.sh'
[1.599s] INFO:colcon.colcon_core.shell:Creating package script '/workspace/install/avaj_car_control/share/avaj_car_control/package.bash'
[1.600s] INFO:colcon.colcon_core.shell:Creating package script '/workspace/install/avaj_car_control/share/avaj_car_control/package.zsh'
[1.601s] Level 1:colcon.colcon_core.environment:create_file_with_runtime_dependencies(/workspace/install/avaj_car_control/share/colcon-core/packages/avaj_car_control)
[1.602s] DEBUG:colcon.colcon_parallel_executor.executor.parallel:closing loop
[1.603s] DEBUG:colcon.colcon_parallel_executor.executor.parallel:loop closed
[1.603s] DEBUG:colcon.colcon_parallel_executor.executor.parallel:run_until_complete finished with '0'
[1.603s] DEBUG:colcon.colcon_core.event_reactor:joining thread
[1.622s] INFO:colcon.colcon_core.plugin_system:Skipping extension 'colcon_notification.desktop_notification.notify_send': Could not find 'notify-send'
[1.622s] INFO:colcon.colcon_core.plugin_system:Skipping extension 'colcon_notification.desktop_notification.terminal_notifier': Not used on non-Darwin systems
[1.622s] INFO:colcon.colcon_core.plugin_system:Skipping extension 'colcon_notification.desktop_notification.win32': Not used on non-Windows systems
[1.622s] INFO:colcon.colcon_notification.desktop_notification:Sending desktop notification using 'notify2'
[1.628s] DEBUG:colcon.colcon_notification.desktop_notification.notify2:Failed to initialize notify2: org.freedesktop.DBus.Error.Spawn.ExecFailed: /usr/bin/dbus-launch terminated abnormally without any error message
[1.628s] DEBUG:colcon.colcon_core.event_reactor:joined thread
[1.629s] INFO:colcon.colcon_core.shell:Creating prefix script '/workspace/install/local_setup.ps1'
[1.632s] INFO:colcon.colcon_core.shell:Creating prefix util module '/workspace/install/_local_setup_util_ps1.py'
[1.635s] INFO:colcon.colcon_core.shell:Creating prefix chain script '/workspace/install/setup.ps1'
[1.637s] INFO:colcon.colcon_core.shell:Creating prefix script '/workspace/install/local_setup.sh'
[1.639s] INFO:colcon.colcon_core.shell:Creating prefix util module '/workspace/install/_local_setup_util_sh.py'
[1.640s] INFO:colcon.colcon_core.shell:Creating prefix chain script '/workspace/install/setup.sh'
[1.642s] INFO:colcon.colcon_core.shell:Creating prefix script '/workspace/install/local_setup.bash'
[1.643s] INFO:colcon.colcon_core.shell:Creating prefix chain script '/workspace/install/setup.bash'
[1.645s] INFO:colcon.colcon_core.shell:Creating prefix script '/workspace/install/local_setup.zsh'
[1.646s] INFO:colcon.colcon_core.shell:Creating prefix chain script '/workspace/install/setup.zsh'
