[0.030s] Invoking command in '/workspace/build/avaj_slam': CMAKE_PREFIX_PATH=${CMAKE_PREFIX_PATH}:/opt/ros/jazzy /usr/bin/cmake --build /workspace/build/avaj_slam -- -j8 -l8
[0.125s] Invoked command in '/workspace/build/avaj_slam' returned '0': CMAKE_PREFIX_PATH=${CMAKE_PREFIX_PATH}:/opt/ros/jazzy /usr/bin/cmake --build /workspace/build/avaj_slam -- -j8 -l8
[0.150s] Invoking command in '/workspace/build/avaj_slam': CMAKE_PREFIX_PATH=${CMAKE_PREFIX_PATH}:/opt/ros/jazzy /usr/bin/cmake --install /workspace/build/avaj_slam
[0.170s] -- Install configuration: ""
[0.170s] -- Execute custom install script
[0.171s] -- Up-to-date symlink: /workspace/install/avaj_slam/share/avaj_slam/launch/slam.launch.py
[0.172s] -- Up-to-date symlink: /workspace/install/avaj_slam/share/avaj_slam/config/ekf_sim.yaml
[0.172s] -- Up-to-date symlink: /workspace/install/avaj_slam/share/avaj_slam/config/slam_params.yaml
[0.172s] -- Up-to-date symlink: /workspace/install/avaj_slam/share/avaj_slam/urdf/avaj_car.urdf
[0.173s] -- Up-to-date symlink: /workspace/install/avaj_slam/share/avaj_slam/scripts/save_map.sh
[0.173s] -- Up-to-date symlink: /workspace/install/avaj_slam/lib/avaj_slam/save_map.sh
[0.173s] -- Up-to-date symlink: /workspace/install/avaj_slam/share/ament_index/resource_index/package_run_dependencies/avaj_slam
[0.174s] -- Up-to-date symlink: /workspace/install/avaj_slam/share/ament_index/resource_index/parent_prefix_path/avaj_slam
[0.174s] -- Up-to-date symlink: /workspace/install/avaj_slam/share/avaj_slam/environment/ament_prefix_path.sh
[0.174s] -- Up-to-date symlink: /workspace/install/avaj_slam/share/avaj_slam/environment/ament_prefix_path.dsv
[0.175s] -- Up-to-date symlink: /workspace/install/avaj_slam/share/avaj_slam/environment/path.sh
[0.175s] -- Up-to-date symlink: /workspace/install/avaj_slam/share/avaj_slam/environment/path.dsv
[0.175s] -- Up-to-date symlink: /workspace/install/avaj_slam/share/avaj_slam/local_setup.bash
[0.175s] -- Up-to-date symlink: /workspace/install/avaj_slam/share/avaj_slam/local_setup.sh
[0.176s] -- Up-to-date symlink: /workspace/install/avaj_slam/share/avaj_slam/local_setup.zsh
[0.176s] -- Up-to-date symlink: /workspace/install/avaj_slam/share/avaj_slam/local_setup.dsv
[0.176s] -- Symlinking: /workspace/install/avaj_slam/share/avaj_slam/package.dsv
[0.199s] -- Up-to-date symlink: /workspace/install/avaj_slam/share/ament_index/resource_index/packages/avaj_slam
[0.199s] -- Up-to-date symlink: /workspace/install/avaj_slam/share/avaj_slam/cmake/avaj_slamConfig.cmake
[0.199s] -- Up-to-date symlink: /workspace/install/avaj_slam/share/avaj_slam/cmake/avaj_slamConfig-version.cmake
[0.200s] -- Up-to-date symlink: /workspace/install/avaj_slam/share/avaj_slam/package.xml
[0.204s] Invoked command in '/workspace/build/avaj_slam' returned '0': CMAKE_PREFIX_PATH=${CMAKE_PREFIX_PATH}:/opt/ros/jazzy /usr/bin/cmake --install /workspace/build/avaj_slam
