[0.027s] Invoking command in '/workspace/build/control_center': CMAKE_PREFIX_PATH=/workspace/install/avaj_car_control:/workspace/install/ldlidar_stl_ros2:/workspace/install/control_center:/workspace/install/bno08x_driver:/opt/ros/jazzy/opt/gz_sim_vendor:/opt/ros/jazzy/opt/gz_sensors_vendor:/opt/ros/jazzy/opt/gz_physics_vendor:/opt/ros/jazzy/opt/sdformat_vendor:/opt/ros/jazzy/opt/gz_gui_vendor:/opt/ros/jazzy/opt/gz_transport_vendor:/opt/ros/jazzy/opt/gz_rendering_vendor:/opt/ros/jazzy/opt/gz_plugin_vendor:/opt/ros/jazzy/opt/gz_fuel_tools_vendor:/opt/ros/jazzy/opt/gz_msgs_vendor:/opt/ros/jazzy/opt/gz_common_vendor:/opt/ros/jazzy/opt/gz_math_vendor:/opt/ros/jazzy/opt/gz_utils_vendor:/opt/ros/jazzy/opt/gz_tools_vendor:/opt/ros/jazzy/opt/gz_ogre_next_vendor:/opt/ros/jazzy/opt/gz_dartsim_vendor:/opt/ros/jazzy/opt/gz_cmake_vendor:/opt/ros/jazzy /usr/bin/cmake --build /workspace/build/control_center -- -j8 -l8
[0.188s] [100%] Built target control_center
[0.214s] Invoked command in '/workspace/build/control_center' returned '0': CMAKE_PREFIX_PATH=/workspace/install/avaj_car_control:/workspace/install/ldlidar_stl_ros2:/workspace/install/control_center:/workspace/install/bno08x_driver:/opt/ros/jazzy/opt/gz_sim_vendor:/opt/ros/jazzy/opt/gz_sensors_vendor:/opt/ros/jazzy/opt/gz_physics_vendor:/opt/ros/jazzy/opt/sdformat_vendor:/opt/ros/jazzy/opt/gz_gui_vendor:/opt/ros/jazzy/opt/gz_transport_vendor:/opt/ros/jazzy/opt/gz_rendering_vendor:/opt/ros/jazzy/opt/gz_plugin_vendor:/opt/ros/jazzy/opt/gz_fuel_tools_vendor:/opt/ros/jazzy/opt/gz_msgs_vendor:/opt/ros/jazzy/opt/gz_common_vendor:/opt/ros/jazzy/opt/gz_math_vendor:/opt/ros/jazzy/opt/gz_utils_vendor:/opt/ros/jazzy/opt/gz_tools_vendor:/opt/ros/jazzy/opt/gz_ogre_next_vendor:/opt/ros/jazzy/opt/gz_dartsim_vendor:/opt/ros/jazzy/opt/gz_cmake_vendor:/opt/ros/jazzy /usr/bin/cmake --build /workspace/build/control_center -- -j8 -l8
[0.236s] Invoking command in '/workspace/build/control_center': CMAKE_PREFIX_PATH=/workspace/install/avaj_car_control:/workspace/install/ldlidar_stl_ros2:/workspace/install/control_center:/workspace/install/bno08x_driver:/opt/ros/jazzy/opt/gz_sim_vendor:/opt/ros/jazzy/opt/gz_sensors_vendor:/opt/ros/jazzy/opt/gz_physics_vendor:/opt/ros/jazzy/opt/sdformat_vendor:/opt/ros/jazzy/opt/gz_gui_vendor:/opt/ros/jazzy/opt/gz_transport_vendor:/opt/ros/jazzy/opt/gz_rendering_vendor:/opt/ros/jazzy/opt/gz_plugin_vendor:/opt/ros/jazzy/opt/gz_fuel_tools_vendor:/opt/ros/jazzy/opt/gz_msgs_vendor:/opt/ros/jazzy/opt/gz_common_vendor:/opt/ros/jazzy/opt/gz_math_vendor:/opt/ros/jazzy/opt/gz_utils_vendor:/opt/ros/jazzy/opt/gz_tools_vendor:/opt/ros/jazzy/opt/gz_ogre_next_vendor:/opt/ros/jazzy/opt/gz_dartsim_vendor:/opt/ros/jazzy/opt/gz_cmake_vendor:/opt/ros/jazzy /usr/bin/cmake --install /workspace/build/control_center
[0.255s] -- Install configuration: ""
[0.255s] -- Execute custom install script
[0.256s] -- Up-to-date symlink: /workspace/install/control_center/lib/control_center/control_center
[0.256s] -- Up-to-date symlink: /workspace/install/control_center/share/ament_index/resource_index/package_run_dependencies/control_center
[0.256s] -- Up-to-date symlink: /workspace/install/control_center/share/ament_index/resource_index/parent_prefix_path/control_center
[0.257s] -- Up-to-date symlink: /workspace/install/control_center/share/control_center/environment/ament_prefix_path.sh
[0.257s] -- Up-to-date symlink: /workspace/install/control_center/share/control_center/environment/ament_prefix_path.dsv
[0.257s] -- Up-to-date symlink: /workspace/install/control_center/share/control_center/environment/path.sh
[0.257s] -- Up-to-date symlink: /workspace/install/control_center/share/control_center/environment/path.dsv
[0.257s] -- Up-to-date symlink: /workspace/install/control_center/share/control_center/local_setup.bash
[0.259s] -- Up-to-date symlink: /workspace/install/control_center/share/control_center/local_setup.sh
[0.259s] -- Up-to-date symlink: /workspace/install/control_center/share/control_center/local_setup.zsh
[0.259s] -- Up-to-date symlink: /workspace/install/control_center/share/control_center/local_setup.dsv
[0.259s] -- Symlinking: /workspace/install/control_center/share/control_center/package.dsv
[0.280s] -- Up-to-date symlink: /workspace/install/control_center/share/ament_index/resource_index/packages/control_center
[0.280s] -- Up-to-date symlink: /workspace/install/control_center/share/control_center/cmake/control_centerConfig.cmake
[0.280s] -- Up-to-date symlink: /workspace/install/control_center/share/control_center/cmake/control_centerConfig-version.cmake
[0.281s] -- Up-to-date symlink: /workspace/install/control_center/share/control_center/package.xml
[0.284s] Invoked command in '/workspace/build/control_center' returned '0': CMAKE_PREFIX_PATH=/workspace/install/avaj_car_control:/workspace/install/ldlidar_stl_ros2:/workspace/install/control_center:/workspace/install/bno08x_driver:/opt/ros/jazzy/opt/gz_sim_vendor:/opt/ros/jazzy/opt/gz_sensors_vendor:/opt/ros/jazzy/opt/gz_physics_vendor:/opt/ros/jazzy/opt/sdformat_vendor:/opt/ros/jazzy/opt/gz_gui_vendor:/opt/ros/jazzy/opt/gz_transport_vendor:/opt/ros/jazzy/opt/gz_rendering_vendor:/opt/ros/jazzy/opt/gz_plugin_vendor:/opt/ros/jazzy/opt/gz_fuel_tools_vendor:/opt/ros/jazzy/opt/gz_msgs_vendor:/opt/ros/jazzy/opt/gz_common_vendor:/opt/ros/jazzy/opt/gz_math_vendor:/opt/ros/jazzy/opt/gz_utils_vendor:/opt/ros/jazzy/opt/gz_tools_vendor:/opt/ros/jazzy/opt/gz_ogre_next_vendor:/opt/ros/jazzy/opt/gz_dartsim_vendor:/opt/ros/jazzy/opt/gz_cmake_vendor:/opt/ros/jazzy /usr/bin/cmake --install /workspace/build/control_center
