[0.000000] (-) TimerEvent: {}
[0.000313] (-) JobUnselected: {'identifier': 'avaj_car_control'}
[0.000888] (-) JobUnselected: {'identifier': 'bno08x_driver'}
[0.001168] (-) JobUnselected: {'identifier': 'control_center'}
[0.001554] (-) JobUnselected: {'identifier': 'ldlidar_stl_ros2'}
[0.001655] (avaj_slam) JobQueued: {'identifier': 'avaj_slam', 'dependencies': OrderedDict()}
[0.001858] (avaj_slam) JobStarted: {'identifier': 'avaj_slam'}
[0.023829] (avaj_slam) JobProgress: {'identifier': 'avaj_slam', 'progress': 'cmake'}
[0.024989] (avaj_slam) JobProgress: {'identifier': 'avaj_slam', 'progress': 'build'}
[0.026229] (avaj_slam) Command: {'cmd': ['/usr/bin/cmake', '--build', '/workspace/build/avaj_slam', '--', '-j8', '-l8'], 'cwd': '/workspace/build/avaj_slam', 'env': OrderedDict({'GZ_SIM_RESOURCE_PATH': '/opt/ros/jazzy/share', 'GZ_CONFIG_PATH': '/opt/ros/jazzy/opt/gz_sim_vendor/share/gz:/opt/ros/jazzy/opt/sdformat_vendor/share/gz:/opt/ros/jazzy/opt/gz_gui_vendor/share/gz:/opt/ros/jazzy/opt/gz_transport_vendor/share/gz:/opt/ros/jazzy/opt/gz_rendering_vendor/share/gz:/opt/ros/jazzy/opt/gz_plugin_vendor/share/gz:/opt/ros/jazzy/opt/gz_fuel_tools_vendor/share/gz:/opt/ros/jazzy/opt/gz_msgs_vendor/share/gz:/opt/ros/jazzy/opt/gz_common_vendor/share/gz', 'HOSTNAME': 'avaj-desktop', 'SHLVL': '1', 'LD_LIBRARY_PATH': '/workspace/install/avaj_car_control/lib:/opt/ros/jazzy/opt/gz_sim_vendor/lib:/opt/ros/jazzy/opt/gz_sensors_vendor/lib:/opt/ros/jazzy/opt/gz_physics_vendor/lib:/opt/ros/jazzy/opt/sdformat_vendor/lib:/opt/ros/jazzy/opt/rviz_ogre_vendor/lib:/opt/ros/jazzy/lib/aarch64-linux-gnu:/opt/ros/jazzy/opt/gz_gui_vendor/lib:/opt/ros/jazzy/opt/gz_transport_vendor/lib:/opt/ros/jazzy/opt/gz_rendering_vendor/lib:/opt/ros/jazzy/opt/gz_plugin_vendor/lib:/opt/ros/jazzy/opt/gz_fuel_tools_vendor/lib:/opt/ros/jazzy/opt/gz_msgs_vendor/lib:/opt/ros/jazzy/opt/gz_common_vendor/lib:/opt/ros/jazzy/opt/gz_math_vendor/lib:/opt/ros/jazzy/opt/gz_utils_vendor/lib:/opt/ros/jazzy/opt/gz_tools_vendor/lib:/opt/ros/jazzy/opt/gz_ogre_next_vendor/lib:/opt/ros/jazzy/opt/gz_dartsim_vendor/lib:/opt/ros/jazzy/opt/gz_cmake_vendor/lib:/opt/ros/jazzy/lib', 'HOME': '/home/ubuntu', 'OLDPWD': '/workspace', 'ROS_PYTHON_VERSION': '3', 'COLCON_PREFIX_PATH': '/workspace/install', 'ROS_DISTRO': 'jazzy', '_': '/usr/bin/colcon', 'ROS_VERSION': '2', 'NVIDIA_DRIVER_CAPABILITIES': 'all', 'QT_X11_NO_MITSHM': '1', 'PATH': '/opt/ros/jazzy/opt/gz_msgs_vendor/bin:/opt/ros/jazzy/opt/gz_tools_vendor/bin:/opt/ros/jazzy/opt/gz_ogre_next_vendor/bin:/opt/ros/jazzy/bin:/usr/local/sbin:/usr/local/bin:/usr/sbin:/usr/bin:/sbin:/bin', 'DISPLAY': ':0', 'LANG': 'C.UTF-8', 'AMENT_PREFIX_PATH': '/workspace/install/ldlidar_stl_ros2:/workspace/install/control_center:/workspace/install/bno08x_driver:/workspace/install/avaj_slam:/workspace/install/avaj_car_control:/opt/ros/jazzy', 'ROS_AUTOMATIC_DISCOVERY_RANGE': 'SUBNET', 'PWD': '/workspace/build/avaj_slam', 'LC_ALL': 'C.UTF-8', 'PYTHONPATH': '/workspace/install/avaj_car_control/lib/python3.12/site-packages:/opt/ros/jazzy/lib/python3.12/site-packages', 'NVIDIA_VISIBLE_DEVICES': 'void', 'COLCON': '1', 'CMAKE_PREFIX_PATH': '/workspace/install/ldlidar_stl_ros2:/workspace/install/control_center:/workspace/install/bno08x_driver:/workspace/install/avaj_slam:/workspace/install/avaj_car_control:/opt/ros/jazzy/opt/gz_sim_vendor:/opt/ros/jazzy/opt/gz_sensors_vendor:/opt/ros/jazzy/opt/gz_physics_vendor:/opt/ros/jazzy/opt/sdformat_vendor:/opt/ros/jazzy/opt/gz_gui_vendor:/opt/ros/jazzy/opt/gz_transport_vendor:/opt/ros/jazzy/opt/gz_rendering_vendor:/opt/ros/jazzy/opt/gz_plugin_vendor:/opt/ros/jazzy/opt/gz_fuel_tools_vendor:/opt/ros/jazzy/opt/gz_msgs_vendor:/opt/ros/jazzy/opt/gz_common_vendor:/opt/ros/jazzy/opt/gz_math_vendor:/opt/ros/jazzy/opt/gz_utils_vendor:/opt/ros/jazzy/opt/gz_tools_vendor:/opt/ros/jazzy/opt/gz_ogre_next_vendor:/opt/ros/jazzy/opt/gz_dartsim_vendor:/opt/ros/jazzy/opt/gz_cmake_vendor:/opt/ros/jazzy'}), 'shell': False}
[0.099246] (-) TimerEvent: {}
[0.124261] (avaj_slam) CommandEnded: {'returncode': 0}
[0.126606] (avaj_slam) JobProgress: {'identifier': 'avaj_slam', 'progress': 'install'}
[0.152599] (avaj_slam) Command: {'cmd': ['/usr/bin/cmake', '--install', '/workspace/build/avaj_slam'], 'cwd': '/workspace/build/avaj_slam', 'env': OrderedDict({'GZ_SIM_RESOURCE_PATH': '/opt/ros/jazzy/share', 'GZ_CONFIG_PATH': '/opt/ros/jazzy/opt/gz_sim_vendor/share/gz:/opt/ros/jazzy/opt/sdformat_vendor/share/gz:/opt/ros/jazzy/opt/gz_gui_vendor/share/gz:/opt/ros/jazzy/opt/gz_transport_vendor/share/gz:/opt/ros/jazzy/opt/gz_rendering_vendor/share/gz:/opt/ros/jazzy/opt/gz_plugin_vendor/share/gz:/opt/ros/jazzy/opt/gz_fuel_tools_vendor/share/gz:/opt/ros/jazzy/opt/gz_msgs_vendor/share/gz:/opt/ros/jazzy/opt/gz_common_vendor/share/gz', 'HOSTNAME': 'avaj-desktop', 'SHLVL': '1', 'LD_LIBRARY_PATH': '/workspace/install/avaj_car_control/lib:/opt/ros/jazzy/opt/gz_sim_vendor/lib:/opt/ros/jazzy/opt/gz_sensors_vendor/lib:/opt/ros/jazzy/opt/gz_physics_vendor/lib:/opt/ros/jazzy/opt/sdformat_vendor/lib:/opt/ros/jazzy/opt/rviz_ogre_vendor/lib:/opt/ros/jazzy/lib/aarch64-linux-gnu:/opt/ros/jazzy/opt/gz_gui_vendor/lib:/opt/ros/jazzy/opt/gz_transport_vendor/lib:/opt/ros/jazzy/opt/gz_rendering_vendor/lib:/opt/ros/jazzy/opt/gz_plugin_vendor/lib:/opt/ros/jazzy/opt/gz_fuel_tools_vendor/lib:/opt/ros/jazzy/opt/gz_msgs_vendor/lib:/opt/ros/jazzy/opt/gz_common_vendor/lib:/opt/ros/jazzy/opt/gz_math_vendor/lib:/opt/ros/jazzy/opt/gz_utils_vendor/lib:/opt/ros/jazzy/opt/gz_tools_vendor/lib:/opt/ros/jazzy/opt/gz_ogre_next_vendor/lib:/opt/ros/jazzy/opt/gz_dartsim_vendor/lib:/opt/ros/jazzy/opt/gz_cmake_vendor/lib:/opt/ros/jazzy/lib', 'HOME': '/home/ubuntu', 'OLDPWD': '/workspace', 'ROS_PYTHON_VERSION': '3', 'COLCON_PREFIX_PATH': '/workspace/install', 'ROS_DISTRO': 'jazzy', '_': '/usr/bin/colcon', 'ROS_VERSION': '2', 'NVIDIA_DRIVER_CAPABILITIES': 'all', 'QT_X11_NO_MITSHM': '1', 'PATH': '/opt/ros/jazzy/opt/gz_msgs_vendor/bin:/opt/ros/jazzy/opt/gz_tools_vendor/bin:/opt/ros/jazzy/opt/gz_ogre_next_vendor/bin:/opt/ros/jazzy/bin:/usr/local/sbin:/usr/local/bin:/usr/sbin:/usr/bin:/sbin:/bin', 'DISPLAY': ':0', 'LANG': 'C.UTF-8', 'AMENT_PREFIX_PATH': '/workspace/install/ldlidar_stl_ros2:/workspace/install/control_center:/workspace/install/bno08x_driver:/workspace/install/avaj_slam:/workspace/install/avaj_car_control:/opt/ros/jazzy', 'ROS_AUTOMATIC_DISCOVERY_RANGE': 'SUBNET', 'PWD': '/workspace/build/avaj_slam', 'LC_ALL': 'C.UTF-8', 'PYTHONPATH': '/workspace/install/avaj_car_control/lib/python3.12/site-packages:/opt/ros/jazzy/lib/python3.12/site-packages', 'NVIDIA_VISIBLE_DEVICES': 'void', 'COLCON': '1', 'CMAKE_PREFIX_PATH': '/workspace/install/ldlidar_stl_ros2:/workspace/install/control_center:/workspace/install/bno08x_driver:/workspace/install/avaj_slam:/workspace/install/avaj_car_control:/opt/ros/jazzy/opt/gz_sim_vendor:/opt/ros/jazzy/opt/gz_sensors_vendor:/opt/ros/jazzy/opt/gz_physics_vendor:/opt/ros/jazzy/opt/sdformat_vendor:/opt/ros/jazzy/opt/gz_gui_vendor:/opt/ros/jazzy/opt/gz_transport_vendor:/opt/ros/jazzy/opt/gz_rendering_vendor:/opt/ros/jazzy/opt/gz_plugin_vendor:/opt/ros/jazzy/opt/gz_fuel_tools_vendor:/opt/ros/jazzy/opt/gz_msgs_vendor:/opt/ros/jazzy/opt/gz_common_vendor:/opt/ros/jazzy/opt/gz_math_vendor:/opt/ros/jazzy/opt/gz_utils_vendor:/opt/ros/jazzy/opt/gz_tools_vendor:/opt/ros/jazzy/opt/gz_ogre_next_vendor:/opt/ros/jazzy/opt/gz_dartsim_vendor:/opt/ros/jazzy/opt/gz_cmake_vendor:/opt/ros/jazzy'}), 'shell': False}
[0.171385] (avaj_slam) StdoutLine: {'line': b'-- Install configuration: ""\n'}
[0.172501] (avaj_slam) StdoutLine: {'line': b'-- Execute custom install script\n'}
[0.173047] (avaj_slam) StdoutLine: {'line': b'-- Up-to-date symlink: /workspace/install/avaj_slam/share/avaj_slam/launch/slam.launch.py\n'}
[0.173524] (avaj_slam) StdoutLine: {'line': b'-- Up-to-date symlink: /workspace/install/avaj_slam/share/avaj_slam/config/ekf_sim.yaml\n'}
[0.174155] (avaj_slam) StdoutLine: {'line': b'-- Up-to-date symlink: /workspace/install/avaj_slam/share/avaj_slam/config/slam_params.yaml\n'}
[0.174607] (avaj_slam) StdoutLine: {'line': b'-- Up-to-date symlink: /workspace/install/avaj_slam/share/avaj_slam/urdf/avaj_car.urdf\n'}
[0.175050] (avaj_slam) StdoutLine: {'line': b'-- Up-to-date symlink: /workspace/install/avaj_slam/share/avaj_slam/scripts/save_map.sh\n'}
[0.175607] (avaj_slam) StdoutLine: {'line': b'-- Up-to-date symlink: /workspace/install/avaj_slam/lib/avaj_slam/save_map.sh\n'}
[0.176029] (avaj_slam) StdoutLine: {'line': b'-- Up-to-date symlink: /workspace/install/avaj_slam/share/ament_index/resource_index/package_run_dependencies/avaj_slam\n'}
[0.176559] (avaj_slam) StdoutLine: {'line': b'-- Up-to-date symlink: /workspace/install/avaj_slam/share/ament_index/resource_index/parent_prefix_path/avaj_slam\n'}
[0.177077] (avaj_slam) StdoutLine: {'line': b'-- Up-to-date symlink: /workspace/install/avaj_slam/share/avaj_slam/environment/ament_prefix_path.sh\n'}
[0.177492] (avaj_slam) StdoutLine: {'line': b'-- Up-to-date symlink: /workspace/install/avaj_slam/share/avaj_slam/environment/ament_prefix_path.dsv\n'}
[0.178140] (avaj_slam) StdoutLine: {'line': b'-- Up-to-date symlink: /workspace/install/avaj_slam/share/avaj_slam/environment/path.sh\n'}
[0.178572] (avaj_slam) StdoutLine: {'line': b'-- Up-to-date symlink: /workspace/install/avaj_slam/share/avaj_slam/environment/path.dsv\n'}
[0.178871] (avaj_slam) StdoutLine: {'line': b'-- Up-to-date symlink: /workspace/install/avaj_slam/share/avaj_slam/local_setup.bash\n'}
[0.179148] (avaj_slam) StdoutLine: {'line': b'-- Up-to-date symlink: /workspace/install/avaj_slam/share/avaj_slam/local_setup.sh\n'}
[0.179422] (avaj_slam) StdoutLine: {'line': b'-- Up-to-date symlink: /workspace/install/avaj_slam/share/avaj_slam/local_setup.zsh\n'}
[0.179920] (avaj_slam) StdoutLine: {'line': b'-- Up-to-date symlink: /workspace/install/avaj_slam/share/avaj_slam/local_setup.dsv\n'}
[0.180104] (avaj_slam) StdoutLine: {'line': b'-- Symlinking: /workspace/install/avaj_slam/share/avaj_slam/package.dsv\n'}
[0.199317] (avaj_slam) StdoutLine: {'line': b'-- Up-to-date symlink: /workspace/install/avaj_slam/share/ament_index/resource_index/packages/avaj_slam\n'}
[0.199844] (-) TimerEvent: {}
[0.199881] (avaj_slam) StdoutLine: {'line': b'-- Up-to-date symlink: /workspace/install/avaj_slam/share/avaj_slam/cmake/avaj_slamConfig.cmake\n'}
[0.200174] (avaj_slam) StdoutLine: {'line': b'-- Up-to-date symlink: /workspace/install/avaj_slam/share/avaj_slam/cmake/avaj_slamConfig-version.cmake\n'}
[0.200379] (avaj_slam) StdoutLine: {'line': b'-- Up-to-date symlink: /workspace/install/avaj_slam/share/avaj_slam/package.xml\n'}
[0.203266] (avaj_slam) CommandEnded: {'returncode': 0}
[0.257376] (avaj_slam) JobEnded: {'identifier': 'avaj_slam', 'rc': 0}
[0.259126] (-) EventReactorShutdown: {}
