[0.000000] (-) TimerEvent: {}
[0.001564] (-) JobUnselected: {'identifier': 'bno08x_driver'}
[0.001894] (-) JobUnselected: {'identifier': 'ldlidar_stl_ros2'}
[0.002025] (avaj_car_control) JobQueued: {'identifier': 'avaj_car_control', 'dependencies': OrderedDict()}
[0.002608] (control_center) JobQueued: {'identifier': 'control_center', 'dependencies': OrderedDict({'avaj_car_control': '/workspace/install/avaj_car_control'})}
[0.003928] (avaj_car_control) JobStarted: {'identifier': 'avaj_car_control'}
[0.023323] (avaj_car_control) JobProgress: {'identifier': 'avaj_car_control', 'progress': 'cmake'}
[0.024427] (avaj_car_control) JobProgress: {'identifier': 'avaj_car_control', 'progress': 'build'}
[0.025512] (avaj_car_control) Command: {'cmd': ['/usr/bin/cmake', '--build', '/workspace/build/avaj_car_control', '--', '-j8', '-l8'], 'cwd': '/workspace/build/avaj_car_control', 'env': OrderedDict({'GZ_SIM_RESOURCE_PATH': '/opt/ros/jazzy/share', 'GZ_CONFIG_PATH': '/opt/ros/jazzy/opt/gz_sim_vendor/share/gz:/opt/ros/jazzy/opt/sdformat_vendor/share/gz:/opt/ros/jazzy/opt/gz_gui_vendor/share/gz:/opt/ros/jazzy/opt/gz_transport_vendor/share/gz:/opt/ros/jazzy/opt/gz_rendering_vendor/share/gz:/opt/ros/jazzy/opt/gz_plugin_vendor/share/gz:/opt/ros/jazzy/opt/gz_fuel_tools_vendor/share/gz:/opt/ros/jazzy/opt/gz_msgs_vendor/share/gz:/opt/ros/jazzy/opt/gz_common_vendor/share/gz', 'HOSTNAME': 'avaj-desktop', 'SHLVL': '0', 'LD_LIBRARY_PATH': '/workspace/install/avaj_car_control/lib:/opt/ros/jazzy/opt/gz_sim_vendor/lib:/opt/ros/jazzy/opt/gz_sensors_vendor/lib:/opt/ros/jazzy/opt/gz_physics_vendor/lib:/opt/ros/jazzy/opt/sdformat_vendor/lib:/opt/ros/jazzy/opt/rviz_ogre_vendor/lib:/opt/ros/jazzy/lib/aarch64-linux-gnu:/opt/ros/jazzy/opt/gz_gui_vendor/lib:/opt/ros/jazzy/opt/gz_transport_vendor/lib:/opt/ros/jazzy/opt/gz_rendering_vendor/lib:/opt/ros/jazzy/opt/gz_plugin_vendor/lib:/opt/ros/jazzy/opt/gz_fuel_tools_vendor/lib:/opt/ros/jazzy/opt/gz_msgs_vendor/lib:/opt/ros/jazzy/opt/gz_common_vendor/lib:/opt/ros/jazzy/opt/gz_math_vendor/lib:/opt/ros/jazzy/opt/gz_utils_vendor/lib:/opt/ros/jazzy/opt/gz_tools_vendor/lib:/opt/ros/jazzy/opt/gz_ogre_next_vendor/lib:/opt/ros/jazzy/opt/gz_dartsim_vendor/lib:/opt/ros/jazzy/opt/gz_cmake_vendor/lib:/opt/ros/jazzy/lib', 'HOME': '/home/ubuntu', 'OLDPWD': '/workspace', 'ROS_PYTHON_VERSION': '3', 'COLCON_PREFIX_PATH': '/workspace/install', 'ROS_DISTRO': 'jazzy', '_': '/usr/bin/colcon', 'ROS_VERSION': '2', 'NVIDIA_DRIVER_CAPABILITIES': 'all', 'QT_X11_NO_MITSHM': '1', 'PATH': '/opt/ros/jazzy/opt/gz_msgs_vendor/bin:/opt/ros/jazzy/opt/gz_tools_vendor/bin:/opt/ros/jazzy/opt/gz_ogre_next_vendor/bin:/opt/ros/jazzy/bin:/usr/local/sbin:/usr/local/bin:/usr/sbin:/usr/bin:/sbin:/bin', 'DISPLAY': ':0', 'LANG': 'C.UTF-8', 'AMENT_PREFIX_PATH': '/workspace/install/ldlidar_stl_ros2:/workspace/install/bno08x_driver:/workspace/install/avaj_car_control:/opt/ros/jazzy', 'ROS_AUTOMATIC_DISCOVERY_RANGE': 'SUBNET', 'PWD': '/workspace/build/avaj_car_control', 'LC_ALL': 'C.UTF-8', 'PYTHONPATH': '/workspace/install/avaj_car_control/lib/python3.12/site-packages:/opt/ros/jazzy/lib/python3.12/site-packages', 'NVIDIA_VISIBLE_DEVICES': 'void', 'COLCON': '1', 'CMAKE_PREFIX_PATH': '/workspace/install/ldlidar_stl_ros2:/workspace/install/bno08x_driver:/workspace/install/avaj_car_control:/opt/ros/jazzy/opt/gz_sim_vendor:/opt/ros/jazzy/opt/gz_sensors_vendor:/opt/ros/jazzy/opt/gz_physics_vendor:/opt/ros/jazzy/opt/sdformat_vendor:/opt/ros/jazzy/opt/gz_gui_vendor:/opt/ros/jazzy/opt/gz_transport_vendor:/opt/ros/jazzy/opt/gz_rendering_vendor:/opt/ros/jazzy/opt/gz_plugin_vendor:/opt/ros/jazzy/opt/gz_fuel_tools_vendor:/opt/ros/jazzy/opt/gz_msgs_vendor:/opt/ros/jazzy/opt/gz_common_vendor:/opt/ros/jazzy/opt/gz_math_vendor:/opt/ros/jazzy/opt/gz_utils_vendor:/opt/ros/jazzy/opt/gz_tools_vendor:/opt/ros/jazzy/opt/gz_ogre_next_vendor:/opt/ros/jazzy/opt/gz_dartsim_vendor:/opt/ros/jazzy/opt/gz_cmake_vendor:/opt/ros/jazzy'}), 'shell': False}
[0.100211] (-) TimerEvent: {}
[0.155564] (avaj_car_control) StdoutLine: {'line': b'[  2%] Built target avaj_car_control__rosidl_generator_type_description\n'}
[0.164523] (avaj_car_control) StdoutLine: {'line': b'[  5%] Built target avaj_car_control__rs\n'}
[0.177780] (avaj_car_control) StdoutLine: {'line': b'[  5%] Built target ament_cmake_python_symlink_avaj_car_control\n'}
[0.202336] (-) TimerEvent: {}
[0.207804] (avaj_car_control) StdoutLine: {'line': b'[  8%] Built target avaj_car_control__cpp\n'}
[0.212000] (avaj_car_control) StdoutLine: {'line': b'[ 22%] Built target avaj_car_control__rosidl_generator_c\n'}
[0.273915] (avaj_car_control) StdoutLine: {'line': b'[ 31%] Built target avaj_car_control__rosidl_typesupport_fastrtps_c\n'}
[0.275878] (avaj_car_control) StdoutLine: {'line': b'[ 40%] Built target avaj_car_control__rosidl_typesupport_introspection_c\n'}
[0.287550] (avaj_car_control) StdoutLine: {'line': b'[ 48%] Built target avaj_car_control__rosidl_typesupport_fastrtps_cpp\n'}
[0.304102] (-) TimerEvent: {}
[0.343270] (avaj_car_control) StdoutLine: {'line': b'[ 57%] Built target avaj_car_control__rosidl_typesupport_cpp\n'}
[0.352822] (avaj_car_control) StdoutLine: {'line': b'[ 65%] Built target avaj_car_control__rosidl_typesupport_introspection_cpp\n'}
[0.358492] (avaj_car_control) StdoutLine: {'line': b'[ 74%] Built target avaj_car_control__rosidl_typesupport_c\n'}
[0.404246] (-) TimerEvent: {}
[0.415667] (avaj_car_control) StdoutLine: {'line': b'[ 74%] Built target avaj_car_control\n'}
[0.461802] (avaj_car_control) StdoutLine: {'line': b'[ 77%] Built target avaj_car_control__py\n'}
[0.504452] (-) TimerEvent: {}
[0.522462] (avaj_car_control) StdoutLine: {'line': b'[ 82%] Built target avaj_car_control__rosidl_generator_py\n'}
[0.578778] (avaj_car_control) StdoutLine: {'line': b'[ 88%] Built target avaj_car_control_s__rosidl_typesupport_introspection_c\n'}
[0.591958] (avaj_car_control) StdoutLine: {'line': b'[ 94%] Built target avaj_car_control_s__rosidl_typesupport_fastrtps_c\n'}
[0.597711] (avaj_car_control) StdoutLine: {'line': b'[100%] Built target avaj_car_control_s__rosidl_typesupport_c\n'}
[0.604589] (-) TimerEvent: {}
[0.605832] (avaj_car_control) StdoutLine: {'line': b'running egg_info\n'}
[0.641791] (avaj_car_control) StdoutLine: {'line': b'writing avaj_car_control.egg-info/PKG-INFO\n'}
[0.642577] (avaj_car_control) StdoutLine: {'line': b'writing dependency_links to avaj_car_control.egg-info/dependency_links.txt\n'}
[0.643225] (avaj_car_control) StdoutLine: {'line': b'writing top-level names to avaj_car_control.egg-info/top_level.txt\n'}
[0.704733] (-) TimerEvent: {}
[0.742603] (avaj_car_control) StdoutLine: {'line': b"reading manifest file 'avaj_car_control.egg-info/SOURCES.txt'\n"}
[0.743661] (avaj_car_control) StdoutLine: {'line': b"writing manifest file 'avaj_car_control.egg-info/SOURCES.txt'\n"}
[0.804927] (-) TimerEvent: {}
[0.830318] (avaj_car_control) StdoutLine: {'line': b'[100%] Built target ament_cmake_python_build_avaj_car_control_egg\n'}
[0.856017] (avaj_car_control) CommandEnded: {'returncode': 0}
[0.857185] (avaj_car_control) JobProgress: {'identifier': 'avaj_car_control', 'progress': 'install'}
[0.877496] (avaj_car_control) Command: {'cmd': ['/usr/bin/cmake', '--install', '/workspace/build/avaj_car_control'], 'cwd': '/workspace/build/avaj_car_control', 'env': OrderedDict({'GZ_SIM_RESOURCE_PATH': '/opt/ros/jazzy/share', 'GZ_CONFIG_PATH': '/opt/ros/jazzy/opt/gz_sim_vendor/share/gz:/opt/ros/jazzy/opt/sdformat_vendor/share/gz:/opt/ros/jazzy/opt/gz_gui_vendor/share/gz:/opt/ros/jazzy/opt/gz_transport_vendor/share/gz:/opt/ros/jazzy/opt/gz_rendering_vendor/share/gz:/opt/ros/jazzy/opt/gz_plugin_vendor/share/gz:/opt/ros/jazzy/opt/gz_fuel_tools_vendor/share/gz:/opt/ros/jazzy/opt/gz_msgs_vendor/share/gz:/opt/ros/jazzy/opt/gz_common_vendor/share/gz', 'HOSTNAME': 'avaj-desktop', 'SHLVL': '0', 'LD_LIBRARY_PATH': '/workspace/install/avaj_car_control/lib:/opt/ros/jazzy/opt/gz_sim_vendor/lib:/opt/ros/jazzy/opt/gz_sensors_vendor/lib:/opt/ros/jazzy/opt/gz_physics_vendor/lib:/opt/ros/jazzy/opt/sdformat_vendor/lib:/opt/ros/jazzy/opt/rviz_ogre_vendor/lib:/opt/ros/jazzy/lib/aarch64-linux-gnu:/opt/ros/jazzy/opt/gz_gui_vendor/lib:/opt/ros/jazzy/opt/gz_transport_vendor/lib:/opt/ros/jazzy/opt/gz_rendering_vendor/lib:/opt/ros/jazzy/opt/gz_plugin_vendor/lib:/opt/ros/jazzy/opt/gz_fuel_tools_vendor/lib:/opt/ros/jazzy/opt/gz_msgs_vendor/lib:/opt/ros/jazzy/opt/gz_common_vendor/lib:/opt/ros/jazzy/opt/gz_math_vendor/lib:/opt/ros/jazzy/opt/gz_utils_vendor/lib:/opt/ros/jazzy/opt/gz_tools_vendor/lib:/opt/ros/jazzy/opt/gz_ogre_next_vendor/lib:/opt/ros/jazzy/opt/gz_dartsim_vendor/lib:/opt/ros/jazzy/opt/gz_cmake_vendor/lib:/opt/ros/jazzy/lib', 'HOME': '/home/ubuntu', 'OLDPWD': '/workspace', 'ROS_PYTHON_VERSION': '3', 'COLCON_PREFIX_PATH': '/workspace/install', 'ROS_DISTRO': 'jazzy', '_': '/usr/bin/colcon', 'ROS_VERSION': '2', 'NVIDIA_DRIVER_CAPABILITIES': 'all', 'QT_X11_NO_MITSHM': '1', 'PATH': '/opt/ros/jazzy/opt/gz_msgs_vendor/bin:/opt/ros/jazzy/opt/gz_tools_vendor/bin:/opt/ros/jazzy/opt/gz_ogre_next_vendor/bin:/opt/ros/jazzy/bin:/usr/local/sbin:/usr/local/bin:/usr/sbin:/usr/bin:/sbin:/bin', 'DISPLAY': ':0', 'LANG': 'C.UTF-8', 'AMENT_PREFIX_PATH': '/workspace/install/ldlidar_stl_ros2:/workspace/install/bno08x_driver:/workspace/install/avaj_car_control:/opt/ros/jazzy', 'ROS_AUTOMATIC_DISCOVERY_RANGE': 'SUBNET', 'PWD': '/workspace/build/avaj_car_control', 'LC_ALL': 'C.UTF-8', 'PYTHONPATH': '/workspace/install/avaj_car_control/lib/python3.12/site-packages:/opt/ros/jazzy/lib/python3.12/site-packages', 'NVIDIA_VISIBLE_DEVICES': 'void', 'COLCON': '1', 'CMAKE_PREFIX_PATH': '/workspace/install/ldlidar_stl_ros2:/workspace/install/bno08x_driver:/workspace/install/avaj_car_control:/opt/ros/jazzy/opt/gz_sim_vendor:/opt/ros/jazzy/opt/gz_sensors_vendor:/opt/ros/jazzy/opt/gz_physics_vendor:/opt/ros/jazzy/opt/sdformat_vendor:/opt/ros/jazzy/opt/gz_gui_vendor:/opt/ros/jazzy/opt/gz_transport_vendor:/opt/ros/jazzy/opt/gz_rendering_vendor:/opt/ros/jazzy/opt/gz_plugin_vendor:/opt/ros/jazzy/opt/gz_fuel_tools_vendor:/opt/ros/jazzy/opt/gz_msgs_vendor:/opt/ros/jazzy/opt/gz_common_vendor:/opt/ros/jazzy/opt/gz_math_vendor:/opt/ros/jazzy/opt/gz_utils_vendor:/opt/ros/jazzy/opt/gz_tools_vendor:/opt/ros/jazzy/opt/gz_ogre_next_vendor:/opt/ros/jazzy/opt/gz_dartsim_vendor:/opt/ros/jazzy/opt/gz_cmake_vendor:/opt/ros/jazzy'}), 'shell': False}
[0.897118] (avaj_car_control) StdoutLine: {'line': b'-- Install configuration: ""\n'}
[0.897889] (avaj_car_control) StdoutLine: {'line': b'-- Execute custom install script\n'}
[0.898233] (avaj_car_control) StdoutLine: {'line': b'-- Up-to-date symlink: /workspace/install/avaj_car_control/share/ament_index/resource_index/rosidl_interfaces/avaj_car_control\n'}
[0.898446] (avaj_car_control) StdoutLine: {'line': b'-- Up-to-date symlink: /workspace/install/avaj_car_control/share/avaj_car_control/msg/DriveCommand.json\n'}
[0.899139] (avaj_car_control) StdoutLine: {'line': b'-- Up-to-date symlink: /workspace/install/avaj_car_control/include/avaj_car_control/avaj_car_control/msg/detail/drive_command__functions.h\n'}
[0.899348] (avaj_car_control) StdoutLine: {'line': b'-- Up-to-date symlink: /workspace/install/avaj_car_control/include/avaj_car_control/avaj_car_control/msg/detail/drive_command__struct.h\n'}
[0.899746] (avaj_car_control) StdoutLine: {'line': b'-- Up-to-date symlink: /workspace/install/avaj_car_control/include/avaj_car_control/avaj_car_control/msg/detail/drive_command__type_support.h\n'}
[0.900053] (avaj_car_control) StdoutLine: {'line': b'-- Up-to-date symlink: /workspace/install/avaj_car_control/include/avaj_car_control/avaj_car_control/msg/drive_command.h\n'}
[0.900194] (avaj_car_control) StdoutLine: {'line': b'-- Up-to-date symlink: /workspace/install/avaj_car_control/include/avaj_car_control/avaj_car_control/msg/rosidl_generator_c__visibility_control.h\n'}
[0.900534] (avaj_car_control) StdoutLine: {'line': b'-- Up-to-date symlink: /workspace/install/avaj_car_control/share/avaj_car_control/environment/library_path.sh\n'}
[0.900759] (avaj_car_control) StdoutLine: {'line': b'-- Up-to-date symlink: /workspace/install/avaj_car_control/share/avaj_car_control/environment/library_path.dsv\n'}
[0.901226] (avaj_car_control) StdoutLine: {'line': b'-- Up-to-date symlink: /workspace/install/avaj_car_control/include/avaj_car_control/avaj_car_control/msg/detail/drive_command__rosidl_typesupport_fastrtps_c.h\n'}
[0.901504] (avaj_car_control) StdoutLine: {'line': b'-- Up-to-date symlink: /workspace/install/avaj_car_control/include/avaj_car_control/avaj_car_control/msg/rosidl_typesupport_fastrtps_c__visibility_control.h\n'}
[0.901952] (avaj_car_control) StdoutLine: {'line': b'-- Up-to-date symlink: /workspace/install/avaj_car_control/include/avaj_car_control/avaj_car_control/msg/detail/drive_command__builder.hpp\n'}
[0.902240] (avaj_car_control) StdoutLine: {'line': b'-- Up-to-date symlink: /workspace/install/avaj_car_control/include/avaj_car_control/avaj_car_control/msg/detail/drive_command__struct.hpp\n'}
[0.902418] (avaj_car_control) StdoutLine: {'line': b'-- Up-to-date symlink: /workspace/install/avaj_car_control/include/avaj_car_control/avaj_car_control/msg/detail/drive_command__traits.hpp\n'}
[0.902640] (avaj_car_control) StdoutLine: {'line': b'-- Up-to-date symlink: /workspace/install/avaj_car_control/include/avaj_car_control/avaj_car_control/msg/detail/drive_command__type_support.hpp\n'}
[0.902790] (avaj_car_control) StdoutLine: {'line': b'-- Up-to-date symlink: /workspace/install/avaj_car_control/include/avaj_car_control/avaj_car_control/msg/drive_command.hpp\n'}
[0.902997] (avaj_car_control) StdoutLine: {'line': b'-- Up-to-date symlink: /workspace/install/avaj_car_control/include/avaj_car_control/avaj_car_control/msg/rosidl_generator_cpp__visibility_control.hpp\n'}
[0.903420] (avaj_car_control) StdoutLine: {'line': b'-- Up-to-date symlink: /workspace/install/avaj_car_control/include/avaj_car_control/avaj_car_control/msg/detail/drive_command__rosidl_typesupport_fastrtps_cpp.hpp\n'}
[0.903718] (avaj_car_control) StdoutLine: {'line': b'-- Up-to-date symlink: /workspace/install/avaj_car_control/include/avaj_car_control/avaj_car_control/msg/rosidl_typesupport_fastrtps_cpp__visibility_control.h\n'}
[0.904548] (avaj_car_control) StdoutLine: {'line': b'-- Up-to-date symlink: /workspace/install/avaj_car_control/include/avaj_car_control/avaj_car_control/msg/detail/drive_command__rosidl_typesupport_introspection_c.h\n'}
[0.904923] (-) TimerEvent: {}
[0.904954] (avaj_car_control) StdoutLine: {'line': b'-- Up-to-date symlink: /workspace/install/avaj_car_control/include/avaj_car_control/avaj_car_control/msg/rosidl_typesupport_introspection_c__visibility_control.h\n'}
[0.905772] (avaj_car_control) StdoutLine: {'line': b'-- Up-to-date symlink: /workspace/install/avaj_car_control/include/avaj_car_control/avaj_car_control/msg/detail/drive_command__rosidl_typesupport_introspection_cpp.hpp\n'}
[0.905997] (avaj_car_control) StdoutLine: {'line': b'-- Up-to-date symlink: /workspace/install/avaj_car_control/share/avaj_car_control/environment/pythonpath.sh\n'}
[0.906127] (avaj_car_control) StdoutLine: {'line': b'-- Up-to-date symlink: /workspace/install/avaj_car_control/share/avaj_car_control/environment/pythonpath.dsv\n'}
[0.906406] (avaj_car_control) StdoutLine: {'line': b'-- Up-to-date symlink: /workspace/install/avaj_car_control/lib/python3.12/site-packages/avaj_car_control-0.1.0-py3.12.egg-info/PKG-INFO\n'}
[0.906696] (avaj_car_control) StdoutLine: {'line': b'-- Up-to-date symlink: /workspace/install/avaj_car_control/lib/python3.12/site-packages/avaj_car_control-0.1.0-py3.12.egg-info/SOURCES.txt\n'}
[0.906823] (avaj_car_control) StdoutLine: {'line': b'-- Up-to-date symlink: /workspace/install/avaj_car_control/lib/python3.12/site-packages/avaj_car_control-0.1.0-py3.12.egg-info/dependency_links.txt\n'}
[0.906940] (avaj_car_control) StdoutLine: {'line': b'-- Up-to-date symlink: /workspace/install/avaj_car_control/lib/python3.12/site-packages/avaj_car_control-0.1.0-py3.12.egg-info/top_level.txt\n'}
[0.907504] (avaj_car_control) StdoutLine: {'line': b'-- Up-to-date symlink: /workspace/install/avaj_car_control/lib/python3.12/site-packages/avaj_car_control/__init__.py\n'}
[0.907733] (avaj_car_control) StdoutLine: {'line': b'-- Up-to-date symlink: /workspace/install/avaj_car_control/lib/python3.12/site-packages/avaj_car_control/_avaj_car_control_s.ep.rosidl_typesupport_c.c\n'}
[0.908072] (avaj_car_control) StdoutLine: {'line': b'-- Up-to-date symlink: /workspace/install/avaj_car_control/lib/python3.12/site-packages/avaj_car_control/_avaj_car_control_s.ep.rosidl_typesupport_fastrtps_c.c\n'}
[0.908392] (avaj_car_control) StdoutLine: {'line': b'-- Up-to-date symlink: /workspace/install/avaj_car_control/lib/python3.12/site-packages/avaj_car_control/_avaj_car_control_s.ep.rosidl_typesupport_introspection_c.c\n'}
[0.908737] (avaj_car_control) StdoutLine: {'line': b'-- Up-to-date symlink: /workspace/install/avaj_car_control/lib/python3.12/site-packages/avaj_car_control/avaj_car_control_s__rosidl_typesupport_c.so\n'}
[0.908936] (avaj_car_control) StdoutLine: {'line': b'-- Up-to-date symlink: /workspace/install/avaj_car_control/lib/python3.12/site-packages/avaj_car_control/avaj_car_control_s__rosidl_typesupport_fastrtps_c.so\n'}
[0.909115] (avaj_car_control) StdoutLine: {'line': b'-- Up-to-date symlink: /workspace/install/avaj_car_control/lib/python3.12/site-packages/avaj_car_control/avaj_car_control_s__rosidl_typesupport_introspection_c.so\n'}
[0.909232] (avaj_car_control) StdoutLine: {'line': b'-- Up-to-date symlink: /workspace/install/avaj_car_control/lib/python3.12/site-packages/avaj_car_control/msg/__init__.py\n'}
[0.909344] (avaj_car_control) StdoutLine: {'line': b'-- Up-to-date symlink: /workspace/install/avaj_car_control/lib/python3.12/site-packages/avaj_car_control/msg/_drive_command.py\n'}
[0.909542] (avaj_car_control) StdoutLine: {'line': b'-- Up-to-date symlink: /workspace/install/avaj_car_control/lib/python3.12/site-packages/avaj_car_control/msg/_drive_command_s.c\n'}
[0.909655] (avaj_car_control) StdoutLine: {'line': b'-- Up-to-date symlink: /workspace/install/avaj_car_control/lib/python3.12/site-packages/avaj_car_control/avaj_car_control_s__rosidl_typesupport_fastrtps_c.so\n'}
[0.909835] (avaj_car_control) StdoutLine: {'line': b'-- Up-to-date symlink: /workspace/install/avaj_car_control/lib/python3.12/site-packages/avaj_car_control/avaj_car_control_s__rosidl_typesupport_introspection_c.so\n'}
[0.910125] (avaj_car_control) StdoutLine: {'line': b'-- Up-to-date symlink: /workspace/install/avaj_car_control/lib/python3.12/site-packages/avaj_car_control/avaj_car_control_s__rosidl_typesupport_c.so\n'}
[0.910392] (avaj_car_control) StdoutLine: {'line': b'-- Up-to-date symlink: /workspace/install/avaj_car_control/share/ament_index/resource_index/rust_packages/avaj_car_control\n'}
[0.910962] (avaj_car_control) StdoutLine: {'line': b'-- Up-to-date symlink: /workspace/install/avaj_car_control/share/avaj_car_control/rust/Cargo.toml\n'}
[0.911154] (avaj_car_control) StdoutLine: {'line': b'-- Up-to-date symlink: /workspace/install/avaj_car_control/share/avaj_car_control/rust/build.rs\n'}
[0.911388] (avaj_car_control) StdoutLine: {'line': b'-- Up-to-date symlink: /workspace/install/avaj_car_control/share/avaj_car_control/rust/src/lib.rs\n'}
[0.911658] (avaj_car_control) StdoutLine: {'line': b'-- Up-to-date symlink: /workspace/install/avaj_car_control/share/avaj_car_control/rust/src/msg.rs\n'}
[0.911797] (avaj_car_control) StdoutLine: {'line': b'-- Up-to-date symlink: /workspace/install/avaj_car_control/share/avaj_car_control/rust/src/msg/rmw.rs\n'}
[0.912040] (avaj_car_control) StdoutLine: {'line': b'-- Up-to-date symlink: /workspace/install/avaj_car_control/share/avaj_car_control/msg/DriveCommand.idl\n'}
[0.912344] (avaj_car_control) StdoutLine: {'line': b'-- Up-to-date symlink: /workspace/install/avaj_car_control/share/avaj_car_control/msg/DriveCommand.msg\n'}
[0.912645] (avaj_car_control) StdoutLine: {'line': b'-- Up-to-date symlink: /workspace/install/avaj_car_control/lib/avaj_car_control/drive_command_to_twist\n'}
[0.912868] (avaj_car_control) StdoutLine: {'line': b'-- Up-to-date symlink: /workspace/install/avaj_car_control/lib/avaj_car_control/wasd_teleop\n'}
[0.913129] (avaj_car_control) StdoutLine: {'line': b'-- Up-to-date symlink: /workspace/install/avaj_car_control/share/ament_index/resource_index/package_run_dependencies/avaj_car_control\n'}
[0.913288] (avaj_car_control) StdoutLine: {'line': b'-- Up-to-date symlink: /workspace/install/avaj_car_control/share/ament_index/resource_index/parent_prefix_path/avaj_car_control\n'}
[0.913752] (avaj_car_control) StdoutLine: {'line': b'-- Up-to-date symlink: /workspace/install/avaj_car_control/share/avaj_car_control/environment/ament_prefix_path.sh\n'}
[0.913947] (avaj_car_control) StdoutLine: {'line': b'-- Up-to-date symlink: /workspace/install/avaj_car_control/share/avaj_car_control/environment/ament_prefix_path.dsv\n'}
[0.914082] (avaj_car_control) StdoutLine: {'line': b'-- Up-to-date symlink: /workspace/install/avaj_car_control/share/avaj_car_control/environment/path.sh\n'}
[0.914482] (avaj_car_control) StdoutLine: {'line': b'-- Up-to-date symlink: /workspace/install/avaj_car_control/share/avaj_car_control/environment/path.dsv\n'}
[0.914616] (avaj_car_control) StdoutLine: {'line': b'-- Up-to-date symlink: /workspace/install/avaj_car_control/share/avaj_car_control/local_setup.bash\n'}
[0.914889] (avaj_car_control) StdoutLine: {'line': b'-- Up-to-date symlink: /workspace/install/avaj_car_control/share/avaj_car_control/local_setup.sh\n'}
[0.915128] (avaj_car_control) StdoutLine: {'line': b'-- Up-to-date symlink: /workspace/install/avaj_car_control/share/avaj_car_control/local_setup.zsh\n'}
[0.915259] (avaj_car_control) StdoutLine: {'line': b'-- Up-to-date symlink: /workspace/install/avaj_car_control/share/avaj_car_control/local_setup.dsv\n'}
[0.915375] (avaj_car_control) StdoutLine: {'line': b'-- Symlinking: /workspace/install/avaj_car_control/share/avaj_car_control/package.dsv\n'}
[0.937607] (avaj_car_control) StdoutLine: {'line': b'-- Up-to-date symlink: /workspace/install/avaj_car_control/share/ament_index/resource_index/packages/avaj_car_control\n'}
[0.938204] (avaj_car_control) StdoutLine: {'line': b'-- Up-to-date symlink: /workspace/install/avaj_car_control/share/avaj_car_control/cmake/rosidl_cmake-extras.cmake\n'}
[0.938536] (avaj_car_control) StdoutLine: {'line': b'-- Up-to-date symlink: /workspace/install/avaj_car_control/share/avaj_car_control/cmake/ament_cmake_export_include_directories-extras.cmake\n'}
[0.938950] (avaj_car_control) StdoutLine: {'line': b'-- Up-to-date symlink: /workspace/install/avaj_car_control/share/avaj_car_control/cmake/ament_cmake_export_libraries-extras.cmake\n'}
[0.939333] (avaj_car_control) StdoutLine: {'line': b'-- Up-to-date symlink: /workspace/install/avaj_car_control/share/avaj_car_control/cmake/ament_cmake_export_targets-extras.cmake\n'}
[0.939723] (avaj_car_control) StdoutLine: {'line': b'-- Up-to-date symlink: /workspace/install/avaj_car_control/share/avaj_car_control/cmake/rosidl_cmake_export_typesupport_targets-extras.cmake\n'}
[0.940535] (avaj_car_control) StdoutLine: {'line': b'-- Up-to-date symlink: /workspace/install/avaj_car_control/share/avaj_car_control/cmake/ament_cmake_export_dependencies-extras.cmake\n'}
[0.940836] (avaj_car_control) StdoutLine: {'line': b'-- Up-to-date symlink: /workspace/install/avaj_car_control/share/avaj_car_control/cmake/rosidl_cmake_export_typesupport_libraries-extras.cmake\n'}
[0.941546] (avaj_car_control) StdoutLine: {'line': b'-- Up-to-date symlink: /workspace/install/avaj_car_control/share/avaj_car_control/cmake/rosidl_cmake_aggregate_target-extras.cmake\n'}
[0.942272] (avaj_car_control) StdoutLine: {'line': b'-- Up-to-date symlink: /workspace/install/avaj_car_control/share/avaj_car_control/cmake/avaj_car_controlConfig.cmake\n'}
[0.942876] (avaj_car_control) StdoutLine: {'line': b'-- Up-to-date symlink: /workspace/install/avaj_car_control/share/avaj_car_control/cmake/avaj_car_controlConfig-version.cmake\n'}
[0.943565] (avaj_car_control) StdoutLine: {'line': b'-- Up-to-date symlink: /workspace/install/avaj_car_control/share/avaj_car_control/package.xml\n'}
[0.944457] (avaj_car_control) StdoutLine: {'line': b'-- Up-to-date: /workspace/install/avaj_car_control/lib/libavaj_car_control__rosidl_generator_c.so\n'}
[0.945335] (avaj_car_control) StdoutLine: {'line': b'-- Up-to-date: /workspace/install/avaj_car_control/lib/libavaj_car_control__rosidl_typesupport_fastrtps_c.so\n'}
[0.946148] (avaj_car_control) StdoutLine: {'line': b'-- Up-to-date: /workspace/install/avaj_car_control/lib/libavaj_car_control__rosidl_typesupport_fastrtps_cpp.so\n'}
[0.946879] (avaj_car_control) StdoutLine: {'line': b'-- Up-to-date: /workspace/install/avaj_car_control/lib/libavaj_car_control__rosidl_typesupport_introspection_c.so\n'}
[0.947586] (avaj_car_control) StdoutLine: {'line': b'-- Up-to-date: /workspace/install/avaj_car_control/lib/libavaj_car_control__rosidl_typesupport_c.so\n'}
[0.948379] (avaj_car_control) StdoutLine: {'line': b'-- Up-to-date: /workspace/install/avaj_car_control/lib/libavaj_car_control__rosidl_typesupport_introspection_cpp.so\n'}
[0.949114] (avaj_car_control) StdoutLine: {'line': b'-- Up-to-date: /workspace/install/avaj_car_control/lib/libavaj_car_control__rosidl_typesupport_cpp.so\n'}
[1.005094] (-) TimerEvent: {}
[1.030301] (avaj_car_control) StdoutLine: {'line': b"Listing '/workspace/install/avaj_car_control/lib/python3.12/site-packages/avaj_car_control'...\n"}
[1.031060] (avaj_car_control) StdoutLine: {'line': b"Listing '/workspace/install/avaj_car_control/lib/python3.12/site-packages/avaj_car_control/msg'...\n"}
[1.047851] (avaj_car_control) StdoutLine: {'line': b'-- Up-to-date: /workspace/install/avaj_car_control/lib/libavaj_car_control__rosidl_generator_py.so\n'}
[1.049661] (avaj_car_control) StdoutLine: {'line': b'-- Up-to-date: /workspace/install/avaj_car_control/share/avaj_car_control/cmake/export_avaj_car_control__rosidl_generator_cExport.cmake\n'}
[1.050040] (avaj_car_control) StdoutLine: {'line': b'-- Up-to-date: /workspace/install/avaj_car_control/share/avaj_car_control/cmake/export_avaj_car_control__rosidl_generator_cExport-noconfig.cmake\n'}
[1.050912] (avaj_car_control) StdoutLine: {'line': b'-- Up-to-date: /workspace/install/avaj_car_control/share/avaj_car_control/cmake/export_avaj_car_control__rosidl_typesupport_fastrtps_cExport.cmake\n'}
[1.051378] (avaj_car_control) StdoutLine: {'line': b'-- Up-to-date: /workspace/install/avaj_car_control/share/avaj_car_control/cmake/export_avaj_car_control__rosidl_typesupport_fastrtps_cExport-noconfig.cmake\n'}
[1.051774] (avaj_car_control) StdoutLine: {'line': b'-- Up-to-date: /workspace/install/avaj_car_control/share/avaj_car_control/cmake/export_avaj_car_control__rosidl_generator_cppExport.cmake\n'}
[1.052086] (avaj_car_control) StdoutLine: {'line': b'-- Up-to-date: /workspace/install/avaj_car_control/share/avaj_car_control/cmake/export_avaj_car_control__rosidl_typesupport_fastrtps_cppExport.cmake\n'}
[1.052324] (avaj_car_control) StdoutLine: {'line': b'-- Up-to-date: /workspace/install/avaj_car_control/share/avaj_car_control/cmake/export_avaj_car_control__rosidl_typesupport_fastrtps_cppExport-noconfig.cmake\n'}
[1.052453] (avaj_car_control) StdoutLine: {'line': b'-- Up-to-date: /workspace/install/avaj_car_control/share/avaj_car_control/cmake/avaj_car_control__rosidl_typesupport_introspection_cExport.cmake\n'}
[1.052572] (avaj_car_control) StdoutLine: {'line': b'-- Up-to-date: /workspace/install/avaj_car_control/share/avaj_car_control/cmake/avaj_car_control__rosidl_typesupport_introspection_cExport-noconfig.cmake\n'}
[1.052688] (avaj_car_control) StdoutLine: {'line': b'-- Up-to-date: /workspace/install/avaj_car_control/share/avaj_car_control/cmake/avaj_car_control__rosidl_typesupport_cExport.cmake\n'}
[1.052802] (avaj_car_control) StdoutLine: {'line': b'-- Up-to-date: /workspace/install/avaj_car_control/share/avaj_car_control/cmake/avaj_car_control__rosidl_typesupport_cExport-noconfig.cmake\n'}
[1.052914] (avaj_car_control) StdoutLine: {'line': b'-- Up-to-date: /workspace/install/avaj_car_control/share/avaj_car_control/cmake/avaj_car_control__rosidl_typesupport_introspection_cppExport.cmake\n'}
[1.053025] (avaj_car_control) StdoutLine: {'line': b'-- Up-to-date: /workspace/install/avaj_car_control/share/avaj_car_control/cmake/avaj_car_control__rosidl_typesupport_introspection_cppExport-noconfig.cmake\n'}
[1.053134] (avaj_car_control) StdoutLine: {'line': b'-- Up-to-date: /workspace/install/avaj_car_control/share/avaj_car_control/cmake/avaj_car_control__rosidl_typesupport_cppExport.cmake\n'}
[1.053269] (avaj_car_control) StdoutLine: {'line': b'-- Up-to-date: /workspace/install/avaj_car_control/share/avaj_car_control/cmake/avaj_car_control__rosidl_typesupport_cppExport-noconfig.cmake\n'}
[1.053380] (avaj_car_control) StdoutLine: {'line': b'-- Up-to-date: /workspace/install/avaj_car_control/share/avaj_car_control/cmake/export_avaj_car_control__rosidl_generator_pyExport.cmake\n'}
[1.053490] (avaj_car_control) StdoutLine: {'line': b'-- Up-to-date: /workspace/install/avaj_car_control/share/avaj_car_control/cmake/export_avaj_car_control__rosidl_generator_pyExport-noconfig.cmake\n'}
[1.064037] (avaj_car_control) CommandEnded: {'returncode': 0}
[1.105972] (-) TimerEvent: {}
[1.113067] (avaj_car_control) JobEnded: {'identifier': 'avaj_car_control', 'rc': 0}
[1.116542] (control_center) JobStarted: {'identifier': 'control_center'}
[1.132390] (control_center) JobProgress: {'identifier': 'control_center', 'progress': 'cmake'}
[1.133199] (control_center) Command: {'cmd': ['/usr/bin/cmake', '/workspace/src/controll center', '-DAMENT_CMAKE_SYMLINK_INSTALL=1', '-DCMAKE_INSTALL_PREFIX=/workspace/install/control_center'], 'cwd': '/workspace/build/control_center', 'env': OrderedDict({'GZ_SIM_RESOURCE_PATH': '/opt/ros/jazzy/share', 'GZ_CONFIG_PATH': '/opt/ros/jazzy/opt/gz_sim_vendor/share/gz:/opt/ros/jazzy/opt/sdformat_vendor/share/gz:/opt/ros/jazzy/opt/gz_gui_vendor/share/gz:/opt/ros/jazzy/opt/gz_transport_vendor/share/gz:/opt/ros/jazzy/opt/gz_rendering_vendor/share/gz:/opt/ros/jazzy/opt/gz_plugin_vendor/share/gz:/opt/ros/jazzy/opt/gz_fuel_tools_vendor/share/gz:/opt/ros/jazzy/opt/gz_msgs_vendor/share/gz:/opt/ros/jazzy/opt/gz_common_vendor/share/gz', 'HOSTNAME': 'avaj-desktop', 'SHLVL': '0', 'LD_LIBRARY_PATH': '/workspace/install/avaj_car_control/lib:/opt/ros/jazzy/opt/gz_sim_vendor/lib:/opt/ros/jazzy/opt/gz_sensors_vendor/lib:/opt/ros/jazzy/opt/gz_physics_vendor/lib:/opt/ros/jazzy/opt/sdformat_vendor/lib:/opt/ros/jazzy/opt/rviz_ogre_vendor/lib:/opt/ros/jazzy/lib/aarch64-linux-gnu:/opt/ros/jazzy/opt/gz_gui_vendor/lib:/opt/ros/jazzy/opt/gz_transport_vendor/lib:/opt/ros/jazzy/opt/gz_rendering_vendor/lib:/opt/ros/jazzy/opt/gz_plugin_vendor/lib:/opt/ros/jazzy/opt/gz_fuel_tools_vendor/lib:/opt/ros/jazzy/opt/gz_msgs_vendor/lib:/opt/ros/jazzy/opt/gz_common_vendor/lib:/opt/ros/jazzy/opt/gz_math_vendor/lib:/opt/ros/jazzy/opt/gz_utils_vendor/lib:/opt/ros/jazzy/opt/gz_tools_vendor/lib:/opt/ros/jazzy/opt/gz_ogre_next_vendor/lib:/opt/ros/jazzy/opt/gz_dartsim_vendor/lib:/opt/ros/jazzy/opt/gz_cmake_vendor/lib:/opt/ros/jazzy/lib', 'HOME': '/home/ubuntu', 'OLDPWD': '/workspace', 'ROS_PYTHON_VERSION': '3', 'COLCON_PREFIX_PATH': '/workspace/install', 'ROS_DISTRO': 'jazzy', '_': '/usr/bin/colcon', 'ROS_VERSION': '2', 'NVIDIA_DRIVER_CAPABILITIES': 'all', 'QT_X11_NO_MITSHM': '1', 'PATH': '/opt/ros/jazzy/opt/gz_msgs_vendor/bin:/opt/ros/jazzy/opt/gz_tools_vendor/bin:/opt/ros/jazzy/opt/gz_ogre_next_vendor/bin:/opt/ros/jazzy/bin:/usr/local/sbin:/usr/local/bin:/usr/sbin:/usr/bin:/sbin:/bin', 'DISPLAY': ':0', 'LANG': 'C.UTF-8', 'AMENT_PREFIX_PATH': '/workspace/install/ldlidar_stl_ros2:/workspace/install/bno08x_driver:/workspace/install/avaj_car_control:/opt/ros/jazzy', 'ROS_AUTOMATIC_DISCOVERY_RANGE': 'SUBNET', 'PWD': '/workspace/build/control_center', 'LC_ALL': 'C.UTF-8', 'PYTHONPATH': '/workspace/install/avaj_car_control/lib/python3.12/site-packages:/opt/ros/jazzy/lib/python3.12/site-packages', 'NVIDIA_VISIBLE_DEVICES': 'void', 'COLCON': '1', 'CMAKE_PREFIX_PATH': '/workspace/install/avaj_car_control:/workspace/install/ldlidar_stl_ros2:/workspace/install/bno08x_driver:/opt/ros/jazzy/opt/gz_sim_vendor:/opt/ros/jazzy/opt/gz_sensors_vendor:/opt/ros/jazzy/opt/gz_physics_vendor:/opt/ros/jazzy/opt/sdformat_vendor:/opt/ros/jazzy/opt/gz_gui_vendor:/opt/ros/jazzy/opt/gz_transport_vendor:/opt/ros/jazzy/opt/gz_rendering_vendor:/opt/ros/jazzy/opt/gz_plugin_vendor:/opt/ros/jazzy/opt/gz_fuel_tools_vendor:/opt/ros/jazzy/opt/gz_msgs_vendor:/opt/ros/jazzy/opt/gz_common_vendor:/opt/ros/jazzy/opt/gz_math_vendor:/opt/ros/jazzy/opt/gz_utils_vendor:/opt/ros/jazzy/opt/gz_tools_vendor:/opt/ros/jazzy/opt/gz_ogre_next_vendor:/opt/ros/jazzy/opt/gz_dartsim_vendor:/opt/ros/jazzy/opt/gz_cmake_vendor:/opt/ros/jazzy'}), 'shell': False}
[1.206239] (-) TimerEvent: {}
[1.250382] (control_center) StdoutLine: {'line': b'-- The C compiler identification is GNU 13.3.0\n'}
[1.306402] (-) TimerEvent: {}
[1.375201] (control_center) StdoutLine: {'line': b'-- The CXX compiler identification is GNU 13.3.0\n'}
[1.406714] (-) TimerEvent: {}
[1.416931] (control_center) StdoutLine: {'line': b'-- Detecting C compiler ABI info\n'}
[1.508249] (-) TimerEvent: {}
[1.608878] (-) TimerEvent: {}
[1.613228] (control_center) StdoutLine: {'line': b'-- Detecting C compiler ABI info - done\n'}
[1.629848] (control_center) StdoutLine: {'line': b'-- Check for working C compiler: /usr/bin/cc - skipped\n'}
[1.630418] (control_center) StdoutLine: {'line': b'-- Detecting C compile features\n'}
[1.631099] (control_center) StdoutLine: {'line': b'-- Detecting C compile features - done\n'}
[1.650999] (control_center) StdoutLine: {'line': b'-- Detecting CXX compiler ABI info\n'}
[1.709056] (-) TimerEvent: {}
[1.809491] (-) TimerEvent: {}
[1.856695] (control_center) StdoutLine: {'line': b'-- Detecting CXX compiler ABI info - done\n'}
[1.877688] (control_center) StdoutLine: {'line': b'-- Check for working CXX compiler: /usr/bin/c++ - skipped\n'}
[1.878292] (control_center) StdoutLine: {'line': b'-- Detecting CXX compile features\n'}
[1.879379] (control_center) StdoutLine: {'line': b'-- Detecting CXX compile features - done\n'}
[1.892559] (control_center) StdoutLine: {'line': b'-- Found ament_cmake: 2.5.6 (/opt/ros/jazzy/share/ament_cmake/cmake)\n'}
[1.909659] (-) TimerEvent: {}
[2.010018] (-) TimerEvent: {}
[2.110346] (-) TimerEvent: {}
[2.210661] (-) TimerEvent: {}
[2.236703] (control_center) StdoutLine: {'line': b'-- Found Python3: /usr/bin/python3 (found version "3.12.3") found components: Interpreter \n'}
[2.310799] (-) TimerEvent: {}
[2.412076] (control_center) StdoutLine: {'line': b'-- Override CMake install command with custom implementation using symlinks instead of copying resources\n'}
[2.412573] (-) TimerEvent: {}
[2.512819] (-) TimerEvent: {}
[2.531027] (control_center) StdoutLine: {'line': b'-- Found avaj_car_control: 0.1.0 (/workspace/install/avaj_car_control/share/avaj_car_control/cmake)\n'}
[2.612992] (-) TimerEvent: {}
[2.635260] (control_center) StdoutLine: {'line': b'-- Found rosidl_generator_c: 4.6.9 (/opt/ros/jazzy/share/rosidl_generator_c/cmake)\n'}
[2.675598] (control_center) StdoutLine: {'line': b'-- Found rosidl_generator_cpp: 4.6.9 (/opt/ros/jazzy/share/rosidl_generator_cpp/cmake)\n'}
[2.713270] (-) TimerEvent: {}
[2.722612] (control_center) StdoutLine: {'line': b'-- Using all available rosidl_typesupport_c: rosidl_typesupport_fastrtps_c;rosidl_typesupport_introspection_c\n'}
[2.772807] (control_center) StdoutLine: {'line': b'-- Using all available rosidl_typesupport_cpp: rosidl_typesupport_fastrtps_cpp;rosidl_typesupport_introspection_cpp\n'}
[2.813562] (-) TimerEvent: {}
[2.830827] (control_center) StdoutLine: {'line': b'-- Found nav_msgs: 5.3.8 (/opt/ros/jazzy/share/nav_msgs/cmake)\n'}
[2.914472] (-) TimerEvent: {}
[2.998543] (control_center) StdoutLine: {'line': b'-- Found rclcpp: 28.1.21 (/opt/ros/jazzy/share/rclcpp/cmake)\n'}
[3.014065] (-) TimerEvent: {}
[3.115132] (-) TimerEvent: {}
[3.119118] (control_center) StdoutLine: {'line': b'-- Found rmw_implementation_cmake: 7.3.3 (/opt/ros/jazzy/share/rmw_implementation_cmake/cmake)\n'}
[3.130970] (control_center) StdoutLine: {'line': b'-- Found rmw_fastrtps_cpp: 8.4.4 (/opt/ros/jazzy/share/rmw_fastrtps_cpp/cmake)\n'}
[3.215307] (-) TimerEvent: {}
[3.315720] (-) TimerEvent: {}
[3.380800] (control_center) StdoutLine: {'line': b'-- Found OpenSSL: /usr/lib/aarch64-linux-gnu/libcrypto.so (found version "3.0.13")  \n'}
[3.415890] (-) TimerEvent: {}
[3.422330] (control_center) StdoutLine: {'line': b'-- Found FastRTPS: /opt/ros/jazzy/include (Required is at least version "2.13") \n'}
[3.485916] (control_center) StdoutLine: {'line': b"-- Using RMW implementation 'rmw_fastrtps_cpp' as default\n"}
[3.516082] (-) TimerEvent: {}
[3.616470] (-) TimerEvent: {}
[3.647025] (control_center) StdoutLine: {'line': b'-- Found sensor_msgs: 5.3.8 (/opt/ros/jazzy/share/sensor_msgs/cmake)\n'}
[3.716610] (-) TimerEvent: {}
[3.816936] (-) TimerEvent: {}
[3.894623] (control_center) StdoutLine: {'line': b'-- Configuring done (2.7s)\n'}
[3.917107] (-) TimerEvent: {}
[3.922947] (control_center) StdoutLine: {'line': b'-- Generating done (0.0s)\n'}
[3.930835] (control_center) StdoutLine: {'line': b'-- Build files have been written to: /workspace/build/control_center\n'}
[3.957663] (control_center) CommandEnded: {'returncode': 0}
[3.958804] (control_center) JobProgress: {'identifier': 'control_center', 'progress': 'build'}
[3.959405] (control_center) Command: {'cmd': ['/usr/bin/cmake', '--build', '/workspace/build/control_center', '--', '-j8', '-l8'], 'cwd': '/workspace/build/control_center', 'env': OrderedDict({'GZ_SIM_RESOURCE_PATH': '/opt/ros/jazzy/share', 'GZ_CONFIG_PATH': '/opt/ros/jazzy/opt/gz_sim_vendor/share/gz:/opt/ros/jazzy/opt/sdformat_vendor/share/gz:/opt/ros/jazzy/opt/gz_gui_vendor/share/gz:/opt/ros/jazzy/opt/gz_transport_vendor/share/gz:/opt/ros/jazzy/opt/gz_rendering_vendor/share/gz:/opt/ros/jazzy/opt/gz_plugin_vendor/share/gz:/opt/ros/jazzy/opt/gz_fuel_tools_vendor/share/gz:/opt/ros/jazzy/opt/gz_msgs_vendor/share/gz:/opt/ros/jazzy/opt/gz_common_vendor/share/gz', 'HOSTNAME': 'avaj-desktop', 'SHLVL': '0', 'LD_LIBRARY_PATH': '/workspace/install/avaj_car_control/lib:/opt/ros/jazzy/opt/gz_sim_vendor/lib:/opt/ros/jazzy/opt/gz_sensors_vendor/lib:/opt/ros/jazzy/opt/gz_physics_vendor/lib:/opt/ros/jazzy/opt/sdformat_vendor/lib:/opt/ros/jazzy/opt/rviz_ogre_vendor/lib:/opt/ros/jazzy/lib/aarch64-linux-gnu:/opt/ros/jazzy/opt/gz_gui_vendor/lib:/opt/ros/jazzy/opt/gz_transport_vendor/lib:/opt/ros/jazzy/opt/gz_rendering_vendor/lib:/opt/ros/jazzy/opt/gz_plugin_vendor/lib:/opt/ros/jazzy/opt/gz_fuel_tools_vendor/lib:/opt/ros/jazzy/opt/gz_msgs_vendor/lib:/opt/ros/jazzy/opt/gz_common_vendor/lib:/opt/ros/jazzy/opt/gz_math_vendor/lib:/opt/ros/jazzy/opt/gz_utils_vendor/lib:/opt/ros/jazzy/opt/gz_tools_vendor/lib:/opt/ros/jazzy/opt/gz_ogre_next_vendor/lib:/opt/ros/jazzy/opt/gz_dartsim_vendor/lib:/opt/ros/jazzy/opt/gz_cmake_vendor/lib:/opt/ros/jazzy/lib', 'HOME': '/home/ubuntu', 'OLDPWD': '/workspace', 'ROS_PYTHON_VERSION': '3', 'COLCON_PREFIX_PATH': '/workspace/install', 'ROS_DISTRO': 'jazzy', '_': '/usr/bin/colcon', 'ROS_VERSION': '2', 'NVIDIA_DRIVER_CAPABILITIES': 'all', 'QT_X11_NO_MITSHM': '1', 'PATH': '/opt/ros/jazzy/opt/gz_msgs_vendor/bin:/opt/ros/jazzy/opt/gz_tools_vendor/bin:/opt/ros/jazzy/opt/gz_ogre_next_vendor/bin:/opt/ros/jazzy/bin:/usr/local/sbin:/usr/local/bin:/usr/sbin:/usr/bin:/sbin:/bin', 'DISPLAY': ':0', 'LANG': 'C.UTF-8', 'AMENT_PREFIX_PATH': '/workspace/install/ldlidar_stl_ros2:/workspace/install/bno08x_driver:/workspace/install/avaj_car_control:/opt/ros/jazzy', 'ROS_AUTOMATIC_DISCOVERY_RANGE': 'SUBNET', 'PWD': '/workspace/build/control_center', 'LC_ALL': 'C.UTF-8', 'PYTHONPATH': '/workspace/install/avaj_car_control/lib/python3.12/site-packages:/opt/ros/jazzy/lib/python3.12/site-packages', 'NVIDIA_VISIBLE_DEVICES': 'void', 'COLCON': '1', 'CMAKE_PREFIX_PATH': '/workspace/install/avaj_car_control:/workspace/install/ldlidar_stl_ros2:/workspace/install/bno08x_driver:/opt/ros/jazzy/opt/gz_sim_vendor:/opt/ros/jazzy/opt/gz_sensors_vendor:/opt/ros/jazzy/opt/gz_physics_vendor:/opt/ros/jazzy/opt/sdformat_vendor:/opt/ros/jazzy/opt/gz_gui_vendor:/opt/ros/jazzy/opt/gz_transport_vendor:/opt/ros/jazzy/opt/gz_rendering_vendor:/opt/ros/jazzy/opt/gz_plugin_vendor:/opt/ros/jazzy/opt/gz_fuel_tools_vendor:/opt/ros/jazzy/opt/gz_msgs_vendor:/opt/ros/jazzy/opt/gz_common_vendor:/opt/ros/jazzy/opt/gz_math_vendor:/opt/ros/jazzy/opt/gz_utils_vendor:/opt/ros/jazzy/opt/gz_tools_vendor:/opt/ros/jazzy/opt/gz_ogre_next_vendor:/opt/ros/jazzy/opt/gz_dartsim_vendor:/opt/ros/jazzy/opt/gz_cmake_vendor:/opt/ros/jazzy'}), 'shell': False}
[4.017295] (-) TimerEvent: {}
[4.080855] (control_center) StdoutLine: {'line': b'[ 50%] Building CXX object CMakeFiles/control_center.dir/c++.o\n'}
[4.090476] (control_center) StderrLine: {'line': b'c++: warning: /workspace/src/controll center/c++: linker input file unused because linking not done\n'}
[4.115087] (control_center) StdoutLine: {'line': b'[100%] Linking CXX executable control_center\n'}
[4.117319] (-) TimerEvent: {}
[4.146673] (control_center) StderrLine: {'line': b'/usr/bin/ld: cannot find CMakeFiles/control_center.dir/c++.o: No such file or directory\n'}
[4.194247] (control_center) StderrLine: {'line': b'collect2: error: ld returned 1 exit status\n'}
[4.197562] (control_center) StderrLine: {'line': b'gmake[2]: *** [CMakeFiles/control_center.dir/build.make:202: control_center] Error 1\n'}
[4.198385] (control_center) StderrLine: {'line': b'gmake[1]: *** [CMakeFiles/Makefile2:137: CMakeFiles/control_center.dir/all] Error 2\n'}
[4.198638] (control_center) StderrLine: {'line': b'gmake: *** [Makefile:146: all] Error 2\n'}
[4.202538] (control_center) CommandEnded: {'returncode': 2}
[4.212508] (control_center) JobEnded: {'identifier': 'control_center', 'rc': 2}
[4.217471] (-) TimerEvent: {}
[4.223509] (-) EventReactorShutdown: {}
