[0.239s] DEBUG:colcon:Command line arguments: ['/usr/bin/colcon', 'build', '--symlink-install', '--packages-select', 'control_center']
[0.239s] DEBUG:colcon:Parsed command line arguments: Namespace(log_base=None, log_level=None, verb_name='build', build_base='build', install_base='install', merge_install=False, symlink_install=True, test_result_base=None, continue_on_error=False, executor='parallel', parallel_workers=8, event_handlers=None, ignore_user_meta=False, metas=['./colcon.meta'], base_paths=['.'], packages_ignore=None, packages_ignore_regex=None, paths=None, packages_up_to=None, packages_up_to_regex=None, packages_above=None, packages_above_and_dependencies=None, packages_above_depth=None, packages_select_by_dep=None, packages_skip_by_dep=None, packages_skip_up_to=None, packages_select_build_failed=False, packages_skip_build_finished=False, packages_select_test_failures=False, packages_skip_test_passed=False, packages_select=['control_center'], packages_skip=None, packages_select_regex=None, packages_skip_regex=None, packages_start=None, packages_end=None, cmake_args=None, cmake_target=None, cmake_target_skip_unavailable=False, cmake_clean_cache=False, cmake_clean_first=False, cmake_force_configure=False, ament_cmake_args=None, catkin_cmake_args=None, catkin_skip_building_tests=False, mixin_files=None, mixin=None, verb_parser=<colcon_mixin.mixin.mixin_argument.MixinArgumentDecorator object at 0xffff9ad0ca10>, verb_extension=<colcon_core.verb.build.BuildVerb object at 0xffff9aec50a0>, main=<bound method BuildVerb.main of <colcon_core.verb.build.BuildVerb object at 0xffff9aec50a0>>, mixin_verb=('build',))
[0.326s] Level 1:colcon.colcon_core.package_discovery:discover_packages(colcon_meta) check parameters
[0.326s] Level 1:colcon.colcon_core.package_discovery:discover_packages(recursive) check parameters
[0.326s] Level 1:colcon.colcon_core.package_discovery:discover_packages(ignore) check parameters
[0.326s] Level 1:colcon.colcon_core.package_discovery:discover_packages(path) check parameters
[0.327s] Level 1:colcon.colcon_core.package_discovery:discover_packages(colcon_meta) discover
[0.327s] Level 1:colcon.colcon_core.package_discovery:discover_packages(recursive) discover
[0.327s] INFO:colcon.colcon_core.package_discovery:Crawling recursively for packages in '/workspace'
[0.327s] Level 1:colcon.colcon_core.package_identification:_identify(.) by extensions ['ignore', 'ignore_ament_install']
[0.327s] Level 1:colcon.colcon_core.package_identification:_identify(.) by extension 'ignore'
[0.327s] Level 1:colcon.colcon_core.package_identification:_identify(.) by extension 'ignore_ament_install'
[0.327s] Level 1:colcon.colcon_core.package_identification:_identify(.) by extensions ['colcon_pkg']
[0.328s] Level 1:colcon.colcon_core.package_identification:_identify(.) by extension 'colcon_pkg'
[0.328s] Level 1:colcon.colcon_core.package_identification:_identify(.) by extensions ['colcon_meta']
[0.328s] Level 1:colcon.colcon_core.package_identification:_identify(.) by extension 'colcon_meta'
[0.328s] Level 1:colcon.colcon_core.package_identification:_identify(.) by extensions ['ros']
[0.328s] Level 1:colcon.colcon_core.package_identification:_identify(.) by extension 'ros'
[0.385s] Level 1:colcon.colcon_core.package_identification:_identify(.) by extensions ['cmake', 'python']
[0.385s] Level 1:colcon.colcon_core.package_identification:_identify(.) by extension 'cmake'
[0.385s] Level 1:colcon.colcon_core.package_identification:_identify(.) by extension 'python'
[0.386s] Level 1:colcon.colcon_core.package_identification:_identify(.) by extensions ['python_setup_py']
[0.386s] Level 1:colcon.colcon_core.package_identification:_identify(.) by extension 'python_setup_py'
[0.386s] Level 1:colcon.colcon_core.package_identification:_identify(build) by extensions ['ignore', 'ignore_ament_install']
[0.386s] Level 1:colcon.colcon_core.package_identification:_identify(build) by extension 'ignore'
[0.386s] Level 1:colcon.colcon_core.package_identification:_identify(build) ignored
[0.386s] Level 1:colcon.colcon_core.package_identification:_identify(install) by extensions ['ignore', 'ignore_ament_install']
[0.387s] Level 1:colcon.colcon_core.package_identification:_identify(install) by extension 'ignore'
[0.387s] Level 1:colcon.colcon_core.package_identification:_identify(install) ignored
[0.387s] Level 1:colcon.colcon_core.package_identification:_identify(log) by extensions ['ignore', 'ignore_ament_install']
[0.387s] Level 1:colcon.colcon_core.package_identification:_identify(log) by extension 'ignore'
[0.387s] Level 1:colcon.colcon_core.package_identification:_identify(log) ignored
[0.387s] Level 1:colcon.colcon_core.package_identification:_identify(simulation) by extensions ['ignore', 'ignore_ament_install']
[0.387s] Level 1:colcon.colcon_core.package_identification:_identify(simulation) by extension 'ignore'
[0.387s] Level 1:colcon.colcon_core.package_identification:_identify(simulation) by extension 'ignore_ament_install'
[0.388s] Level 1:colcon.colcon_core.package_identification:_identify(simulation) by extensions ['colcon_pkg']
[0.388s] Level 1:colcon.colcon_core.package_identification:_identify(simulation) by extension 'colcon_pkg'
[0.388s] Level 1:colcon.colcon_core.package_identification:_identify(simulation) by extensions ['colcon_meta']
[0.388s] Level 1:colcon.colcon_core.package_identification:_identify(simulation) by extension 'colcon_meta'
[0.388s] Level 1:colcon.colcon_core.package_identification:_identify(simulation) by extensions ['ros']
[0.388s] Level 1:colcon.colcon_core.package_identification:_identify(simulation) by extension 'ros'
[0.388s] Level 1:colcon.colcon_core.package_identification:_identify(simulation) by extensions ['cmake', 'python']
[0.388s] Level 1:colcon.colcon_core.package_identification:_identify(simulation) by extension 'cmake'
[0.388s] Level 1:colcon.colcon_core.package_identification:_identify(simulation) by extension 'python'
[0.388s] Level 1:colcon.colcon_core.package_identification:_identify(simulation) by extensions ['python_setup_py']
[0.388s] Level 1:colcon.colcon_core.package_identification:_identify(simulation) by extension 'python_setup_py'
[0.389s] Level 1:colcon.colcon_core.package_identification:_identify(simulation/models) by extensions ['ignore', 'ignore_ament_install']
[0.389s] Level 1:colcon.colcon_core.package_identification:_identify(simulation/models) by extension 'ignore'
[0.389s] Level 1:colcon.colcon_core.package_identification:_identify(simulation/models) by extension 'ignore_ament_install'
[0.389s] Level 1:colcon.colcon_core.package_identification:_identify(simulation/models) by extensions ['colcon_pkg']
[0.389s] Level 1:colcon.colcon_core.package_identification:_identify(simulation/models) by extension 'colcon_pkg'
[0.389s] Level 1:colcon.colcon_core.package_identification:_identify(simulation/models) by extensions ['colcon_meta']
[0.389s] Level 1:colcon.colcon_core.package_identification:_identify(simulation/models) by extension 'colcon_meta'
[0.389s] Level 1:colcon.colcon_core.package_identification:_identify(simulation/models) by extensions ['ros']
[0.389s] Level 1:colcon.colcon_core.package_identification:_identify(simulation/models) by extension 'ros'
[0.389s] Level 1:colcon.colcon_core.package_identification:_identify(simulation/models) by extensions ['cmake', 'python']
[0.389s] Level 1:colcon.colcon_core.package_identification:_identify(simulation/models) by extension 'cmake'
[0.389s] Level 1:colcon.colcon_core.package_identification:_identify(simulation/models) by extension 'python'
[0.390s] Level 1:colcon.colcon_core.package_identification:_identify(simulation/models) by extensions ['python_setup_py']
[0.390s] Level 1:colcon.colcon_core.package_identification:_identify(simulation/models) by extension 'python_setup_py'
[0.390s] Level 1:colcon.colcon_core.package_identification:_identify(simulation/models/avaj_car) by extensions ['ignore', 'ignore_ament_install']
[0.390s] Level 1:colcon.colcon_core.package_identification:_identify(simulation/models/avaj_car) by extension 'ignore'
[0.390s] Level 1:colcon.colcon_core.package_identification:_identify(simulation/models/avaj_car) by extension 'ignore_ament_install'
[0.390s] Level 1:colcon.colcon_core.package_identification:_identify(simulation/models/avaj_car) by extensions ['colcon_pkg']
[0.390s] Level 1:colcon.colcon_core.package_identification:_identify(simulation/models/avaj_car) by extension 'colcon_pkg'
[0.390s] Level 1:colcon.colcon_core.package_identification:_identify(simulation/models/avaj_car) by extensions ['colcon_meta']
[0.390s] Level 1:colcon.colcon_core.package_identification:_identify(simulation/models/avaj_car) by extension 'colcon_meta'
[0.390s] Level 1:colcon.colcon_core.package_identification:_identify(simulation/models/avaj_car) by extensions ['ros']
[0.390s] Level 1:colcon.colcon_core.package_identification:_identify(simulation/models/avaj_car) by extension 'ros'
[0.391s] Level 1:colcon.colcon_core.package_identification:_identify(simulation/models/avaj_car) by extensions ['cmake', 'python']
[0.391s] Level 1:colcon.colcon_core.package_identification:_identify(simulation/models/avaj_car) by extension 'cmake'
[0.391s] Level 1:colcon.colcon_core.package_identification:_identify(simulation/models/avaj_car) by extension 'python'
[0.391s] Level 1:colcon.colcon_core.package_identification:_identify(simulation/models/avaj_car) by extensions ['python_setup_py']
[0.391s] Level 1:colcon.colcon_core.package_identification:_identify(simulation/models/avaj_car) by extension 'python_setup_py'
[0.391s] Level 1:colcon.colcon_core.package_identification:_identify(simulation/worlds) by extensions ['ignore', 'ignore_ament_install']
[0.391s] Level 1:colcon.colcon_core.package_identification:_identify(simulation/worlds) by extension 'ignore'
[0.391s] Level 1:colcon.colcon_core.package_identification:_identify(simulation/worlds) by extension 'ignore_ament_install'
[0.391s] Level 1:colcon.colcon_core.package_identification:_identify(simulation/worlds) by extensions ['colcon_pkg']
[0.391s] Level 1:colcon.colcon_core.package_identification:_identify(simulation/worlds) by extension 'colcon_pkg'
[0.392s] Level 1:colcon.colcon_core.package_identification:_identify(simulation/worlds) by extensions ['colcon_meta']
[0.392s] Level 1:colcon.colcon_core.package_identification:_identify(simulation/worlds) by extension 'colcon_meta'
[0.392s] Level 1:colcon.colcon_core.package_identification:_identify(simulation/worlds) by extensions ['ros']
[0.392s] Level 1:colcon.colcon_core.package_identification:_identify(simulation/worlds) by extension 'ros'
[0.392s] Level 1:colcon.colcon_core.package_identification:_identify(simulation/worlds) by extensions ['cmake', 'python']
[0.392s] Level 1:colcon.colcon_core.package_identification:_identify(simulation/worlds) by extension 'cmake'
[0.392s] Level 1:colcon.colcon_core.package_identification:_identify(simulation/worlds) by extension 'python'
[0.392s] Level 1:colcon.colcon_core.package_identification:_identify(simulation/worlds) by extensions ['python_setup_py']
[0.392s] Level 1:colcon.colcon_core.package_identification:_identify(simulation/worlds) by extension 'python_setup_py'
[0.392s] Level 1:colcon.colcon_core.package_identification:_identify(src) by extensions ['ignore', 'ignore_ament_install']
[0.392s] Level 1:colcon.colcon_core.package_identification:_identify(src) by extension 'ignore'
[0.392s] Level 1:colcon.colcon_core.package_identification:_identify(src) by extension 'ignore_ament_install'
[0.393s] Level 1:colcon.colcon_core.package_identification:_identify(src) by extensions ['colcon_pkg']
[0.393s] Level 1:colcon.colcon_core.package_identification:_identify(src) by extension 'colcon_pkg'
[0.393s] Level 1:colcon.colcon_core.package_identification:_identify(src) by extensions ['colcon_meta']
[0.393s] Level 1:colcon.colcon_core.package_identification:_identify(src) by extension 'colcon_meta'
[0.393s] Level 1:colcon.colcon_core.package_identification:_identify(src) by extensions ['ros']
[0.393s] Level 1:colcon.colcon_core.package_identification:_identify(src) by extension 'ros'
[0.393s] Level 1:colcon.colcon_core.package_identification:_identify(src) by extensions ['cmake', 'python']
[0.393s] Level 1:colcon.colcon_core.package_identification:_identify(src) by extension 'cmake'
[0.393s] Level 1:colcon.colcon_core.package_identification:_identify(src) by extension 'python'
[0.393s] Level 1:colcon.colcon_core.package_identification:_identify(src) by extensions ['python_setup_py']
[0.393s] Level 1:colcon.colcon_core.package_identification:_identify(src) by extension 'python_setup_py'
[0.393s] Level 1:colcon.colcon_core.package_identification:_identify(src/avaj_car_control) by extensions ['ignore', 'ignore_ament_install']
[0.394s] Level 1:colcon.colcon_core.package_identification:_identify(src/avaj_car_control) by extension 'ignore'
[0.394s] Level 1:colcon.colcon_core.package_identification:_identify(src/avaj_car_control) by extension 'ignore_ament_install'
[0.394s] Level 1:colcon.colcon_core.package_identification:_identify(src/avaj_car_control) by extensions ['colcon_pkg']
[0.394s] Level 1:colcon.colcon_core.package_identification:_identify(src/avaj_car_control) by extension 'colcon_pkg'
[0.394s] Level 1:colcon.colcon_core.package_identification:_identify(src/avaj_car_control) by extensions ['colcon_meta']
[0.394s] Level 1:colcon.colcon_core.package_identification:_identify(src/avaj_car_control) by extension 'colcon_meta'
[0.394s] Level 1:colcon.colcon_core.package_identification:_identify(src/avaj_car_control) by extensions ['ros']
[0.394s] Level 1:colcon.colcon_core.package_identification:_identify(src/avaj_car_control) by extension 'ros'
[0.399s] DEBUG:colcon.colcon_core.package_identification:Package 'src/avaj_car_control' with type 'ros.ament_cmake' and name 'avaj_car_control'
[0.400s] Level 1:colcon.colcon_core.package_identification:_identify(src/bno08x_driver) by extensions ['ignore', 'ignore_ament_install']
[0.400s] Level 1:colcon.colcon_core.package_identification:_identify(src/bno08x_driver) by extension 'ignore'
[0.400s] Level 1:colcon.colcon_core.package_identification:_identify(src/bno08x_driver) by extension 'ignore_ament_install'
[0.400s] Level 1:colcon.colcon_core.package_identification:_identify(src/bno08x_driver) by extensions ['colcon_pkg']
[0.400s] Level 1:colcon.colcon_core.package_identification:_identify(src/bno08x_driver) by extension 'colcon_pkg'
[0.400s] Level 1:colcon.colcon_core.package_identification:_identify(src/bno08x_driver) by extensions ['colcon_meta']
[0.400s] Level 1:colcon.colcon_core.package_identification:_identify(src/bno08x_driver) by extension 'colcon_meta'
[0.401s] Level 1:colcon.colcon_core.package_identification:_identify(src/bno08x_driver) by extensions ['ros']
[0.401s] Level 1:colcon.colcon_core.package_identification:_identify(src/bno08x_driver) by extension 'ros'
[0.402s] DEBUG:colcon.colcon_core.package_identification:Package 'src/bno08x_driver' with type 'ros.ament_cmake' and name 'bno08x_driver'
[0.402s] Level 1:colcon.colcon_core.package_identification:_identify(src/controll center) by extensions ['ignore', 'ignore_ament_install']
[0.402s] Level 1:colcon.colcon_core.package_identification:_identify(src/controll center) by extension 'ignore'
[0.402s] Level 1:colcon.colcon_core.package_identification:_identify(src/controll center) by extension 'ignore_ament_install'
[0.403s] Level 1:colcon.colcon_core.package_identification:_identify(src/controll center) by extensions ['colcon_pkg']
[0.403s] Level 1:colcon.colcon_core.package_identification:_identify(src/controll center) by extension 'colcon_pkg'
[0.403s] Level 1:colcon.colcon_core.package_identification:_identify(src/controll center) by extensions ['colcon_meta']
[0.403s] Level 1:colcon.colcon_core.package_identification:_identify(src/controll center) by extension 'colcon_meta'
[0.403s] Level 1:colcon.colcon_core.package_identification:_identify(src/controll center) by extensions ['ros']
[0.403s] Level 1:colcon.colcon_core.package_identification:_identify(src/controll center) by extension 'ros'
[0.404s] DEBUG:colcon.colcon_core.package_identification:Package 'src/controll center' with type 'ros.ament_cmake' and name 'control_center'
[0.404s] Level 1:colcon.colcon_core.package_identification:_identify(src/ldlidar_stl_ros2) by extensions ['ignore', 'ignore_ament_install']
[0.404s] Level 1:colcon.colcon_core.package_identification:_identify(src/ldlidar_stl_ros2) by extension 'ignore'
[0.404s] Level 1:colcon.colcon_core.package_identification:_identify(src/ldlidar_stl_ros2) by extension 'ignore_ament_install'
[0.404s] Level 1:colcon.colcon_core.package_identification:_identify(src/ldlidar_stl_ros2) by extensions ['colcon_pkg']
[0.405s] Level 1:colcon.colcon_core.package_identification:_identify(src/ldlidar_stl_ros2) by extension 'colcon_pkg'
[0.405s] Level 1:colcon.colcon_core.package_identification:_identify(src/ldlidar_stl_ros2) by extensions ['colcon_meta']
[0.405s] Level 1:colcon.colcon_core.package_identification:_identify(src/ldlidar_stl_ros2) by extension 'colcon_meta'
[0.405s] Level 1:colcon.colcon_core.package_identification:_identify(src/ldlidar_stl_ros2) by extensions ['ros']
[0.405s] Level 1:colcon.colcon_core.package_identification:_identify(src/ldlidar_stl_ros2) by extension 'ros'
[0.406s] DEBUG:colcon.colcon_core.package_identification:Package 'src/ldlidar_stl_ros2' with type 'ros.ament_cmake' and name 'ldlidar_stl_ros2'
[0.406s] Level 1:colcon.colcon_core.package_discovery:discover_packages(recursive) using defaults
[0.406s] Level 1:colcon.colcon_core.package_discovery:discover_packages(ignore) discover
[0.406s] Level 1:colcon.colcon_core.package_discovery:discover_packages(ignore) using defaults
[0.406s] Level 1:colcon.colcon_core.package_discovery:discover_packages(path) discover
[0.406s] Level 1:colcon.colcon_core.package_discovery:discover_packages(path) using defaults
[0.445s] INFO:colcon.colcon_core.package_selection:Skipping not selected package 'avaj_car_control' in 'src/avaj_car_control'
[0.445s] INFO:colcon.colcon_core.package_selection:Skipping not selected package 'bno08x_driver' in 'src/bno08x_driver'
[0.445s] INFO:colcon.colcon_core.package_selection:Skipping not selected package 'ldlidar_stl_ros2' in 'src/ldlidar_stl_ros2'
[0.446s] Level 5:colcon.colcon_core.verb:set package 'control_center' build argument 'cmake_args' from command line to 'None'
[0.446s] Level 5:colcon.colcon_core.verb:set package 'control_center' build argument 'cmake_target' from command line to 'None'
[0.446s] Level 5:colcon.colcon_core.verb:set package 'control_center' build argument 'cmake_target_skip_unavailable' from command line to 'False'
[0.446s] Level 5:colcon.colcon_core.verb:set package 'control_center' build argument 'cmake_clean_cache' from command line to 'False'
[0.446s] Level 5:colcon.colcon_core.verb:set package 'control_center' build argument 'cmake_clean_first' from command line to 'False'
[0.446s] Level 5:colcon.colcon_core.verb:set package 'control_center' build argument 'cmake_force_configure' from command line to 'False'
[0.446s] Level 5:colcon.colcon_core.verb:set package 'control_center' build argument 'ament_cmake_args' from command line to 'None'
[0.446s] Level 5:colcon.colcon_core.verb:set package 'control_center' build argument 'catkin_cmake_args' from command line to 'None'
[0.446s] Level 5:colcon.colcon_core.verb:set package 'control_center' build argument 'catkin_skip_building_tests' from command line to 'False'
[0.446s] DEBUG:colcon.colcon_core.verb:Building package 'control_center' with the following arguments: {'ament_cmake_args': None, 'build_base': '/workspace/build/control_center', 'catkin_cmake_args': None, 'catkin_skip_building_tests': False, 'cmake_args': None, 'cmake_clean_cache': False, 'cmake_clean_first': False, 'cmake_force_configure': False, 'cmake_target': None, 'cmake_target_skip_unavailable': False, 'install_base': '/workspace/install/control_center', 'merge_install': False, 'path': '/workspace/src/controll center', 'symlink_install': True, 'test_result_base': None}
[0.447s] INFO:colcon.colcon_core.executor:Executing jobs using 'parallel' executor
[0.449s] DEBUG:colcon.colcon_parallel_executor.executor.parallel:run_until_complete
[0.450s] INFO:colcon.colcon_ros.task.ament_cmake.build:Building ROS package in '/workspace/src/controll center' with build type 'ament_cmake'
[0.450s] INFO:colcon.colcon_cmake.task.cmake.build:Building CMake package in '/workspace/src/controll center'
[0.454s] INFO:colcon.colcon_core.plugin_system:Skipping extension 'colcon_core.shell.bat': Not used on non-Windows systems
[0.455s] INFO:colcon.colcon_core.shell:Skip shell extension 'powershell' for command environment: Not usable outside of PowerShell
[0.455s] DEBUG:colcon.colcon_core.shell:Skip shell extension 'dsv' for command environment
[0.485s] DEBUG:colcon.colcon_core.event_handler.log_command:Invoking command in '/workspace/build/control_center': CMAKE_PREFIX_PATH=/workspace/install/avaj_car_control:/workspace/install/ldlidar_stl_ros2:/workspace/install/control_center:/workspace/install/bno08x_driver:/opt/ros/jazzy/opt/gz_sim_vendor:/opt/ros/jazzy/opt/gz_sensors_vendor:/opt/ros/jazzy/opt/gz_physics_vendor:/opt/ros/jazzy/opt/sdformat_vendor:/opt/ros/jazzy/opt/gz_gui_vendor:/opt/ros/jazzy/opt/gz_transport_vendor:/opt/ros/jazzy/opt/gz_rendering_vendor:/opt/ros/jazzy/opt/gz_plugin_vendor:/opt/ros/jazzy/opt/gz_fuel_tools_vendor:/opt/ros/jazzy/opt/gz_msgs_vendor:/opt/ros/jazzy/opt/gz_common_vendor:/opt/ros/jazzy/opt/gz_math_vendor:/opt/ros/jazzy/opt/gz_utils_vendor:/opt/ros/jazzy/opt/gz_tools_vendor:/opt/ros/jazzy/opt/gz_ogre_next_vendor:/opt/ros/jazzy/opt/gz_dartsim_vendor:/opt/ros/jazzy/opt/gz_cmake_vendor:/opt/ros/jazzy /usr/bin/cmake --build /workspace/build/control_center -- -j8 -l8
[45.464s] DEBUG:colcon.colcon_core.event_handler.log_command:Invoked command in '/workspace/build/control_center' returned '0': CMAKE_PREFIX_PATH=/workspace/install/avaj_car_control:/workspace/install/ldlidar_stl_ros2:/workspace/install/control_center:/workspace/install/bno08x_driver:/opt/ros/jazzy/opt/gz_sim_vendor:/opt/ros/jazzy/opt/gz_sensors_vendor:/opt/ros/jazzy/opt/gz_physics_vendor:/opt/ros/jazzy/opt/sdformat_vendor:/opt/ros/jazzy/opt/gz_gui_vendor:/opt/ros/jazzy/opt/gz_transport_vendor:/opt/ros/jazzy/opt/gz_rendering_vendor:/opt/ros/jazzy/opt/gz_plugin_vendor:/opt/ros/jazzy/opt/gz_fuel_tools_vendor:/opt/ros/jazzy/opt/gz_msgs_vendor:/opt/ros/jazzy/opt/gz_common_vendor:/opt/ros/jazzy/opt/gz_math_vendor:/opt/ros/jazzy/opt/gz_utils_vendor:/opt/ros/jazzy/opt/gz_tools_vendor:/opt/ros/jazzy/opt/gz_ogre_next_vendor:/opt/ros/jazzy/opt/gz_dartsim_vendor:/opt/ros/jazzy/opt/gz_cmake_vendor:/opt/ros/jazzy /usr/bin/cmake --build /workspace/build/control_center -- -j8 -l8
[45.488s] DEBUG:colcon.colcon_core.event_handler.log_command:Invoking command in '/workspace/build/control_center': CMAKE_PREFIX_PATH=/workspace/install/avaj_car_control:/workspace/install/ldlidar_stl_ros2:/workspace/install/control_center:/workspace/install/bno08x_driver:/opt/ros/jazzy/opt/gz_sim_vendor:/opt/ros/jazzy/opt/gz_sensors_vendor:/opt/ros/jazzy/opt/gz_physics_vendor:/opt/ros/jazzy/opt/sdformat_vendor:/opt/ros/jazzy/opt/gz_gui_vendor:/opt/ros/jazzy/opt/gz_transport_vendor:/opt/ros/jazzy/opt/gz_rendering_vendor:/opt/ros/jazzy/opt/gz_plugin_vendor:/opt/ros/jazzy/opt/gz_fuel_tools_vendor:/opt/ros/jazzy/opt/gz_msgs_vendor:/opt/ros/jazzy/opt/gz_common_vendor:/opt/ros/jazzy/opt/gz_math_vendor:/opt/ros/jazzy/opt/gz_utils_vendor:/opt/ros/jazzy/opt/gz_tools_vendor:/opt/ros/jazzy/opt/gz_ogre_next_vendor:/opt/ros/jazzy/opt/gz_dartsim_vendor:/opt/ros/jazzy/opt/gz_cmake_vendor:/opt/ros/jazzy /usr/bin/cmake --install /workspace/build/control_center
[45.536s] Level 1:colcon.colcon_core.environment:create_environment_scripts_only(control_center)
[45.538s] DEBUG:colcon.colcon_core.event_handler.log_command:Invoked command in '/workspace/build/control_center' returned '0': CMAKE_PREFIX_PATH=/workspace/install/avaj_car_control:/workspace/install/ldlidar_stl_ros2:/workspace/install/control_center:/workspace/install/bno08x_driver:/opt/ros/jazzy/opt/gz_sim_vendor:/opt/ros/jazzy/opt/gz_sensors_vendor:/opt/ros/jazzy/opt/gz_physics_vendor:/opt/ros/jazzy/opt/sdformat_vendor:/opt/ros/jazzy/opt/gz_gui_vendor:/opt/ros/jazzy/opt/gz_transport_vendor:/opt/ros/jazzy/opt/gz_rendering_vendor:/opt/ros/jazzy/opt/gz_plugin_vendor:/opt/ros/jazzy/opt/gz_fuel_tools_vendor:/opt/ros/jazzy/opt/gz_msgs_vendor:/opt/ros/jazzy/opt/gz_common_vendor:/opt/ros/jazzy/opt/gz_math_vendor:/opt/ros/jazzy/opt/gz_utils_vendor:/opt/ros/jazzy/opt/gz_tools_vendor:/opt/ros/jazzy/opt/gz_ogre_next_vendor:/opt/ros/jazzy/opt/gz_dartsim_vendor:/opt/ros/jazzy/opt/gz_cmake_vendor:/opt/ros/jazzy /usr/bin/cmake --install /workspace/build/control_center
[45.547s] Level 1:colcon.colcon_core.environment:checking '/workspace/install/control_center' for CMake module files
[45.549s] Level 1:colcon.colcon_core.environment:checking '/workspace/install/control_center' for CMake config files
[45.550s] Level 1:colcon.colcon_core.shell:create_environment_hook('control_center', 'cmake_prefix_path')
[45.550s] INFO:colcon.colcon_core.shell:Creating environment hook '/workspace/install/control_center/share/control_center/hook/cmake_prefix_path.ps1'
[45.553s] INFO:colcon.colcon_core.shell:Creating environment descriptor '/workspace/install/control_center/share/control_center/hook/cmake_prefix_path.dsv'
[45.554s] INFO:colcon.colcon_core.shell:Creating environment hook '/workspace/install/control_center/share/control_center/hook/cmake_prefix_path.sh'
[45.555s] Level 1:colcon.colcon_core.environment:checking '/workspace/install/control_center/lib'
[45.556s] Level 1:colcon.colcon_core.environment:checking '/workspace/install/control_center/bin'
[45.556s] Level 1:colcon.colcon_core.environment:checking '/workspace/install/control_center/lib/pkgconfig/control_center.pc'
[45.559s] Level 1:colcon.colcon_core.environment:checking '/workspace/install/control_center/lib/python3.12/site-packages'
[45.560s] Level 1:colcon.colcon_core.environment:checking '/workspace/install/control_center/bin'
[45.561s] INFO:colcon.colcon_core.shell:Creating package script '/workspace/install/control_center/share/control_center/package.ps1'
[45.563s] INFO:colcon.colcon_core.shell:Creating package descriptor '/workspace/install/control_center/share/control_center/package.dsv'
[45.565s] INFO:colcon.colcon_core.shell:Creating package script '/workspace/install/control_center/share/control_center/package.sh'
[45.566s] INFO:colcon.colcon_core.shell:Creating package script '/workspace/install/control_center/share/control_center/package.bash'
[45.568s] INFO:colcon.colcon_core.shell:Creating package script '/workspace/install/control_center/share/control_center/package.zsh'
[45.569s] Level 1:colcon.colcon_core.environment:create_file_with_runtime_dependencies(/workspace/install/control_center/share/colcon-core/packages/control_center)
[45.570s] Level 1:colcon.colcon_core.environment:create_environment_scripts_only(control_center)
[45.571s] Level 1:colcon.colcon_core.environment:checking '/workspace/install/control_center' for CMake module files
[45.572s] Level 1:colcon.colcon_core.environment:checking '/workspace/install/control_center' for CMake config files
[45.573s] Level 1:colcon.colcon_core.shell:create_environment_hook('control_center', 'cmake_prefix_path')
[45.573s] INFO:colcon.colcon_core.shell:Creating environment hook '/workspace/install/control_center/share/control_center/hook/cmake_prefix_path.ps1'
[45.574s] INFO:colcon.colcon_core.shell:Creating environment descriptor '/workspace/install/control_center/share/control_center/hook/cmake_prefix_path.dsv'
[45.575s] INFO:colcon.colcon_core.shell:Creating environment hook '/workspace/install/control_center/share/control_center/hook/cmake_prefix_path.sh'
[45.576s] Level 1:colcon.colcon_core.environment:checking '/workspace/install/control_center/lib'
[45.576s] Level 1:colcon.colcon_core.environment:checking '/workspace/install/control_center/bin'
[45.577s] Level 1:colcon.colcon_core.environment:checking '/workspace/install/control_center/lib/pkgconfig/control_center.pc'
[45.577s] Level 1:colcon.colcon_core.environment:checking '/workspace/install/control_center/lib/python3.12/site-packages'
[45.578s] Level 1:colcon.colcon_core.environment:checking '/workspace/install/control_center/bin'
[45.578s] INFO:colcon.colcon_core.shell:Creating package script '/workspace/install/control_center/share/control_center/package.ps1'
[45.580s] INFO:colcon.colcon_core.shell:Creating package descriptor '/workspace/install/control_center/share/control_center/package.dsv'
[45.582s] INFO:colcon.colcon_core.shell:Creating package script '/workspace/install/control_center/share/control_center/package.sh'
[45.583s] INFO:colcon.colcon_core.shell:Creating package script '/workspace/install/control_center/share/control_center/package.bash'
[45.584s] INFO:colcon.colcon_core.shell:Creating package script '/workspace/install/control_center/share/control_center/package.zsh'
[45.585s] Level 1:colcon.colcon_core.environment:create_file_with_runtime_dependencies(/workspace/install/control_center/share/colcon-core/packages/control_center)
[45.586s] DEBUG:colcon.colcon_parallel_executor.executor.parallel:closing loop
[45.587s] DEBUG:colcon.colcon_parallel_executor.executor.parallel:loop closed
[45.587s] DEBUG:colcon.colcon_parallel_executor.executor.parallel:run_until_complete finished with '0'
[45.587s] DEBUG:colcon.colcon_core.event_reactor:joining thread
[45.606s] INFO:colcon.colcon_core.plugin_system:Skipping extension 'colcon_notification.desktop_notification.notify_send': Could not find 'notify-send'
[45.606s] INFO:colcon.colcon_core.plugin_system:Skipping extension 'colcon_notification.desktop_notification.terminal_notifier': Not used on non-Darwin systems
[45.606s] INFO:colcon.colcon_core.plugin_system:Skipping extension 'colcon_notification.desktop_notification.win32': Not used on non-Windows systems
[45.606s] INFO:colcon.colcon_notification.desktop_notification:Sending desktop notification using 'notify2'
[45.613s] DEBUG:colcon.colcon_notification.desktop_notification.notify2:Failed to initialize notify2: org.freedesktop.DBus.Error.Spawn.ExecFailed: /usr/bin/dbus-launch terminated abnormally without any error message
[45.613s] DEBUG:colcon.colcon_core.event_reactor:joined thread
[45.614s] INFO:colcon.colcon_core.shell:Creating prefix script '/workspace/install/local_setup.ps1'
[45.617s] INFO:colcon.colcon_core.shell:Creating prefix util module '/workspace/install/_local_setup_util_ps1.py'
[45.621s] INFO:colcon.colcon_core.shell:Creating prefix chain script '/workspace/install/setup.ps1'
[45.624s] INFO:colcon.colcon_core.shell:Creating prefix script '/workspace/install/local_setup.sh'
[45.625s] INFO:colcon.colcon_core.shell:Creating prefix util module '/workspace/install/_local_setup_util_sh.py'
[45.627s] INFO:colcon.colcon_core.shell:Creating prefix chain script '/workspace/install/setup.sh'
[45.629s] INFO:colcon.colcon_core.shell:Creating prefix script '/workspace/install/local_setup.bash'
[45.630s] INFO:colcon.colcon_core.shell:Creating prefix chain script '/workspace/install/setup.bash'
[45.632s] INFO:colcon.colcon_core.shell:Creating prefix script '/workspace/install/local_setup.zsh'
[45.633s] INFO:colcon.colcon_core.shell:Creating prefix chain script '/workspace/install/setup.zsh'
