[0.000000] (-) TimerEvent: {}
[0.000248] (-) JobUnselected: {'identifier': 'avaj_car_control'}
[0.000823] (-) JobUnselected: {'identifier': 'bno08x_driver'}
[0.000977] (-) JobUnselected: {'identifier': 'ldlidar_stl_ros2'}
[0.001363] (control_center) JobQueued: {'identifier': 'control_center', 'dependencies': OrderedDict({'avaj_car_control': '/workspace/install/avaj_car_control'})}
[0.001653] (control_center) JobStarted: {'identifier': 'control_center'}
[0.027317] (control_center) JobProgress: {'identifier': 'control_center', 'progress': 'cmake'}
[0.028567] (control_center) JobProgress: {'identifier': 'control_center', 'progress': 'build'}
[0.029913] (control_center) Command: {'cmd': ['/usr/bin/cmake', '--build', '/workspace/build/control_center', '--', '-j8', '-l8'], 'cwd': '/workspace/build/control_center', 'env': OrderedDict({'GZ_SIM_RESOURCE_PATH': '/opt/ros/jazzy/share', 'GZ_CONFIG_PATH': '/opt/ros/jazzy/opt/gz_sim_vendor/share/gz:/opt/ros/jazzy/opt/sdformat_vendor/share/gz:/opt/ros/jazzy/opt/gz_gui_vendor/share/gz:/opt/ros/jazzy/opt/gz_transport_vendor/share/gz:/opt/ros/jazzy/opt/gz_rendering_vendor/share/gz:/opt/ros/jazzy/opt/gz_plugin_vendor/share/gz:/opt/ros/jazzy/opt/gz_fuel_tools_vendor/share/gz:/opt/ros/jazzy/opt/gz_msgs_vendor/share/gz:/opt/ros/jazzy/opt/gz_common_vendor/share/gz', 'HOSTNAME': 'avaj-desktop', 'SHLVL': '0', 'LD_LIBRARY_PATH': '/workspace/install/avaj_car_control/lib:/opt/ros/jazzy/opt/gz_sim_vendor/lib:/opt/ros/jazzy/opt/gz_sensors_vendor/lib:/opt/ros/jazzy/opt/gz_physics_vendor/lib:/opt/ros/jazzy/opt/sdformat_vendor/lib:/opt/ros/jazzy/opt/rviz_ogre_vendor/lib:/opt/ros/jazzy/lib/aarch64-linux-gnu:/opt/ros/jazzy/opt/gz_gui_vendor/lib:/opt/ros/jazzy/opt/gz_transport_vendor/lib:/opt/ros/jazzy/opt/gz_rendering_vendor/lib:/opt/ros/jazzy/opt/gz_plugin_vendor/lib:/opt/ros/jazzy/opt/gz_fuel_tools_vendor/lib:/opt/ros/jazzy/opt/gz_msgs_vendor/lib:/opt/ros/jazzy/opt/gz_common_vendor/lib:/opt/ros/jazzy/opt/gz_math_vendor/lib:/opt/ros/jazzy/opt/gz_utils_vendor/lib:/opt/ros/jazzy/opt/gz_tools_vendor/lib:/opt/ros/jazzy/opt/gz_ogre_next_vendor/lib:/opt/ros/jazzy/opt/gz_dartsim_vendor/lib:/opt/ros/jazzy/opt/gz_cmake_vendor/lib:/opt/ros/jazzy/lib', 'HOME': '/home/ubuntu', 'OLDPWD': '/workspace', 'ROS_PYTHON_VERSION': '3', 'COLCON_PREFIX_PATH': '/workspace/install', 'ROS_DISTRO': 'jazzy', '_': '/usr/bin/colcon', 'ROS_VERSION': '2', 'NVIDIA_DRIVER_CAPABILITIES': 'all', 'QT_X11_NO_MITSHM': '1', 'PATH': '/opt/ros/jazzy/opt/gz_msgs_vendor/bin:/opt/ros/jazzy/opt/gz_tools_vendor/bin:/opt/ros/jazzy/opt/gz_ogre_next_vendor/bin:/opt/ros/jazzy/bin:/usr/local/sbin:/usr/local/bin:/usr/sbin:/usr/bin:/sbin:/bin', 'DISPLAY': ':0', 'LANG': 'C.UTF-8', 'AMENT_PREFIX_PATH': '/workspace/install/ldlidar_stl_ros2:/workspace/install/bno08x_driver:/workspace/install/avaj_car_control:/opt/ros/jazzy', 'ROS_AUTOMATIC_DISCOVERY_RANGE': 'SUBNET', 'PWD': '/workspace/build/control_center', 'LC_ALL': 'C.UTF-8', 'PYTHONPATH': '/workspace/install/avaj_car_control/lib/python3.12/site-packages:/opt/ros/jazzy/lib/python3.12/site-packages', 'NVIDIA_VISIBLE_DEVICES': 'void', 'COLCON': '1', 'CMAKE_PREFIX_PATH': '/workspace/install/avaj_car_control:/workspace/install/ldlidar_stl_ros2:/workspace/install/bno08x_driver:/opt/ros/jazzy/opt/gz_sim_vendor:/opt/ros/jazzy/opt/gz_sensors_vendor:/opt/ros/jazzy/opt/gz_physics_vendor:/opt/ros/jazzy/opt/sdformat_vendor:/opt/ros/jazzy/opt/gz_gui_vendor:/opt/ros/jazzy/opt/gz_transport_vendor:/opt/ros/jazzy/opt/gz_rendering_vendor:/opt/ros/jazzy/opt/gz_plugin_vendor:/opt/ros/jazzy/opt/gz_fuel_tools_vendor:/opt/ros/jazzy/opt/gz_msgs_vendor:/opt/ros/jazzy/opt/gz_common_vendor:/opt/ros/jazzy/opt/gz_math_vendor:/opt/ros/jazzy/opt/gz_utils_vendor:/opt/ros/jazzy/opt/gz_tools_vendor:/opt/ros/jazzy/opt/gz_ogre_next_vendor:/opt/ros/jazzy/opt/gz_dartsim_vendor:/opt/ros/jazzy/opt/gz_cmake_vendor:/opt/ros/jazzy'}), 'shell': False}
[0.096736] (control_center) StdoutLine: {'line': b'-- Found ament_cmake: 2.5.6 (/opt/ros/jazzy/share/ament_cmake/cmake)\n'}
[0.099421] (-) TimerEvent: {}
[0.199711] (-) TimerEvent: {}
[0.300038] (-) TimerEvent: {}
[0.401367] (-) TimerEvent: {}
[0.501732] (-) TimerEvent: {}
[0.528071] (control_center) StdoutLine: {'line': b'-- Override CMake install command with custom implementation using symlinks instead of copying resources\n'}
[0.542395] (control_center) StdoutLine: {'line': b'-- Found avaj_car_control: 0.1.0 (/workspace/install/avaj_car_control/share/avaj_car_control/cmake)\n'}
[0.588052] (control_center) StdoutLine: {'line': b'-- Found rosidl_generator_c: 4.6.9 (/opt/ros/jazzy/share/rosidl_generator_c/cmake)\n'}
[0.601897] (-) TimerEvent: {}
[0.603989] (control_center) StdoutLine: {'line': b'-- Found rosidl_generator_cpp: 4.6.9 (/opt/ros/jazzy/share/rosidl_generator_cpp/cmake)\n'}
[0.626917] (control_center) StdoutLine: {'line': b'-- Using all available rosidl_typesupport_c: rosidl_typesupport_fastrtps_c;rosidl_typesupport_introspection_c\n'}
[0.649167] (control_center) StdoutLine: {'line': b'-- Using all available rosidl_typesupport_cpp: rosidl_typesupport_fastrtps_cpp;rosidl_typesupport_introspection_cpp\n'}
[0.671893] (control_center) StdoutLine: {'line': b'-- Found nav_msgs: 5.3.8 (/opt/ros/jazzy/share/nav_msgs/cmake)\n'}
[0.702195] (-) TimerEvent: {}
[0.790086] (control_center) StdoutLine: {'line': b'-- Found rclcpp: 28.1.21 (/opt/ros/jazzy/share/rclcpp/cmake)\n'}
[0.802362] (-) TimerEvent: {}
[0.847961] (control_center) StdoutLine: {'line': b'-- Found rmw_implementation_cmake: 7.3.3 (/opt/ros/jazzy/share/rmw_implementation_cmake/cmake)\n'}
[0.850638] (control_center) StdoutLine: {'line': b'-- Found rmw_fastrtps_cpp: 8.4.4 (/opt/ros/jazzy/share/rmw_fastrtps_cpp/cmake)\n'}
[0.902520] (-) TimerEvent: {}
[0.968935] (control_center) StdoutLine: {'line': b"-- Using RMW implementation 'rmw_fastrtps_cpp' as default\n"}
[1.002705] (-) TimerEvent: {}
[1.075744] (control_center) StdoutLine: {'line': b'-- Found sensor_msgs: 5.3.8 (/opt/ros/jazzy/share/sensor_msgs/cmake)\n'}
[1.103846] (-) TimerEvent: {}
[1.204186] (-) TimerEvent: {}
[1.304561] (-) TimerEvent: {}
[1.320768] (control_center) StdoutLine: {'line': b'-- Configuring done (1.2s)\n'}
[1.354609] (control_center) StdoutLine: {'line': b'-- Generating done (0.0s)\n'}
[1.363153] (control_center) StdoutLine: {'line': b'-- Build files have been written to: /workspace/build/control_center\n'}
[1.404766] (-) TimerEvent: {}
[1.447988] (control_center) StdoutLine: {'line': b'[ 50%] Building CXX object CMakeFiles/control_center.dir/c++.o\n'}
[1.453152] (control_center) StderrLine: {'line': b'c++: warning: /workspace/src/controll center/c++: linker input file unused because linking not done\n'}
[1.478863] (control_center) StdoutLine: {'line': b'[100%] Linking CXX executable control_center\n'}
[1.504991] (-) TimerEvent: {}
[1.510985] (control_center) StderrLine: {'line': b'/usr/bin/ld: cannot find CMakeFiles/control_center.dir/c++.o: No such file or directory\n'}
[1.558790] (control_center) StderrLine: {'line': b'collect2: error: ld returned 1 exit status\n'}
[1.562414] (control_center) StderrLine: {'line': b'gmake[2]: *** [CMakeFiles/control_center.dir/build.make:202: control_center] Error 1\n'}
[1.563173] (control_center) StderrLine: {'line': b'gmake[1]: *** [CMakeFiles/Makefile2:137: CMakeFiles/control_center.dir/all] Error 2\n'}
[1.564048] (control_center) StderrLine: {'line': b'gmake: *** [Makefile:146: all] Error 2\n'}
[1.568182] (control_center) CommandEnded: {'returncode': 2}
[1.593420] (control_center) JobEnded: {'identifier': 'control_center', 'rc': 2}
[1.595386] (-) EventReactorShutdown: {}
