[0.000000] (-) TimerEvent: {}
[0.000251] (-) JobUnselected: {'identifier': 'avaj_car_control'}
[0.000543] (-) JobUnselected: {'identifier': 'bno08x_driver'}
[0.000674] (-) JobUnselected: {'identifier': 'control_center'}
[0.000718] (-) JobUnselected: {'identifier': 'ldlidar_stl_ros2'}
[0.000762] (avaj_slam) JobQueued: {'identifier': 'avaj_slam', 'dependencies': OrderedDict()}
[0.001206] (avaj_slam) JobStarted: {'identifier': 'avaj_slam'}
[0.024581] (avaj_slam) JobProgress: {'identifier': 'avaj_slam', 'progress': 'cmake'}
[0.026120] (avaj_slam) Command: {'cmd': ['/usr/bin/cmake', '/workspace/src/avaj_slam', '-DAMENT_CMAKE_SYMLINK_INSTALL=1', '-DCMAKE_INSTALL_PREFIX=/workspace/install/avaj_slam'], 'cwd': '/workspace/build/avaj_slam', 'env': OrderedDict({'GZ_SIM_RESOURCE_PATH': '/opt/ros/jazzy/share', 'GZ_CONFIG_PATH': '/opt/ros/jazzy/opt/gz_sim_vendor/share/gz:/opt/ros/jazzy/opt/sdformat_vendor/share/gz:/opt/ros/jazzy/opt/gz_gui_vendor/share/gz:/opt/ros/jazzy/opt/gz_transport_vendor/share/gz:/opt/ros/jazzy/opt/gz_rendering_vendor/share/gz:/opt/ros/jazzy/opt/gz_plugin_vendor/share/gz:/opt/ros/jazzy/opt/gz_fuel_tools_vendor/share/gz:/opt/ros/jazzy/opt/gz_msgs_vendor/share/gz:/opt/ros/jazzy/opt/gz_common_vendor/share/gz', 'HOSTNAME': 'avaj-desktop', 'SHLVL': '0', 'LD_LIBRARY_PATH': '/workspace/install/avaj_car_control/lib:/opt/ros/jazzy/opt/gz_sim_vendor/lib:/opt/ros/jazzy/opt/gz_sensors_vendor/lib:/opt/ros/jazzy/opt/gz_physics_vendor/lib:/opt/ros/jazzy/opt/sdformat_vendor/lib:/opt/ros/jazzy/opt/rviz_ogre_vendor/lib:/opt/ros/jazzy/lib/aarch64-linux-gnu:/opt/ros/jazzy/opt/gz_gui_vendor/lib:/opt/ros/jazzy/opt/gz_transport_vendor/lib:/opt/ros/jazzy/opt/gz_rendering_vendor/lib:/opt/ros/jazzy/opt/gz_plugin_vendor/lib:/opt/ros/jazzy/opt/gz_fuel_tools_vendor/lib:/opt/ros/jazzy/opt/gz_msgs_vendor/lib:/opt/ros/jazzy/opt/gz_common_vendor/lib:/opt/ros/jazzy/opt/gz_math_vendor/lib:/opt/ros/jazzy/opt/gz_utils_vendor/lib:/opt/ros/jazzy/opt/gz_tools_vendor/lib:/opt/ros/jazzy/opt/gz_ogre_next_vendor/lib:/opt/ros/jazzy/opt/gz_dartsim_vendor/lib:/opt/ros/jazzy/opt/gz_cmake_vendor/lib:/opt/ros/jazzy/lib', 'HOME': '/home/ubuntu', 'OLDPWD': '/workspace', 'ROS_PYTHON_VERSION': '3', 'COLCON_PREFIX_PATH': '/workspace/install', 'ROS_DISTRO': 'jazzy', '_': '/usr/bin/colcon', 'ROS_VERSION': '2', 'NVIDIA_DRIVER_CAPABILITIES': 'all', 'QT_X11_NO_MITSHM': '1', 'PATH': '/opt/ros/jazzy/opt/gz_msgs_vendor/bin:/opt/ros/jazzy/opt/gz_tools_vendor/bin:/opt/ros/jazzy/opt/gz_ogre_next_vendor/bin:/opt/ros/jazzy/bin:/usr/local/sbin:/usr/local/bin:/usr/sbin:/usr/bin:/sbin:/bin', 'DISPLAY': ':0', 'LANG': 'C.UTF-8', 'AMENT_PREFIX_PATH': '/workspace/install/ldlidar_stl_ros2:/workspace/install/control_center:/workspace/install/bno08x_driver:/workspace/install/avaj_car_control:/opt/ros/jazzy', 'ROS_AUTOMATIC_DISCOVERY_RANGE': 'SUBNET', 'PWD': '/workspace/build/avaj_slam', 'LC_ALL': 'C.UTF-8', 'PYTHONPATH': '/workspace/install/avaj_car_control/lib/python3.12/site-packages:/opt/ros/jazzy/lib/python3.12/site-packages', 'NVIDIA_VISIBLE_DEVICES': 'void', 'COLCON': '1', 'CMAKE_PREFIX_PATH': '/workspace/install/ldlidar_stl_ros2:/workspace/install/control_center:/workspace/install/bno08x_driver:/workspace/install/avaj_car_control:/opt/ros/jazzy/opt/gz_sim_vendor:/opt/ros/jazzy/opt/gz_sensors_vendor:/opt/ros/jazzy/opt/gz_physics_vendor:/opt/ros/jazzy/opt/sdformat_vendor:/opt/ros/jazzy/opt/gz_gui_vendor:/opt/ros/jazzy/opt/gz_transport_vendor:/opt/ros/jazzy/opt/gz_rendering_vendor:/opt/ros/jazzy/opt/gz_plugin_vendor:/opt/ros/jazzy/opt/gz_fuel_tools_vendor:/opt/ros/jazzy/opt/gz_msgs_vendor:/opt/ros/jazzy/opt/gz_common_vendor:/opt/ros/jazzy/opt/gz_math_vendor:/opt/ros/jazzy/opt/gz_utils_vendor:/opt/ros/jazzy/opt/gz_tools_vendor:/opt/ros/jazzy/opt/gz_ogre_next_vendor:/opt/ros/jazzy/opt/gz_dartsim_vendor:/opt/ros/jazzy/opt/gz_cmake_vendor:/opt/ros/jazzy'}), 'shell': False}
[0.063801] (avaj_slam) StdoutLine: {'line': b'-- Found ament_cmake: 2.5.6 (/opt/ros/jazzy/share/ament_cmake/cmake)\n'}
[0.099010] (-) TimerEvent: {}
[0.199344] (-) TimerEvent: {}
[0.299699] (-) TimerEvent: {}
[0.400143] (-) TimerEvent: {}
[0.500555] (-) TimerEvent: {}
[0.566922] (avaj_slam) StdoutLine: {'line': b'-- Override CMake install command with custom implementation using symlinks instead of copying resources\n'}
[0.600731] (-) TimerEvent: {}
[0.701102] (-) TimerEvent: {}
[0.801481] (-) TimerEvent: {}
[0.829938] (avaj_slam) StdoutLine: {'line': b'-- Configuring done (0.8s)\n'}
[0.842168] (avaj_slam) StdoutLine: {'line': b'-- Generating done (0.0s)\n'}
[0.846509] (avaj_slam) StdoutLine: {'line': b'-- Build files have been written to: /workspace/build/avaj_slam\n'}
[0.853401] (avaj_slam) CommandEnded: {'returncode': 0}
[0.856052] (avaj_slam) JobProgress: {'identifier': 'avaj_slam', 'progress': 'build'}
[0.856227] (avaj_slam) Command: {'cmd': ['/usr/bin/cmake', '--build', '/workspace/build/avaj_slam', '--', '-j8', '-l8'], 'cwd': '/workspace/build/avaj_slam', 'env': OrderedDict({'GZ_SIM_RESOURCE_PATH': '/opt/ros/jazzy/share', 'GZ_CONFIG_PATH': '/opt/ros/jazzy/opt/gz_sim_vendor/share/gz:/opt/ros/jazzy/opt/sdformat_vendor/share/gz:/opt/ros/jazzy/opt/gz_gui_vendor/share/gz:/opt/ros/jazzy/opt/gz_transport_vendor/share/gz:/opt/ros/jazzy/opt/gz_rendering_vendor/share/gz:/opt/ros/jazzy/opt/gz_plugin_vendor/share/gz:/opt/ros/jazzy/opt/gz_fuel_tools_vendor/share/gz:/opt/ros/jazzy/opt/gz_msgs_vendor/share/gz:/opt/ros/jazzy/opt/gz_common_vendor/share/gz', 'HOSTNAME': 'avaj-desktop', 'SHLVL': '0', 'LD_LIBRARY_PATH': '/workspace/install/avaj_car_control/lib:/opt/ros/jazzy/opt/gz_sim_vendor/lib:/opt/ros/jazzy/opt/gz_sensors_vendor/lib:/opt/ros/jazzy/opt/gz_physics_vendor/lib:/opt/ros/jazzy/opt/sdformat_vendor/lib:/opt/ros/jazzy/opt/rviz_ogre_vendor/lib:/opt/ros/jazzy/lib/aarch64-linux-gnu:/opt/ros/jazzy/opt/gz_gui_vendor/lib:/opt/ros/jazzy/opt/gz_transport_vendor/lib:/opt/ros/jazzy/opt/gz_rendering_vendor/lib:/opt/ros/jazzy/opt/gz_plugin_vendor/lib:/opt/ros/jazzy/opt/gz_fuel_tools_vendor/lib:/opt/ros/jazzy/opt/gz_msgs_vendor/lib:/opt/ros/jazzy/opt/gz_common_vendor/lib:/opt/ros/jazzy/opt/gz_math_vendor/lib:/opt/ros/jazzy/opt/gz_utils_vendor/lib:/opt/ros/jazzy/opt/gz_tools_vendor/lib:/opt/ros/jazzy/opt/gz_ogre_next_vendor/lib:/opt/ros/jazzy/opt/gz_dartsim_vendor/lib:/opt/ros/jazzy/opt/gz_cmake_vendor/lib:/opt/ros/jazzy/lib', 'HOME': '/home/ubuntu', 'OLDPWD': '/workspace', 'ROS_PYTHON_VERSION': '3', 'COLCON_PREFIX_PATH': '/workspace/install', 'ROS_DISTRO': 'jazzy', '_': '/usr/bin/colcon', 'ROS_VERSION': '2', 'NVIDIA_DRIVER_CAPABILITIES': 'all', 'QT_X11_NO_MITSHM': '1', 'PATH': '/opt/ros/jazzy/opt/gz_msgs_vendor/bin:/opt/ros/jazzy/opt/gz_tools_vendor/bin:/opt/ros/jazzy/opt/gz_ogre_next_vendor/bin:/opt/ros/jazzy/bin:/usr/local/sbin:/usr/local/bin:/usr/sbin:/usr/bin:/sbin:/bin', 'DISPLAY': ':0', 'LANG': 'C.UTF-8', 'AMENT_PREFIX_PATH': '/workspace/install/ldlidar_stl_ros2:/workspace/install/control_center:/workspace/install/bno08x_driver:/workspace/install/avaj_car_control:/opt/ros/jazzy', 'ROS_AUTOMATIC_DISCOVERY_RANGE': 'SUBNET', 'PWD': '/workspace/build/avaj_slam', 'LC_ALL': 'C.UTF-8', 'PYTHONPATH': '/workspace/install/avaj_car_control/lib/python3.12/site-packages:/opt/ros/jazzy/lib/python3.12/site-packages', 'NVIDIA_VISIBLE_DEVICES': 'void', 'COLCON': '1', 'CMAKE_PREFIX_PATH': '/workspace/install/ldlidar_stl_ros2:/workspace/install/control_center:/workspace/install/bno08x_driver:/workspace/install/avaj_car_control:/opt/ros/jazzy/opt/gz_sim_vendor:/opt/ros/jazzy/opt/gz_sensors_vendor:/opt/ros/jazzy/opt/gz_physics_vendor:/opt/ros/jazzy/opt/sdformat_vendor:/opt/ros/jazzy/opt/gz_gui_vendor:/opt/ros/jazzy/opt/gz_transport_vendor:/opt/ros/jazzy/opt/gz_rendering_vendor:/opt/ros/jazzy/opt/gz_plugin_vendor:/opt/ros/jazzy/opt/gz_fuel_tools_vendor:/opt/ros/jazzy/opt/gz_msgs_vendor:/opt/ros/jazzy/opt/gz_common_vendor:/opt/ros/jazzy/opt/gz_math_vendor:/opt/ros/jazzy/opt/gz_utils_vendor:/opt/ros/jazzy/opt/gz_tools_vendor:/opt/ros/jazzy/opt/gz_ogre_next_vendor:/opt/ros/jazzy/opt/gz_dartsim_vendor:/opt/ros/jazzy/opt/gz_cmake_vendor:/opt/ros/jazzy'}), 'shell': False}
[0.901664] (-) TimerEvent: {}
[0.959575] (avaj_slam) CommandEnded: {'returncode': 0}
[0.961653] (avaj_slam) JobProgress: {'identifier': 'avaj_slam', 'progress': 'install'}
[0.986828] (avaj_slam) Command: {'cmd': ['/usr/bin/cmake', '--install', '/workspace/build/avaj_slam'], 'cwd': '/workspace/build/avaj_slam', 'env': OrderedDict({'GZ_SIM_RESOURCE_PATH': '/opt/ros/jazzy/share', 'GZ_CONFIG_PATH': '/opt/ros/jazzy/opt/gz_sim_vendor/share/gz:/opt/ros/jazzy/opt/sdformat_vendor/share/gz:/opt/ros/jazzy/opt/gz_gui_vendor/share/gz:/opt/ros/jazzy/opt/gz_transport_vendor/share/gz:/opt/ros/jazzy/opt/gz_rendering_vendor/share/gz:/opt/ros/jazzy/opt/gz_plugin_vendor/share/gz:/opt/ros/jazzy/opt/gz_fuel_tools_vendor/share/gz:/opt/ros/jazzy/opt/gz_msgs_vendor/share/gz:/opt/ros/jazzy/opt/gz_common_vendor/share/gz', 'HOSTNAME': 'avaj-desktop', 'SHLVL': '0', 'LD_LIBRARY_PATH': '/workspace/install/avaj_car_control/lib:/opt/ros/jazzy/opt/gz_sim_vendor/lib:/opt/ros/jazzy/opt/gz_sensors_vendor/lib:/opt/ros/jazzy/opt/gz_physics_vendor/lib:/opt/ros/jazzy/opt/sdformat_vendor/lib:/opt/ros/jazzy/opt/rviz_ogre_vendor/lib:/opt/ros/jazzy/lib/aarch64-linux-gnu:/opt/ros/jazzy/opt/gz_gui_vendor/lib:/opt/ros/jazzy/opt/gz_transport_vendor/lib:/opt/ros/jazzy/opt/gz_rendering_vendor/lib:/opt/ros/jazzy/opt/gz_plugin_vendor/lib:/opt/ros/jazzy/opt/gz_fuel_tools_vendor/lib:/opt/ros/jazzy/opt/gz_msgs_vendor/lib:/opt/ros/jazzy/opt/gz_common_vendor/lib:/opt/ros/jazzy/opt/gz_math_vendor/lib:/opt/ros/jazzy/opt/gz_utils_vendor/lib:/opt/ros/jazzy/opt/gz_tools_vendor/lib:/opt/ros/jazzy/opt/gz_ogre_next_vendor/lib:/opt/ros/jazzy/opt/gz_dartsim_vendor/lib:/opt/ros/jazzy/opt/gz_cmake_vendor/lib:/opt/ros/jazzy/lib', 'HOME': '/home/ubuntu', 'OLDPWD': '/workspace', 'ROS_PYTHON_VERSION': '3', 'COLCON_PREFIX_PATH': '/workspace/install', 'ROS_DISTRO': 'jazzy', '_': '/usr/bin/colcon', 'ROS_VERSION': '2', 'NVIDIA_DRIVER_CAPABILITIES': 'all', 'QT_X11_NO_MITSHM': '1', 'PATH': '/opt/ros/jazzy/opt/gz_msgs_vendor/bin:/opt/ros/jazzy/opt/gz_tools_vendor/bin:/opt/ros/jazzy/opt/gz_ogre_next_vendor/bin:/opt/ros/jazzy/bin:/usr/local/sbin:/usr/local/bin:/usr/sbin:/usr/bin:/sbin:/bin', 'DISPLAY': ':0', 'LANG': 'C.UTF-8', 'AMENT_PREFIX_PATH': '/workspace/install/ldlidar_stl_ros2:/workspace/install/control_center:/workspace/install/bno08x_driver:/workspace/install/avaj_car_control:/opt/ros/jazzy', 'ROS_AUTOMATIC_DISCOVERY_RANGE': 'SUBNET', 'PWD': '/workspace/build/avaj_slam', 'LC_ALL': 'C.UTF-8', 'PYTHONPATH': '/workspace/install/avaj_car_control/lib/python3.12/site-packages:/opt/ros/jazzy/lib/python3.12/site-packages', 'NVIDIA_VISIBLE_DEVICES': 'void', 'COLCON': '1', 'CMAKE_PREFIX_PATH': '/workspace/install/ldlidar_stl_ros2:/workspace/install/control_center:/workspace/install/bno08x_driver:/workspace/install/avaj_car_control:/opt/ros/jazzy/opt/gz_sim_vendor:/opt/ros/jazzy/opt/gz_sensors_vendor:/opt/ros/jazzy/opt/gz_physics_vendor:/opt/ros/jazzy/opt/sdformat_vendor:/opt/ros/jazzy/opt/gz_gui_vendor:/opt/ros/jazzy/opt/gz_transport_vendor:/opt/ros/jazzy/opt/gz_rendering_vendor:/opt/ros/jazzy/opt/gz_plugin_vendor:/opt/ros/jazzy/opt/gz_fuel_tools_vendor:/opt/ros/jazzy/opt/gz_msgs_vendor:/opt/ros/jazzy/opt/gz_common_vendor:/opt/ros/jazzy/opt/gz_math_vendor:/opt/ros/jazzy/opt/gz_utils_vendor:/opt/ros/jazzy/opt/gz_tools_vendor:/opt/ros/jazzy/opt/gz_ogre_next_vendor:/opt/ros/jazzy/opt/gz_dartsim_vendor:/opt/ros/jazzy/opt/gz_cmake_vendor:/opt/ros/jazzy'}), 'shell': False}
[1.001852] (-) TimerEvent: {}
[1.008681] (avaj_slam) StdoutLine: {'line': b'-- Install configuration: ""\n'}
[1.009488] (avaj_slam) StdoutLine: {'line': b'-- Execute custom install script\n'}
[1.010849] (avaj_slam) StdoutLine: {'line': b'-- Symlinking: /workspace/install/avaj_slam/share/avaj_slam/launch/slam.launch.py\n'}
[1.034132] (avaj_slam) StdoutLine: {'line': b'-- Symlinking: /workspace/install/avaj_slam/share/avaj_slam/config/ekf_sim.yaml\n'}
[1.057981] (avaj_slam) StdoutLine: {'line': b'-- Symlinking: /workspace/install/avaj_slam/share/avaj_slam/config/slam_params.yaml\n'}
[1.081255] (avaj_slam) StdoutLine: {'line': b'-- Symlinking: /workspace/install/avaj_slam/share/avaj_slam/urdf/avaj_car.urdf\n'}
[1.102057] (-) TimerEvent: {}
[1.103806] (avaj_slam) StdoutLine: {'line': b'-- Symlinking: /workspace/install/avaj_slam/share/avaj_slam/scripts/save_map.sh\n'}
[1.127689] (avaj_slam) StdoutLine: {'line': b'-- Symlinking: /workspace/install/avaj_slam/lib/avaj_slam/save_map.sh\n'}
[1.150644] (avaj_slam) StdoutLine: {'line': b'-- Symlinking: /workspace/install/avaj_slam/share/ament_index/resource_index/package_run_dependencies/avaj_slam\n'}
[1.175135] (avaj_slam) StdoutLine: {'line': b'-- Symlinking: /workspace/install/avaj_slam/share/ament_index/resource_index/parent_prefix_path/avaj_slam\n'}
[1.198344] (avaj_slam) StdoutLine: {'line': b'-- Symlinking: /workspace/install/avaj_slam/share/avaj_slam/environment/ament_prefix_path.sh\n'}
[1.202134] (-) TimerEvent: {}
[1.222089] (avaj_slam) StdoutLine: {'line': b'-- Symlinking: /workspace/install/avaj_slam/share/avaj_slam/environment/ament_prefix_path.dsv\n'}
[1.244004] (avaj_slam) StdoutLine: {'line': b'-- Symlinking: /workspace/install/avaj_slam/share/avaj_slam/environment/path.sh\n'}
[1.273985] (avaj_slam) StdoutLine: {'line': b'-- Symlinking: /workspace/install/avaj_slam/share/avaj_slam/environment/path.dsv\n'}
[1.297572] (avaj_slam) StdoutLine: {'line': b'-- Symlinking: /workspace/install/avaj_slam/share/avaj_slam/local_setup.bash\n'}
[1.302295] (-) TimerEvent: {}
[1.323882] (avaj_slam) StdoutLine: {'line': b'-- Symlinking: /workspace/install/avaj_slam/share/avaj_slam/local_setup.sh\n'}
[1.351666] (avaj_slam) StdoutLine: {'line': b'-- Symlinking: /workspace/install/avaj_slam/share/avaj_slam/local_setup.zsh\n'}
[1.375707] (avaj_slam) StdoutLine: {'line': b'-- Symlinking: /workspace/install/avaj_slam/share/avaj_slam/local_setup.dsv\n'}
[1.399057] (avaj_slam) StdoutLine: {'line': b'-- Symlinking: /workspace/install/avaj_slam/share/avaj_slam/package.dsv\n'}
[1.402404] (-) TimerEvent: {}
[1.424250] (avaj_slam) StdoutLine: {'line': b'-- Symlinking: /workspace/install/avaj_slam/share/ament_index/resource_index/packages/avaj_slam\n'}
[1.448224] (avaj_slam) StdoutLine: {'line': b'-- Symlinking: /workspace/install/avaj_slam/share/avaj_slam/cmake/avaj_slamConfig.cmake\n'}
[1.474224] (avaj_slam) StdoutLine: {'line': b'-- Symlinking: /workspace/install/avaj_slam/share/avaj_slam/cmake/avaj_slamConfig-version.cmake\n'}
[1.497975] (avaj_slam) StdoutLine: {'line': b'-- Symlinking: /workspace/install/avaj_slam/share/avaj_slam/package.xml\n'}
[1.502526] (-) TimerEvent: {}
[1.526030] (avaj_slam) CommandEnded: {'returncode': 0}
[1.582884] (avaj_slam) JobEnded: {'identifier': 'avaj_slam', 'rc': 0}
[1.585156] (-) EventReactorShutdown: {}
