[0.026s] Invoking command in '/workspace/build/avaj_car_control': /usr/bin/cmake /workspace/src/avaj_car_control -DCMAKE_INSTALL_PREFIX=/workspace/install/avaj_car_control
[0.146s] -- The C compiler identification is GNU 13.3.0
[0.252s] -- The CXX compiler identification is GNU 13.3.0
[0.284s] -- Detecting C compiler ABI info
[0.474s] -- Detecting C compiler ABI info - done
[0.486s] -- Check for working C compiler: /usr/bin/cc - skipped
[0.486s] -- Detecting C compile features
[0.486s] -- Detecting C compile features - done
[0.504s] -- Detecting CXX compiler ABI info
[0.701s] -- Detecting CXX compiler ABI info - done
[0.733s] -- Check for working CXX compiler: /usr/bin/c++ - skipped
[0.733s] -- Detecting CXX compile features
[0.734s] -- Detecting CXX compile features - done
[0.745s] -- Found ament_cmake: 2.5.6 (/opt/ros/jazzy/share/ament_cmake/cmake)
[1.063s] -- Found Python3: /usr/bin/python3 (found version "3.12.3") found components: Interpreter 
[1.348s] -- Found geometry_msgs: 5.3.8 (/opt/ros/jazzy/share/geometry_msgs/cmake)
[1.465s] -- Found rosidl_generator_c: 4.6.9 (/opt/ros/jazzy/share/rosidl_generator_c/cmake)
[1.504s] -- Found rosidl_generator_cpp: 4.6.9 (/opt/ros/jazzy/share/rosidl_generator_cpp/cmake)
[1.548s] -- Using all available rosidl_typesupport_c: rosidl_typesupport_fastrtps_c;rosidl_typesupport_introspection_c
[1.595s] -- Using all available rosidl_typesupport_cpp: rosidl_typesupport_fastrtps_cpp;rosidl_typesupport_introspection_cpp
[1.693s] -- Found rosidl_default_generators: 1.6.1 (/opt/ros/jazzy/share/rosidl_default_generators/cmake)
[1.751s] -- Found rosidl_adapter: 4.6.9 (/opt/ros/jazzy/share/rosidl_adapter/cmake)
[2.344s] Error parsing '/workspace/src/avaj_car_control/package.xml':
[2.344s] Traceback (most recent call last):
[2.344s]   File "/opt/ros/jazzy/share/ament_cmake_core/cmake/core/package_xml_2_cmake.py", line 150, in <module>
[2.344s]     main()
[2.345s]   File "/opt/ros/jazzy/share/ament_cmake_core/cmake/core/package_xml_2_cmake.py", line 53, in main
[2.345s]     raise e
[2.345s]   File "/opt/ros/jazzy/share/ament_cmake_core/cmake/core/package_xml_2_cmake.py", line 49, in main
[2.345s]     package = parse_package_string(
[2.345s]               ^^^^^^^^^^^^^^^^^^^^^
[2.346s]   File "/usr/lib/python3/dist-packages/catkin_pkg/package.py", line 788, in parse_package_string
[2.346s]     pkg.validate(warnings=warnings)
[2.346s]   File "/usr/lib/python3/dist-packages/catkin_pkg/package.py", line 330, in validate
[2.346s]     raise InvalidPackage('\n'.join(errors), self.filename)
[2.346s] catkin_pkg.package.InvalidPackage: Error(s) in package '/workspace/src/avaj_car_control/package.xml':
[2.346s] Invalid email "avaj@localhost" for person "avaj"
[2.404s] CMake Error at /opt/ros/jazzy/share/ament_cmake_core/cmake/core/ament_package_xml.cmake:95 (message):
[2.404s]   execute_process(/usr/bin/python3
[2.404s]   /opt/ros/jazzy/share/ament_cmake_core/cmake/core/package_xml_2_cmake.py
[2.404s]   /workspace/src/avaj_car_control/package.xml
[2.405s]   /workspace/build/avaj_car_control/ament_cmake_core/package.cmake) returned
[2.405s]   error code 1
[2.405s] Call Stack (most recent call first):
[2.405s]   /opt/ros/jazzy/share/ament_cmake_core/cmake/core/ament_package_xml.cmake:49 (_ament_package_xml)
[2.405s]   /opt/ros/jazzy/share/rosidl_cmake/cmake/rosidl_generate_interfaces.cmake:220 (ament_package_xml)
[2.406s]   CMakeLists.txt:8 (rosidl_generate_interfaces)
[2.406s] 
[2.406s] 
[2.406s] -- Configuring incomplete, errors occurred!
[2.423s] Invoked command in '/workspace/build/avaj_car_control' returned '1': /usr/bin/cmake /workspace/src/avaj_car_control -DCMAKE_INSTALL_PREFIX=/workspace/install/avaj_car_control
