[0.000000] (-) TimerEvent: {}
[0.000408] (-) JobUnselected: {'identifier': 'avaj_car_control'}
[0.000995] (-) JobUnselected: {'identifier': 'bno08x_driver'}
[0.001334] (-) JobUnselected: {'identifier': 'control_center'}
[0.001435] (-) JobUnselected: {'identifier': 'ldlidar_stl_ros2'}
[0.001479] (avaj_slam) JobQueued: {'identifier': 'avaj_slam', 'dependencies': OrderedDict()}
[0.001633] (avaj_slam) JobStarted: {'identifier': 'avaj_slam'}
[0.029748] (avaj_slam) JobProgress: {'identifier': 'avaj_slam', 'progress': 'cmake'}
[0.032038] (avaj_slam) Command: {'cmd': ['/usr/bin/cmake', '/workspace/src/avaj_slam', '-DCMAKE_INSTALL_PREFIX=/workspace/install/avaj_slam'], 'cwd': '/workspace/build/avaj_slam', 'env': OrderedDict({'GZ_SIM_RESOURCE_PATH': '/opt/ros/jazzy/share', 'GZ_CONFIG_PATH': '/opt/ros/jazzy/opt/gz_sim_vendor/share/gz:/opt/ros/jazzy/opt/sdformat_vendor/share/gz:/opt/ros/jazzy/opt/gz_gui_vendor/share/gz:/opt/ros/jazzy/opt/gz_transport_vendor/share/gz:/opt/ros/jazzy/opt/gz_rendering_vendor/share/gz:/opt/ros/jazzy/opt/gz_plugin_vendor/share/gz:/opt/ros/jazzy/opt/gz_fuel_tools_vendor/share/gz:/opt/ros/jazzy/opt/gz_msgs_vendor/share/gz:/opt/ros/jazzy/opt/gz_common_vendor/share/gz', 'HOSTNAME': 'avaj-desktop', 'SHLVL': '0', 'LD_LIBRARY_PATH': '/workspace/install/avaj_car_control/lib:/opt/ros/jazzy/opt/gz_sim_vendor/lib:/opt/ros/jazzy/opt/gz_sensors_vendor/lib:/opt/ros/jazzy/opt/gz_physics_vendor/lib:/opt/ros/jazzy/opt/sdformat_vendor/lib:/opt/ros/jazzy/opt/rviz_ogre_vendor/lib:/opt/ros/jazzy/lib/aarch64-linux-gnu:/opt/ros/jazzy/opt/gz_gui_vendor/lib:/opt/ros/jazzy/opt/gz_transport_vendor/lib:/opt/ros/jazzy/opt/gz_rendering_vendor/lib:/opt/ros/jazzy/opt/gz_plugin_vendor/lib:/opt/ros/jazzy/opt/gz_fuel_tools_vendor/lib:/opt/ros/jazzy/opt/gz_msgs_vendor/lib:/opt/ros/jazzy/opt/gz_common_vendor/lib:/opt/ros/jazzy/opt/gz_math_vendor/lib:/opt/ros/jazzy/opt/gz_utils_vendor/lib:/opt/ros/jazzy/opt/gz_tools_vendor/lib:/opt/ros/jazzy/opt/gz_ogre_next_vendor/lib:/opt/ros/jazzy/opt/gz_dartsim_vendor/lib:/opt/ros/jazzy/opt/gz_cmake_vendor/lib:/opt/ros/jazzy/lib', 'HOME': '/home/ubuntu', 'OLDPWD': '/workspace', 'ROS_PYTHON_VERSION': '3', 'COLCON_PREFIX_PATH': '/workspace/install', 'ROS_DISTRO': 'jazzy', '_': '/usr/bin/colcon', 'ROS_VERSION': '2', 'NVIDIA_DRIVER_CAPABILITIES': 'all', 'QT_X11_NO_MITSHM': '1', 'PATH': '/opt/ros/jazzy/opt/gz_msgs_vendor/bin:/opt/ros/jazzy/opt/gz_tools_vendor/bin:/opt/ros/jazzy/opt/gz_ogre_next_vendor/bin:/opt/ros/jazzy/bin:/usr/local/sbin:/usr/local/bin:/usr/sbin:/usr/bin:/sbin:/bin', 'DISPLAY': ':0', 'LANG': 'C.UTF-8', 'AMENT_PREFIX_PATH': '/workspace/install/ldlidar_stl_ros2:/workspace/install/control_center:/workspace/install/bno08x_driver:/workspace/install/avaj_car_control:/opt/ros/jazzy', 'ROS_AUTOMATIC_DISCOVERY_RANGE': 'SUBNET', 'PWD': '/workspace/build/avaj_slam', 'LC_ALL': 'C.UTF-8', 'PYTHONPATH': '/workspace/install/avaj_car_control/lib/python3.12/site-packages:/opt/ros/jazzy/lib/python3.12/site-packages', 'NVIDIA_VISIBLE_DEVICES': 'void', 'COLCON': '1', 'CMAKE_PREFIX_PATH': '/workspace/install/ldlidar_stl_ros2:/workspace/install/control_center:/workspace/install/bno08x_driver:/workspace/install/avaj_car_control:/opt/ros/jazzy/opt/gz_sim_vendor:/opt/ros/jazzy/opt/gz_sensors_vendor:/opt/ros/jazzy/opt/gz_physics_vendor:/opt/ros/jazzy/opt/sdformat_vendor:/opt/ros/jazzy/opt/gz_gui_vendor:/opt/ros/jazzy/opt/gz_transport_vendor:/opt/ros/jazzy/opt/gz_rendering_vendor:/opt/ros/jazzy/opt/gz_plugin_vendor:/opt/ros/jazzy/opt/gz_fuel_tools_vendor:/opt/ros/jazzy/opt/gz_msgs_vendor:/opt/ros/jazzy/opt/gz_common_vendor:/opt/ros/jazzy/opt/gz_math_vendor:/opt/ros/jazzy/opt/gz_utils_vendor:/opt/ros/jazzy/opt/gz_tools_vendor:/opt/ros/jazzy/opt/gz_ogre_next_vendor:/opt/ros/jazzy/opt/gz_dartsim_vendor:/opt/ros/jazzy/opt/gz_cmake_vendor'}), 'shell': False}
[0.098748] (-) TimerEvent: {}
[0.199097] (-) TimerEvent: {}
[0.299512] (-) TimerEvent: {}
[0.322048] (avaj_slam) StdoutLine: {'line': b'-- The C compiler identification is GNU 13.3.0\n'}
[0.399763] (-) TimerEvent: {}
[0.500152] (-) TimerEvent: {}
[0.533567] (avaj_slam) StdoutLine: {'line': b'-- The CXX compiler identification is GNU 13.3.0\n'}
[0.578075] (avaj_slam) StdoutLine: {'line': b'-- Detecting C compiler ABI info\n'}
[0.600319] (-) TimerEvent: {}
[0.700680] (-) TimerEvent: {}
[0.801036] (-) TimerEvent: {}
[0.805783] (avaj_slam) StdoutLine: {'line': b'-- Detecting C compiler ABI info - done\n'}
[0.829259] (avaj_slam) StdoutLine: {'line': b'-- Check for working C compiler: /usr/bin/cc - skipped\n'}
[0.830454] (avaj_slam) StdoutLine: {'line': b'-- Detecting C compile features\n'}
[0.831867] (avaj_slam) StdoutLine: {'line': b'-- Detecting C compile features - done\n'}
[0.855426] (avaj_slam) StdoutLine: {'line': b'-- Detecting CXX compiler ABI info\n'}
[0.901222] (-) TimerEvent: {}
[1.001603] (-) TimerEvent: {}
[1.089055] (avaj_slam) StdoutLine: {'line': b'-- Detecting CXX compiler ABI info - done\n'}
[1.101774] (-) TimerEvent: {}
[1.108864] (avaj_slam) StdoutLine: {'line': b'-- Check for working CXX compiler: /usr/bin/c++ - skipped\n'}
[1.109508] (avaj_slam) StdoutLine: {'line': b'-- Detecting CXX compile features\n'}
[1.110352] (avaj_slam) StdoutLine: {'line': b'-- Detecting CXX compile features - done\n'}
[1.128783] (avaj_slam) StdoutLine: {'line': b'-- Found ament_cmake: 2.5.6 (/opt/ros/jazzy/share/ament_cmake/cmake)\n'}
[1.201959] (-) TimerEvent: {}
[1.302296] (-) TimerEvent: {}
[1.402769] (-) TimerEvent: {}
[1.503113] (-) TimerEvent: {}
[1.536369] (avaj_slam) StdoutLine: {'line': b'-- Found Python3: /usr/bin/python3 (found version "3.12.3") found components: Interpreter \n'}
[1.603406] (-) TimerEvent: {}
[1.703803] (-) TimerEvent: {}
[1.804202] (-) TimerEvent: {}
[1.904615] (-) TimerEvent: {}
[2.004967] (-) TimerEvent: {}
[2.085298] (avaj_slam) StderrLine: {'line': b"Error parsing '/workspace/src/avaj_slam/package.xml':\n"}
[2.086005] (avaj_slam) StderrLine: {'line': b'Traceback (most recent call last):\n'}
[2.086200] (avaj_slam) StderrLine: {'line': b'  File "/opt/ros/jazzy/share/ament_cmake_core/cmake/core/package_xml_2_cmake.py", line 150, in <module>\n'}
[2.086374] (avaj_slam) StderrLine: {'line': b'    main()\n'}
[2.086659] (avaj_slam) StderrLine: {'line': b'  File "/opt/ros/jazzy/share/ament_cmake_core/cmake/core/package_xml_2_cmake.py", line 53, in main\n'}
[2.086830] (avaj_slam) StderrLine: {'line': b'    raise e\n'}
[2.086990] (avaj_slam) StderrLine: {'line': b'  File "/opt/ros/jazzy/share/ament_cmake_core/cmake/core/package_xml_2_cmake.py", line 49, in main\n'}
[2.087162] (avaj_slam) StderrLine: {'line': b'    package = parse_package_string(\n'}
[2.087317] (avaj_slam) StderrLine: {'line': b'              ^^^^^^^^^^^^^^^^^^^^^\n'}
[2.087469] (avaj_slam) StderrLine: {'line': b'  File "/usr/lib/python3/dist-packages/catkin_pkg/package.py", line 788, in parse_package_string\n'}
[2.087650] (avaj_slam) StderrLine: {'line': b'    pkg.validate(warnings=warnings)\n'}
[2.087963] (avaj_slam) StderrLine: {'line': b'  File "/usr/lib/python3/dist-packages/catkin_pkg/package.py", line 330, in validate\n'}
[2.088125] (avaj_slam) StderrLine: {'line': b"    raise InvalidPackage('\\n'.join(errors), self.filename)\n"}
[2.088278] (avaj_slam) StderrLine: {'line': b"catkin_pkg.package.InvalidPackage: Error(s) in package '/workspace/src/avaj_slam/package.xml':\n"}
[2.088428] (avaj_slam) StderrLine: {'line': b'Invalid email "avaj@localhost" for person "avaj"\n'}
[2.105139] (-) TimerEvent: {}
[2.134672] (avaj_slam) StderrLine: {'line': b'CMake Error at /opt/ros/jazzy/share/ament_cmake_core/cmake/core/ament_package_xml.cmake:95 (message):\n'}
[2.135588] (avaj_slam) StderrLine: {'line': b'  execute_process(/usr/bin/python3\n'}
[2.135847] (avaj_slam) StderrLine: {'line': b'  /opt/ros/jazzy/share/ament_cmake_core/cmake/core/package_xml_2_cmake.py\n'}
[2.136045] (avaj_slam) StderrLine: {'line': b'  /workspace/src/avaj_slam/package.xml\n'}
[2.136221] (avaj_slam) StderrLine: {'line': b'  /workspace/build/avaj_slam/ament_cmake_core/package.cmake) returned error\n'}
[2.136390] (avaj_slam) StderrLine: {'line': b'  code 1\n'}
[2.136548] (avaj_slam) StderrLine: {'line': b'Call Stack (most recent call first):\n'}
[2.136748] (avaj_slam) StderrLine: {'line': b'  /opt/ros/jazzy/share/ament_cmake_core/cmake/core/ament_package_xml.cmake:49 (_ament_package_xml)\n'}
[2.136905] (avaj_slam) StderrLine: {'line': b'  /opt/ros/jazzy/share/ament_cmake_core/cmake/core/ament_package.cmake:63 (ament_package_xml)\n'}
[2.137057] (avaj_slam) StderrLine: {'line': b'  CMakeLists.txt:14 (ament_package)\n'}
[2.137204] (avaj_slam) StderrLine: {'line': b'\n'}
[2.137350] (avaj_slam) StderrLine: {'line': b'\n'}
[2.137497] (avaj_slam) StdoutLine: {'line': b'-- Configuring incomplete, errors occurred!\n'}
[2.148679] (avaj_slam) CommandEnded: {'returncode': 1}
[2.150521] (avaj_slam) JobEnded: {'identifier': 'avaj_slam', 'rc': 1}
[2.161864] (-) EventReactorShutdown: {}
