[0.022s] Invoking command in '/workspace/build/ldlidar_stl_ros2': CMAKE_PREFIX_PATH=${CMAKE_PREFIX_PATH}:/opt/ros/jazzy /usr/bin/cmake /workspace/src/ldlidar_stl_ros2 -DAMENT_CMAKE_SYMLINK_INSTALL=1 -DCMAKE_INSTALL_PREFIX=/workspace/install/ldlidar_stl_ros2
[0.286s] -- The C compiler identification is GNU 13.3.0
[0.488s] -- The CXX compiler identification is GNU 13.3.0
[0.534s] -- Detecting C compiler ABI info
[0.731s] -- Detecting C compiler ABI info - done
[0.758s] -- Check for working C compiler: /usr/bin/cc - skipped
[0.759s] -- Detecting C compile features
[0.760s] -- Detecting C compile features - done
[0.782s] -- Detecting CXX compiler ABI info
[0.973s] -- Detecting CXX compiler ABI info - done
[0.991s] -- Check for working CXX compiler: /usr/bin/c++ - skipped
[0.991s] -- Detecting CXX compile features
[0.992s] -- Detecting CXX compile features - done
[1.001s] -- Found ament_cmake: 2.5.6 (/opt/ros/jazzy/share/ament_cmake/cmake)
[1.285s] -- Found Python3: /usr/bin/python3 (found version "3.12.3") found components: Interpreter 
[1.437s] -- Override CMake install command with custom implementation using symlinks instead of copying resources
[1.515s] -- Found rclcpp: 28.1.21 (/opt/ros/jazzy/share/rclcpp/cmake)
[1.596s] -- Found rosidl_generator_c: 4.6.9 (/opt/ros/jazzy/share/rosidl_generator_c/cmake)
[1.620s] -- Found rosidl_generator_cpp: 4.6.9 (/opt/ros/jazzy/share/rosidl_generator_cpp/cmake)
[1.651s] -- Using all available rosidl_typesupport_c: rosidl_typesupport_fastrtps_c;rosidl_typesupport_introspection_c
[1.685s] -- Using all available rosidl_typesupport_cpp: rosidl_typesupport_fastrtps_cpp;rosidl_typesupport_introspection_cpp
[1.820s] -- Found rmw_implementation_cmake: 7.3.3 (/opt/ros/jazzy/share/rmw_implementation_cmake/cmake)
[1.825s] -- Found rmw_fastrtps_cpp: 8.4.4 (/opt/ros/jazzy/share/rmw_fastrtps_cpp/cmake)
[1.985s] -- Found OpenSSL: /usr/lib/aarch64-linux-gnu/libcrypto.so (found version "3.0.13")  
[2.025s] -- Found FastRTPS: /opt/ros/jazzy/include (Required is at least version "2.13") 
[2.070s] -- Using RMW implementation 'rmw_fastrtps_cpp' as default
[2.205s] -- Found sensor_msgs: 5.3.8 (/opt/ros/jazzy/share/sensor_msgs/cmake)
[2.302s] -- Found ament_lint_auto: 0.17.5 (/opt/ros/jazzy/share/ament_lint_auto/cmake)
[2.530s] -- Added test 'copyright' to check source files copyright and LICENSE
[2.538s] -- Added test 'cppcheck' to perform static code analysis on C / C++ code
[2.539s] -- Configured cppcheck include dirs: /workspace/src/ldlidar_stl_ros2/include;/workspace/src/ldlidar_stl_ros2/ldlidar_driver/include/core;/workspace/src/ldlidar_stl_ros2/ldlidar_driver/include/dataprocess;/workspace/src/ldlidar_stl_ros2/ldlidar_driver/include/filter;/workspace/src/ldlidar_stl_ros2/ldlidar_driver/include/logger;/workspace/src/ldlidar_stl_ros2/ldlidar_driver/include/networkcom;/workspace/src/ldlidar_stl_ros2/ldlidar_driver/include/serialcom
[2.539s] -- Configured cppcheck exclude dirs and/or files: 
[2.548s] -- Added test 'cpplint' to check C / C++ code against the Google style
[2.548s] -- Configured cpplint exclude dirs and/or files: 
[2.550s] -- Added test 'flake8' to check Python code syntax and style conventions
[2.550s] -- Configured 'flake8' exclude dirs and/or files: 
[2.553s] -- Added test 'lint_cmake' to check CMake code style
[2.555s] -- Added test 'pep257' to check Python code against some of the docstring style conventions in PEP 257
[2.562s] -- Added test 'uncrustify' to check C / C++ code style
[2.562s] -- Configured uncrustify additional arguments: 
[2.565s] -- Added test 'xmllint' to check XML markup files
[2.568s] -- Configuring done (2.5s)
[2.594s] -- Generating done (0.0s)
[2.601s] -- Build files have been written to: /workspace/build/ldlidar_stl_ros2
[2.621s] Invoked command in '/workspace/build/ldlidar_stl_ros2' returned '0': CMAKE_PREFIX_PATH=${CMAKE_PREFIX_PATH}:/opt/ros/jazzy /usr/bin/cmake /workspace/src/ldlidar_stl_ros2 -DAMENT_CMAKE_SYMLINK_INSTALL=1 -DCMAKE_INSTALL_PREFIX=/workspace/install/ldlidar_stl_ros2
[2.624s] Invoking command in '/workspace/build/ldlidar_stl_ros2': CMAKE_PREFIX_PATH=${CMAKE_PREFIX_PATH}:/opt/ros/jazzy /usr/bin/cmake --build /workspace/build/ldlidar_stl_ros2 -- -j8 -l8
[2.727s] [ 87%] Building CXX object CMakeFiles/ldlidar_stl_ros2_node.dir/ldlidar_driver/src/logger/log_module.cpp.o
[2.727s] [ 87%] Building CXX object CMakeFiles/ldlidar_stl_ros2_node.dir/ldlidar_driver/src/serialcom/serial_interface_linux.cpp.o
[2.727s] [ 87%] Building CXX object CMakeFiles/ldlidar_stl_ros2_node.dir/ldlidar_driver/src/core/ldlidar_driver.cpp.o
[2.728s] [ 87%] Building CXX object CMakeFiles/ldlidar_stl_ros2_node.dir/ldlidar_driver/src/filter/tofbf.cpp.o
[2.728s] [ 87%] Building CXX object CMakeFiles/ldlidar_stl_ros2_node.dir/ldlidar_driver/src/dataprocess/lipkg.cpp.o
[2.728s] [ 87%] Building CXX object CMakeFiles/ldlidar_stl_ros2_node.dir/src/demo.cpp.o
[2.728s] [ 87%] Building CXX object CMakeFiles/ldlidar_stl_ros2_node.dir/ldlidar_driver/src/networkcom/network_socket_interface_linux.cpp.o
[3.352s] /workspace/src/ldlidar_stl_ros2/ldlidar_driver/src/logger/log_module.cpp: In member function ‘void LogModule::InitLock()’:
[3.352s] /workspace/src/ldlidar_stl_ros2/ldlidar_driver/src/logger/log_module.cpp:172:3: error: ‘pthread_mutex_init’ was not declared in this scope; did you mean ‘pthread_mutex_t’?
[3.352s]   172 |   pthread_mutex_init(&mutex_lock_,NULL);
[3.353s]       |   ^~~~~~~~~~~~~~~~~~
[3.353s]       |   pthread_mutex_t
[3.359s] /workspace/src/ldlidar_stl_ros2/ldlidar_driver/src/logger/log_module.cpp: In member function ‘void LogModule::RealseLock()’:
[3.359s] /workspace/src/ldlidar_stl_ros2/ldlidar_driver/src/logger/log_module.cpp:180:9: error: ‘pthread_mutex_unlock’ was not declared in this scope; did you mean ‘pthread_mutex_t’?
[3.359s]   180 |         pthread_mutex_unlock(&mutex_lock_);
[3.360s]       |         ^~~~~~~~~~~~~~~~~~~~
[3.360s]       |         pthread_mutex_t
[3.366s] /workspace/src/ldlidar_stl_ros2/ldlidar_driver/src/logger/log_module.cpp: In member function ‘void LogModule::Lock()’:
[3.366s] /workspace/src/ldlidar_stl_ros2/ldlidar_driver/src/logger/log_module.cpp:188:9: error: ‘pthread_mutex_lock’ was not declared in this scope; did you mean ‘pthread_mutex_t’?
[3.366s]   188 |         pthread_mutex_lock(&mutex_lock_);
[3.366s]       |         ^~~~~~~~~~~~~~~~~~
[3.366s]       |         pthread_mutex_t
[3.373s] /workspace/src/ldlidar_stl_ros2/ldlidar_driver/src/logger/log_module.cpp: In member function ‘void LogModule::UnLock()’:
[3.373s] /workspace/src/ldlidar_stl_ros2/ldlidar_driver/src/logger/log_module.cpp:196:9: error: ‘pthread_mutex_unlock’ was not declared in this scope; did you mean ‘pthread_mutex_t’?
[3.373s]   196 |         pthread_mutex_unlock(&mutex_lock_);
[3.373s]       |         ^~~~~~~~~~~~~~~~~~~~
[3.373s]       |         pthread_mutex_t
[3.452s] gmake[2]: *** [CMakeFiles/ldlidar_stl_ros2_node.dir/build.make:132: CMakeFiles/ldlidar_stl_ros2_node.dir/ldlidar_driver/src/logger/log_module.cpp.o] Error 1
[3.453s] gmake[2]: *** Waiting for unfinished jobs....
[12.100s] gmake[1]: *** [CMakeFiles/Makefile2:137: CMakeFiles/ldlidar_stl_ros2_node.dir/all] Error 2
[12.100s] gmake: *** [Makefile:146: all] Error 2
[12.105s] Invoked command in '/workspace/build/ldlidar_stl_ros2' returned '2': CMAKE_PREFIX_PATH=${CMAKE_PREFIX_PATH}:/opt/ros/jazzy /usr/bin/cmake --build /workspace/build/ldlidar_stl_ros2 -- -j8 -l8
