[0.000000] (-) TimerEvent: {}
[0.000773] (-) JobUnselected: {'identifier': 'avaj_car_control'}
[0.001233] (-) JobUnselected: {'identifier': 'bno08x_driver'}
[0.001452] (-) JobUnselected: {'identifier': 'ldlidar_stl_ros2'}
[0.001667] (control_center) JobQueued: {'identifier': 'control_center', 'dependencies': OrderedDict({'avaj_car_control': '/workspace/install/avaj_car_control'})}
[0.001749] (control_center) JobStarted: {'identifier': 'control_center'}
[0.025668] (control_center) JobProgress: {'identifier': 'control_center', 'progress': 'cmake'}
[0.026783] (control_center) JobProgress: {'identifier': 'control_center', 'progress': 'build'}
[0.027753] (control_center) Command: {'cmd': ['/usr/bin/cmake', '--build', '/workspace/build/control_center', '--', '-j8', '-l8'], 'cwd': '/workspace/build/control_center', 'env': OrderedDict({'GZ_SIM_RESOURCE_PATH': '/opt/ros/jazzy/share', 'GZ_CONFIG_PATH': '/opt/ros/jazzy/opt/gz_sim_vendor/share/gz:/opt/ros/jazzy/opt/sdformat_vendor/share/gz:/opt/ros/jazzy/opt/gz_gui_vendor/share/gz:/opt/ros/jazzy/opt/gz_transport_vendor/share/gz:/opt/ros/jazzy/opt/gz_rendering_vendor/share/gz:/opt/ros/jazzy/opt/gz_plugin_vendor/share/gz:/opt/ros/jazzy/opt/gz_fuel_tools_vendor/share/gz:/opt/ros/jazzy/opt/gz_msgs_vendor/share/gz:/opt/ros/jazzy/opt/gz_common_vendor/share/gz', 'HOSTNAME': 'avaj-desktop', 'SHLVL': '0', 'LD_LIBRARY_PATH': '/workspace/install/avaj_car_control/lib:/opt/ros/jazzy/opt/gz_sim_vendor/lib:/opt/ros/jazzy/opt/gz_sensors_vendor/lib:/opt/ros/jazzy/opt/gz_physics_vendor/lib:/opt/ros/jazzy/opt/sdformat_vendor/lib:/opt/ros/jazzy/opt/rviz_ogre_vendor/lib:/opt/ros/jazzy/lib/aarch64-linux-gnu:/opt/ros/jazzy/opt/gz_gui_vendor/lib:/opt/ros/jazzy/opt/gz_transport_vendor/lib:/opt/ros/jazzy/opt/gz_rendering_vendor/lib:/opt/ros/jazzy/opt/gz_plugin_vendor/lib:/opt/ros/jazzy/opt/gz_fuel_tools_vendor/lib:/opt/ros/jazzy/opt/gz_msgs_vendor/lib:/opt/ros/jazzy/opt/gz_common_vendor/lib:/opt/ros/jazzy/opt/gz_math_vendor/lib:/opt/ros/jazzy/opt/gz_utils_vendor/lib:/opt/ros/jazzy/opt/gz_tools_vendor/lib:/opt/ros/jazzy/opt/gz_ogre_next_vendor/lib:/opt/ros/jazzy/opt/gz_dartsim_vendor/lib:/opt/ros/jazzy/opt/gz_cmake_vendor/lib:/opt/ros/jazzy/lib', 'HOME': '/home/ubuntu', 'OLDPWD': '/workspace', 'ROS_PYTHON_VERSION': '3', 'COLCON_PREFIX_PATH': '/workspace/install', 'ROS_DISTRO': 'jazzy', '_': '/usr/bin/colcon', 'ROS_VERSION': '2', 'NVIDIA_DRIVER_CAPABILITIES': 'all', 'TERM': 'xterm', 'QT_X11_NO_MITSHM': '1', 'PATH': '/opt/ros/jazzy/opt/gz_msgs_vendor/bin:/opt/ros/jazzy/opt/gz_tools_vendor/bin:/opt/ros/jazzy/opt/gz_ogre_next_vendor/bin:/opt/ros/jazzy/bin:/usr/local/sbin:/usr/local/bin:/usr/sbin:/usr/bin:/sbin:/bin', 'DISPLAY': ':0', 'LANG': 'C.UTF-8', 'AMENT_PREFIX_PATH': '/workspace/install/ldlidar_stl_ros2:/workspace/install/control_center:/workspace/install/bno08x_driver:/workspace/install/avaj_car_control:/opt/ros/jazzy', 'ROS_AUTOMATIC_DISCOVERY_RANGE': 'SUBNET', 'PWD': '/workspace/build/control_center', 'LC_ALL': 'C.UTF-8', 'PYTHONPATH': '/workspace/install/avaj_car_control/lib/python3.12/site-packages:/opt/ros/jazzy/lib/python3.12/site-packages', 'NVIDIA_VISIBLE_DEVICES': 'void', 'COLCON': '1', 'CMAKE_PREFIX_PATH': '/workspace/install/avaj_car_control:/workspace/install/ldlidar_stl_ros2:/workspace/install/control_center:/workspace/install/bno08x_driver:/opt/ros/jazzy/opt/gz_sim_vendor:/opt/ros/jazzy/opt/gz_sensors_vendor:/opt/ros/jazzy/opt/gz_physics_vendor:/opt/ros/jazzy/opt/sdformat_vendor:/opt/ros/jazzy/opt/gz_gui_vendor:/opt/ros/jazzy/opt/gz_transport_vendor:/opt/ros/jazzy/opt/gz_rendering_vendor:/opt/ros/jazzy/opt/gz_plugin_vendor:/opt/ros/jazzy/opt/gz_fuel_tools_vendor:/opt/ros/jazzy/opt/gz_msgs_vendor:/opt/ros/jazzy/opt/gz_common_vendor:/opt/ros/jazzy/opt/gz_math_vendor:/opt/ros/jazzy/opt/gz_utils_vendor:/opt/ros/jazzy/opt/gz_tools_vendor:/opt/ros/jazzy/opt/gz_ogre_next_vendor:/opt/ros/jazzy/opt/gz_dartsim_vendor:/opt/ros/jazzy/opt/gz_cmake_vendor:/opt/ros/jazzy'}), 'shell': False}
[0.099584] (-) TimerEvent: {}
[0.189226] (control_center) StdoutLine: {'line': b'[100%] Built target control_center\n'}
[0.199732] (-) TimerEvent: {}
[0.215276] (control_center) CommandEnded: {'returncode': 0}
[0.216683] (control_center) JobProgress: {'identifier': 'control_center', 'progress': 'install'}
[0.236489] (control_center) Command: {'cmd': ['/usr/bin/cmake', '--install', '/workspace/build/control_center'], 'cwd': '/workspace/build/control_center', 'env': OrderedDict({'GZ_SIM_RESOURCE_PATH': '/opt/ros/jazzy/share', 'GZ_CONFIG_PATH': '/opt/ros/jazzy/opt/gz_sim_vendor/share/gz:/opt/ros/jazzy/opt/sdformat_vendor/share/gz:/opt/ros/jazzy/opt/gz_gui_vendor/share/gz:/opt/ros/jazzy/opt/gz_transport_vendor/share/gz:/opt/ros/jazzy/opt/gz_rendering_vendor/share/gz:/opt/ros/jazzy/opt/gz_plugin_vendor/share/gz:/opt/ros/jazzy/opt/gz_fuel_tools_vendor/share/gz:/opt/ros/jazzy/opt/gz_msgs_vendor/share/gz:/opt/ros/jazzy/opt/gz_common_vendor/share/gz', 'HOSTNAME': 'avaj-desktop', 'SHLVL': '0', 'LD_LIBRARY_PATH': '/workspace/install/avaj_car_control/lib:/opt/ros/jazzy/opt/gz_sim_vendor/lib:/opt/ros/jazzy/opt/gz_sensors_vendor/lib:/opt/ros/jazzy/opt/gz_physics_vendor/lib:/opt/ros/jazzy/opt/sdformat_vendor/lib:/opt/ros/jazzy/opt/rviz_ogre_vendor/lib:/opt/ros/jazzy/lib/aarch64-linux-gnu:/opt/ros/jazzy/opt/gz_gui_vendor/lib:/opt/ros/jazzy/opt/gz_transport_vendor/lib:/opt/ros/jazzy/opt/gz_rendering_vendor/lib:/opt/ros/jazzy/opt/gz_plugin_vendor/lib:/opt/ros/jazzy/opt/gz_fuel_tools_vendor/lib:/opt/ros/jazzy/opt/gz_msgs_vendor/lib:/opt/ros/jazzy/opt/gz_common_vendor/lib:/opt/ros/jazzy/opt/gz_math_vendor/lib:/opt/ros/jazzy/opt/gz_utils_vendor/lib:/opt/ros/jazzy/opt/gz_tools_vendor/lib:/opt/ros/jazzy/opt/gz_ogre_next_vendor/lib:/opt/ros/jazzy/opt/gz_dartsim_vendor/lib:/opt/ros/jazzy/opt/gz_cmake_vendor/lib:/opt/ros/jazzy/lib', 'HOME': '/home/ubuntu', 'OLDPWD': '/workspace', 'ROS_PYTHON_VERSION': '3', 'COLCON_PREFIX_PATH': '/workspace/install', 'ROS_DISTRO': 'jazzy', '_': '/usr/bin/colcon', 'ROS_VERSION': '2', 'NVIDIA_DRIVER_CAPABILITIES': 'all', 'TERM': 'xterm', 'QT_X11_NO_MITSHM': '1', 'PATH': '/opt/ros/jazzy/opt/gz_msgs_vendor/bin:/opt/ros/jazzy/opt/gz_tools_vendor/bin:/opt/ros/jazzy/opt/gz_ogre_next_vendor/bin:/opt/ros/jazzy/bin:/usr/local/sbin:/usr/local/bin:/usr/sbin:/usr/bin:/sbin:/bin', 'DISPLAY': ':0', 'LANG': 'C.UTF-8', 'AMENT_PREFIX_PATH': '/workspace/install/ldlidar_stl_ros2:/workspace/install/control_center:/workspace/install/bno08x_driver:/workspace/install/avaj_car_control:/opt/ros/jazzy', 'ROS_AUTOMATIC_DISCOVERY_RANGE': 'SUBNET', 'PWD': '/workspace/build/control_center', 'LC_ALL': 'C.UTF-8', 'PYTHONPATH': '/workspace/install/avaj_car_control/lib/python3.12/site-packages:/opt/ros/jazzy/lib/python3.12/site-packages', 'NVIDIA_VISIBLE_DEVICES': 'void', 'COLCON': '1', 'CMAKE_PREFIX_PATH': '/workspace/install/avaj_car_control:/workspace/install/ldlidar_stl_ros2:/workspace/install/control_center:/workspace/install/bno08x_driver:/opt/ros/jazzy/opt/gz_sim_vendor:/opt/ros/jazzy/opt/gz_sensors_vendor:/opt/ros/jazzy/opt/gz_physics_vendor:/opt/ros/jazzy/opt/sdformat_vendor:/opt/ros/jazzy/opt/gz_gui_vendor:/opt/ros/jazzy/opt/gz_transport_vendor:/opt/ros/jazzy/opt/gz_rendering_vendor:/opt/ros/jazzy/opt/gz_plugin_vendor:/opt/ros/jazzy/opt/gz_fuel_tools_vendor:/opt/ros/jazzy/opt/gz_msgs_vendor:/opt/ros/jazzy/opt/gz_common_vendor:/opt/ros/jazzy/opt/gz_math_vendor:/opt/ros/jazzy/opt/gz_utils_vendor:/opt/ros/jazzy/opt/gz_tools_vendor:/opt/ros/jazzy/opt/gz_ogre_next_vendor:/opt/ros/jazzy/opt/gz_dartsim_vendor:/opt/ros/jazzy/opt/gz_cmake_vendor:/opt/ros/jazzy'}), 'shell': False}
[0.256170] (control_center) StdoutLine: {'line': b'-- Install configuration: ""\n'}
[0.256753] (control_center) StdoutLine: {'line': b'-- Execute custom install script\n'}
[0.257248] (control_center) StdoutLine: {'line': b'-- Up-to-date symlink: /workspace/install/control_center/lib/control_center/control_center\n'}
[0.257601] (control_center) StdoutLine: {'line': b'-- Up-to-date symlink: /workspace/install/control_center/share/ament_index/resource_index/package_run_dependencies/control_center\n'}
[0.257893] (control_center) StdoutLine: {'line': b'-- Up-to-date symlink: /workspace/install/control_center/share/ament_index/resource_index/parent_prefix_path/control_center\n'}
[0.258210] (control_center) StdoutLine: {'line': b'-- Up-to-date symlink: /workspace/install/control_center/share/control_center/environment/ament_prefix_path.sh\n'}
[0.258451] (control_center) StdoutLine: {'line': b'-- Up-to-date symlink: /workspace/install/control_center/share/control_center/environment/ament_prefix_path.dsv\n'}
[0.258727] (control_center) StdoutLine: {'line': b'-- Up-to-date symlink: /workspace/install/control_center/share/control_center/environment/path.sh\n'}
[0.258969] (control_center) StdoutLine: {'line': b'-- Up-to-date symlink: /workspace/install/control_center/share/control_center/environment/path.dsv\n'}
[0.259214] (control_center) StdoutLine: {'line': b'-- Up-to-date symlink: /workspace/install/control_center/share/control_center/local_setup.bash\n'}
[0.259566] (control_center) StdoutLine: {'line': b'-- Up-to-date symlink: /workspace/install/control_center/share/control_center/local_setup.sh\n'}
[0.260454] (control_center) StdoutLine: {'line': b'-- Up-to-date symlink: /workspace/install/control_center/share/control_center/local_setup.zsh\n'}
[0.260612] (control_center) StdoutLine: {'line': b'-- Up-to-date symlink: /workspace/install/control_center/share/control_center/local_setup.dsv\n'}
[0.260772] (control_center) StdoutLine: {'line': b'-- Symlinking: /workspace/install/control_center/share/control_center/package.dsv\n'}
[0.280956] (control_center) StdoutLine: {'line': b'-- Up-to-date symlink: /workspace/install/control_center/share/ament_index/resource_index/packages/control_center\n'}
[0.281713] (control_center) StdoutLine: {'line': b'-- Up-to-date symlink: /workspace/install/control_center/share/control_center/cmake/control_centerConfig.cmake\n'}
[0.282081] (control_center) StdoutLine: {'line': b'-- Up-to-date symlink: /workspace/install/control_center/share/control_center/cmake/control_centerConfig-version.cmake\n'}
[0.282273] (control_center) StdoutLine: {'line': b'-- Up-to-date symlink: /workspace/install/control_center/share/control_center/package.xml\n'}
[0.284907] (control_center) CommandEnded: {'returncode': 0}
[0.302766] (-) TimerEvent: {}
[0.329414] (control_center) JobEnded: {'identifier': 'control_center', 'rc': 0}
[0.331429] (-) EventReactorShutdown: {}
