[ 37%] Building CXX object CMakeFiles/ldlidar_stl_ros2_node.dir/ldlidar_driver/src/logger/log_module.cpp.o
[ 37%] Building CXX object CMakeFiles/ldlidar_stl_ros2_node.dir/ldlidar_driver/src/networkcom/network_socket_interface_linux.cpp.o
[ 37%] Building CXX object CMakeFiles/ldlidar_stl_ros2_node.dir/ldlidar_driver/src/serialcom/serial_interface_linux.cpp.o
[ 50%] Building CXX object CMakeFiles/ldlidar_stl_ros2_node.dir/src/demo.cpp.o
[ 62%] Building CXX object CMakeFiles/ldlidar_stl_ros2_node.dir/ldlidar_driver/src/core/ldlidar_driver.cpp.o
[ 75%] Linking CXX executable ldlidar_stl_ros2_node
[100%] Built target ldlidar_stl_ros2_node
-- Install configuration: ""
-- Execute custom install script
-- Symlinking: /workspace/install/ldlidar_stl_ros2/lib/ldlidar_stl_ros2/ldlidar_stl_ros2_node
-- Symlinking: /workspace/install/ldlidar_stl_ros2/share/ldlidar_stl_ros2//launch/ld06.launch.py
-- Symlinking: /workspace/install/ldlidar_stl_ros2/share/ldlidar_stl_ros2//launch/ld19.launch.py
-- Symlinking: /workspace/install/ldlidar_stl_ros2/share/ldlidar_stl_ros2//launch/stl27l.launch.py
-- Symlinking: /workspace/install/ldlidar_stl_ros2/share/ldlidar_stl_ros2//launch/viewer_ld06.launch.py
-- Symlinking: /workspace/install/ldlidar_stl_ros2/share/ldlidar_stl_ros2//launch/viewer_ld19.launch.py
-- Symlinking: /workspace/install/ldlidar_stl_ros2/share/ldlidar_stl_ros2//launch/viewer_stl27l.launch.py
-- Symlinking: /workspace/install/ldlidar_stl_ros2/share/ldlidar_stl_ros2//rviz2/ldlidar.rviz
-- Symlinking: /workspace/install/ldlidar_stl_ros2/share/ament_index/resource_index/package_run_dependencies/ldlidar_stl_ros2
-- Symlinking: /workspace/install/ldlidar_stl_ros2/share/ament_index/resource_index/parent_prefix_path/ldlidar_stl_ros2
-- Symlinking: /workspace/install/ldlidar_stl_ros2/share/ldlidar_stl_ros2/environment/ament_prefix_path.sh
-- Symlinking: /workspace/install/ldlidar_stl_ros2/share/ldlidar_stl_ros2/environment/ament_prefix_path.dsv
-- Symlinking: /workspace/install/ldlidar_stl_ros2/share/ldlidar_stl_ros2/environment/path.sh
-- Symlinking: /workspace/install/ldlidar_stl_ros2/share/ldlidar_stl_ros2/environment/path.dsv
-- Symlinking: /workspace/install/ldlidar_stl_ros2/share/ldlidar_stl_ros2/local_setup.bash
-- Symlinking: /workspace/install/ldlidar_stl_ros2/share/ldlidar_stl_ros2/local_setup.sh
-- Symlinking: /workspace/install/ldlidar_stl_ros2/share/ldlidar_stl_ros2/local_setup.zsh
-- Symlinking: /workspace/install/ldlidar_stl_ros2/share/ldlidar_stl_ros2/local_setup.dsv
-- Symlinking: /workspace/install/ldlidar_stl_ros2/share/ldlidar_stl_ros2/package.dsv
-- Symlinking: /workspace/install/ldlidar_stl_ros2/share/ament_index/resource_index/packages/ldlidar_stl_ros2
-- Symlinking: /workspace/install/ldlidar_stl_ros2/share/ldlidar_stl_ros2/cmake/ldlidar_stl_ros2Config.cmake
-- Symlinking: /workspace/install/ldlidar_stl_ros2/share/ldlidar_stl_ros2/cmake/ldlidar_stl_ros2Config-version.cmake
-- Symlinking: /workspace/install/ldlidar_stl_ros2/share/ldlidar_stl_ros2/package.xml
