-- Found ament_cmake: 2.5.6 (/opt/ros/jazzy/share/ament_cmake/cmake)
-- Override CMake install command with custom implementation using symlinks instead of copying resources
-- Found geometry_msgs: 5.3.8 (/opt/ros/jazzy/share/geometry_msgs/cmake)
-- Found rosidl_generator_c: 4.6.9 (/opt/ros/jazzy/share/rosidl_generator_c/cmake)
-- Found rosidl_generator_cpp: 4.6.9 (/opt/ros/jazzy/share/rosidl_generator_cpp/cmake)
-- Using all available rosidl_typesupport_c: rosidl_typesupport_fastrtps_c;rosidl_typesupport_introspection_c
-- Using all available rosidl_typesupport_cpp: rosidl_typesupport_fastrtps_cpp;rosidl_typesupport_introspection_cpp
-- Found rosidl_default_generators: 1.6.1 (/opt/ros/jazzy/share/rosidl_default_generators/cmake)
-- Found rosidl_adapter: 4.6.9 (/opt/ros/jazzy/share/rosidl_adapter/cmake)
-- Found ament_cmake_ros: 0.12.1 (/opt/ros/jazzy/share/ament_cmake_ros/cmake)
-- Using all available rosidl_typesupport_c: rosidl_typesupport_fastrtps_c;rosidl_typesupport_introspection_c
-- Using all available rosidl_typesupport_cpp: rosidl_typesupport_fastrtps_cpp;rosidl_typesupport_introspection_cpp
-- Found python_cmake_module: 0.11.1 (/opt/ros/jazzy/share/python_cmake_module/cmake)
-- Found PythonExtra: /usr/bin/python3  
-- Found Python3: /usr/bin/python3 (found version "3.12.3") found components: Interpreter Development NumPy Development.Module Development.Embed 
-- Found Python3: /usr/bin/python3 (found version "3.12.3") found components: Interpreter 
-- Configuring done (5.3s)
-- Generating done (0.1s)
-- Build files have been written to: /workspace/build/avaj_car_control
[  2%] Generating type hashes for ROS interfaces
[  5%] Generating Rust code for ROS interfaces
[  5%] Built target ament_cmake_python_symlink_avaj_car_control
[  5%] Built target avaj_car_control__rs
running egg_info
creating avaj_car_control.egg-info
writing avaj_car_control.egg-info/PKG-INFO
writing dependency_links to avaj_car_control.egg-info/dependency_links.txt
writing top-level names to avaj_car_control.egg-info/top_level.txt
writing manifest file 'avaj_car_control.egg-info/SOURCES.txt'
[  5%] Built target avaj_car_control__rosidl_generator_type_description
[  8%] Generating C code for ROS interfaces
[ 11%] Generating C++ code for ROS interfaces
reading manifest file 'avaj_car_control.egg-info/SOURCES.txt'
writing manifest file 'avaj_car_control.egg-info/SOURCES.txt'
[ 11%] Built target ament_cmake_python_build_avaj_car_control_egg
[ 11%] Built target avaj_car_control__cpp
[ 14%] Building C object CMakeFiles/avaj_car_control__rosidl_generator_c.dir/rosidl_generator_c/avaj_car_control/msg/detail/drive_command__description.c.o
[ 17%] Building C object CMakeFiles/avaj_car_control__rosidl_generator_c.dir/rosidl_generator_c/avaj_car_control/msg/detail/drive_command__type_support.c.o
[ 20%] Building C object CMakeFiles/avaj_car_control__rosidl_generator_c.dir/rosidl_generator_c/avaj_car_control/msg/detail/drive_command__functions.c.o
[ 22%] Linking C shared library libavaj_car_control__rosidl_generator_c.so
[ 22%] Built target avaj_car_control__rosidl_generator_c
[ 25%] Generating C type support for eProsima Fast-RTPS
[ 28%] Generating C type support dispatch for ROS interfaces
[ 31%] Generating C++ type support for eProsima Fast-RTPS
[ 34%] Generating C++ type support dispatch for ROS interfaces
[ 37%] Generating C introspection for ROS interfaces
[ 40%] Generating C++ introspection for ROS interfaces
[ 42%] Building C object CMakeFiles/avaj_car_control__rosidl_typesupport_introspection_c.dir/rosidl_typesupport_introspection_c/avaj_car_control/msg/detail/drive_command__type_support.c.o
[ 45%] Building CXX object CMakeFiles/avaj_car_control__rosidl_typesupport_cpp.dir/rosidl_typesupport_cpp/avaj_car_control/msg/drive_command__type_support.cpp.o
[ 48%] Building CXX object CMakeFiles/avaj_car_control__rosidl_typesupport_introspection_cpp.dir/rosidl_typesupport_introspection_cpp/avaj_car_control/msg/detail/drive_command__type_support.cpp.o
[ 51%] Linking C shared library libavaj_car_control__rosidl_typesupport_introspection_c.so
[ 54%] Building CXX object CMakeFiles/avaj_car_control__rosidl_typesupport_fastrtps_c.dir/rosidl_typesupport_fastrtps_c/avaj_car_control/msg/detail/drive_command__type_support_c.cpp.o
[ 57%] Building CXX object CMakeFiles/avaj_car_control__rosidl_typesupport_c.dir/rosidl_typesupport_c/avaj_car_control/msg/drive_command__type_support.cpp.o
[ 60%] Building CXX object CMakeFiles/avaj_car_control__rosidl_typesupport_fastrtps_cpp.dir/rosidl_typesupport_fastrtps_cpp/avaj_car_control/msg/detail/dds_fastrtps/drive_command__type_support.cpp.o
[ 60%] Built target avaj_car_control__rosidl_typesupport_introspection_c
[ 62%] Linking CXX shared library libavaj_car_control__rosidl_typesupport_c.so
[ 62%] Built target avaj_car_control__rosidl_typesupport_c
[ 65%] Linking CXX shared library libavaj_car_control__rosidl_typesupport_cpp.so
[ 68%] Linking CXX shared library libavaj_car_control__rosidl_typesupport_introspection_cpp.so
[ 68%] Built target avaj_car_control__rosidl_typesupport_cpp
[ 68%] Built target avaj_car_control__rosidl_typesupport_introspection_cpp
[ 71%] Linking CXX shared library libavaj_car_control__rosidl_typesupport_fastrtps_c.so
[ 71%] Built target avaj_car_control__rosidl_typesupport_fastrtps_c
[ 74%] Linking CXX shared library libavaj_car_control__rosidl_typesupport_fastrtps_cpp.so
[ 74%] Built target avaj_car_control__rosidl_typesupport_fastrtps_cpp
[ 74%] Built target avaj_car_control
[ 77%] Generating Python code for ROS interfaces
[ 77%] Built target avaj_car_control__py
[ 80%] Building C object CMakeFiles/avaj_car_control__rosidl_generator_py.dir/rosidl_generator_py/avaj_car_control/msg/_drive_command_s.c.o
[ 82%] Linking C shared library libavaj_car_control__rosidl_generator_py.so
[ 82%] Built target avaj_car_control__rosidl_generator_py
[ 85%] Building C object CMakeFiles/avaj_car_control_s__rosidl_typesupport_c.dir/rosidl_generator_py/avaj_car_control/_avaj_car_control_s.ep.rosidl_typesupport_c.c.o
[ 88%] Building C object CMakeFiles/avaj_car_control_s__rosidl_typesupport_introspection_c.dir/rosidl_generator_py/avaj_car_control/_avaj_car_control_s.ep.rosidl_typesupport_introspection_c.c.o
[ 91%] Building C object CMakeFiles/avaj_car_control_s__rosidl_typesupport_fastrtps_c.dir/rosidl_generator_py/avaj_car_control/_avaj_car_control_s.ep.rosidl_typesupport_fastrtps_c.c.o
[ 94%] Linking C shared module rosidl_generator_py/avaj_car_control/avaj_car_control_s__rosidl_typesupport_c.so
[ 97%] Linking C shared module rosidl_generator_py/avaj_car_control/avaj_car_control_s__rosidl_typesupport_introspection_c.so
[100%] Linking C shared module rosidl_generator_py/avaj_car_control/avaj_car_control_s__rosidl_typesupport_fastrtps_c.so
[100%] Built target avaj_car_control_s__rosidl_typesupport_c
[100%] Built target avaj_car_control_s__rosidl_typesupport_introspection_c
[100%] Built target avaj_car_control_s__rosidl_typesupport_fastrtps_c
-- Install configuration: ""
-- Execute custom install script
-- Symlinking: /workspace/install/avaj_car_control/share/ament_index/resource_index/rosidl_interfaces/avaj_car_control
-- Symlinking: /workspace/install/avaj_car_control/share/avaj_car_control/msg/DriveCommand.json
-- Symlinking: /workspace/install/avaj_car_control/include/avaj_car_control/avaj_car_control/msg/detail/drive_command__functions.h
-- Symlinking: /workspace/install/avaj_car_control/include/avaj_car_control/avaj_car_control/msg/detail/drive_command__struct.h
-- Symlinking: /workspace/install/avaj_car_control/include/avaj_car_control/avaj_car_control/msg/detail/drive_command__type_support.h
-- Symlinking: /workspace/install/avaj_car_control/include/avaj_car_control/avaj_car_control/msg/drive_command.h
-- Symlinking: /workspace/install/avaj_car_control/include/avaj_car_control/avaj_car_control/msg/rosidl_generator_c__visibility_control.h
-- Symlinking: /workspace/install/avaj_car_control/share/avaj_car_control/environment/library_path.sh
-- Symlinking: /workspace/install/avaj_car_control/share/avaj_car_control/environment/library_path.dsv
-- Symlinking: /workspace/install/avaj_car_control/include/avaj_car_control/avaj_car_control/msg/detail/drive_command__rosidl_typesupport_fastrtps_c.h
-- Symlinking: /workspace/install/avaj_car_control/include/avaj_car_control/avaj_car_control/msg/rosidl_typesupport_fastrtps_c__visibility_control.h
-- Symlinking: /workspace/install/avaj_car_control/include/avaj_car_control/avaj_car_control/msg/detail/drive_command__builder.hpp
-- Symlinking: /workspace/install/avaj_car_control/include/avaj_car_control/avaj_car_control/msg/detail/drive_command__struct.hpp
-- Symlinking: /workspace/install/avaj_car_control/include/avaj_car_control/avaj_car_control/msg/detail/drive_command__traits.hpp
-- Symlinking: /workspace/install/avaj_car_control/include/avaj_car_control/avaj_car_control/msg/detail/drive_command__type_support.hpp
-- Symlinking: /workspace/install/avaj_car_control/include/avaj_car_control/avaj_car_control/msg/drive_command.hpp
-- Symlinking: /workspace/install/avaj_car_control/include/avaj_car_control/avaj_car_control/msg/rosidl_generator_cpp__visibility_control.hpp
-- Symlinking: /workspace/install/avaj_car_control/include/avaj_car_control/avaj_car_control/msg/detail/drive_command__rosidl_typesupport_fastrtps_cpp.hpp
-- Symlinking: /workspace/install/avaj_car_control/include/avaj_car_control/avaj_car_control/msg/rosidl_typesupport_fastrtps_cpp__visibility_control.h
-- Symlinking: /workspace/install/avaj_car_control/include/avaj_car_control/avaj_car_control/msg/detail/drive_command__rosidl_typesupport_introspection_c.h
-- Symlinking: /workspace/install/avaj_car_control/include/avaj_car_control/avaj_car_control/msg/rosidl_typesupport_introspection_c__visibility_control.h
-- Symlinking: /workspace/install/avaj_car_control/include/avaj_car_control/avaj_car_control/msg/detail/drive_command__rosidl_typesupport_introspection_cpp.hpp
-- Symlinking: /workspace/install/avaj_car_control/share/avaj_car_control/environment/pythonpath.sh
-- Symlinking: /workspace/install/avaj_car_control/share/avaj_car_control/environment/pythonpath.dsv
-- Symlinking: /workspace/install/avaj_car_control/lib/python3.12/site-packages/avaj_car_control-0.1.0-py3.12.egg-info/PKG-INFO
-- Symlinking: /workspace/install/avaj_car_control/lib/python3.12/site-packages/avaj_car_control-0.1.0-py3.12.egg-info/SOURCES.txt
-- Symlinking: /workspace/install/avaj_car_control/lib/python3.12/site-packages/avaj_car_control-0.1.0-py3.12.egg-info/dependency_links.txt
-- Symlinking: /workspace/install/avaj_car_control/lib/python3.12/site-packages/avaj_car_control-0.1.0-py3.12.egg-info/top_level.txt
-- Symlinking: /workspace/install/avaj_car_control/lib/python3.12/site-packages/avaj_car_control/__init__.py
-- Symlinking: /workspace/install/avaj_car_control/lib/python3.12/site-packages/avaj_car_control/_avaj_car_control_s.ep.rosidl_typesupport_c.c
-- Symlinking: /workspace/install/avaj_car_control/lib/python3.12/site-packages/avaj_car_control/_avaj_car_control_s.ep.rosidl_typesupport_fastrtps_c.c
-- Symlinking: /workspace/install/avaj_car_control/lib/python3.12/site-packages/avaj_car_control/_avaj_car_control_s.ep.rosidl_typesupport_introspection_c.c
-- Symlinking: /workspace/install/avaj_car_control/lib/python3.12/site-packages/avaj_car_control/avaj_car_control_s__rosidl_typesupport_c.so
-- Symlinking: /workspace/install/avaj_car_control/lib/python3.12/site-packages/avaj_car_control/avaj_car_control_s__rosidl_typesupport_fastrtps_c.so
-- Symlinking: /workspace/install/avaj_car_control/lib/python3.12/site-packages/avaj_car_control/avaj_car_control_s__rosidl_typesupport_introspection_c.so
-- Symlinking: /workspace/install/avaj_car_control/lib/python3.12/site-packages/avaj_car_control/msg/__init__.py
-- Symlinking: /workspace/install/avaj_car_control/lib/python3.12/site-packages/avaj_car_control/msg/_drive_command.py
-- Symlinking: /workspace/install/avaj_car_control/lib/python3.12/site-packages/avaj_car_control/msg/_drive_command_s.c
-- Up-to-date symlink: /workspace/install/avaj_car_control/lib/python3.12/site-packages/avaj_car_control/avaj_car_control_s__rosidl_typesupport_fastrtps_c.so
-- Up-to-date symlink: /workspace/install/avaj_car_control/lib/python3.12/site-packages/avaj_car_control/avaj_car_control_s__rosidl_typesupport_introspection_c.so
-- Up-to-date symlink: /workspace/install/avaj_car_control/lib/python3.12/site-packages/avaj_car_control/avaj_car_control_s__rosidl_typesupport_c.so
-- Symlinking: /workspace/install/avaj_car_control/share/ament_index/resource_index/rust_packages/avaj_car_control
-- Symlinking: /workspace/install/avaj_car_control/share/avaj_car_control/rust/Cargo.toml
-- Symlinking: /workspace/install/avaj_car_control/share/avaj_car_control/rust/build.rs
-- Symlinking: /workspace/install/avaj_car_control/share/avaj_car_control/rust/src/lib.rs
-- Symlinking: /workspace/install/avaj_car_control/share/avaj_car_control/rust/src/msg.rs
-- Symlinking: /workspace/install/avaj_car_control/share/avaj_car_control/rust/src/msg/rmw.rs
-- Symlinking: /workspace/install/avaj_car_control/share/avaj_car_control/msg/DriveCommand.idl
-- Symlinking: /workspace/install/avaj_car_control/share/avaj_car_control/msg/DriveCommand.msg
-- Symlinking: /workspace/install/avaj_car_control/lib/avaj_car_control/drive_command_to_twist
-- Symlinking: /workspace/install/avaj_car_control/lib/avaj_car_control/wasd_teleop
-- Symlinking: /workspace/install/avaj_car_control/share/ament_index/resource_index/package_run_dependencies/avaj_car_control
-- Symlinking: /workspace/install/avaj_car_control/share/ament_index/resource_index/parent_prefix_path/avaj_car_control
-- Symlinking: /workspace/install/avaj_car_control/share/avaj_car_control/environment/ament_prefix_path.sh
-- Symlinking: /workspace/install/avaj_car_control/share/avaj_car_control/environment/ament_prefix_path.dsv
-- Symlinking: /workspace/install/avaj_car_control/share/avaj_car_control/environment/path.sh
-- Symlinking: /workspace/install/avaj_car_control/share/avaj_car_control/environment/path.dsv
-- Symlinking: /workspace/install/avaj_car_control/share/avaj_car_control/local_setup.bash
-- Symlinking: /workspace/install/avaj_car_control/share/avaj_car_control/local_setup.sh
-- Symlinking: /workspace/install/avaj_car_control/share/avaj_car_control/local_setup.zsh
-- Symlinking: /workspace/install/avaj_car_control/share/avaj_car_control/local_setup.dsv
-- Symlinking: /workspace/install/avaj_car_control/share/avaj_car_control/package.dsv
-- Symlinking: /workspace/install/avaj_car_control/share/ament_index/resource_index/packages/avaj_car_control
-- Symlinking: /workspace/install/avaj_car_control/share/avaj_car_control/cmake/rosidl_cmake-extras.cmake
-- Symlinking: /workspace/install/avaj_car_control/share/avaj_car_control/cmake/ament_cmake_export_include_directories-extras.cmake
-- Symlinking: /workspace/install/avaj_car_control/share/avaj_car_control/cmake/ament_cmake_export_libraries-extras.cmake
-- Symlinking: /workspace/install/avaj_car_control/share/avaj_car_control/cmake/ament_cmake_export_targets-extras.cmake
-- Symlinking: /workspace/install/avaj_car_control/share/avaj_car_control/cmake/rosidl_cmake_export_typesupport_targets-extras.cmake
-- Symlinking: /workspace/install/avaj_car_control/share/avaj_car_control/cmake/ament_cmake_export_dependencies-extras.cmake
-- Symlinking: /workspace/install/avaj_car_control/share/avaj_car_control/cmake/rosidl_cmake_export_typesupport_libraries-extras.cmake
-- Symlinking: /workspace/install/avaj_car_control/share/avaj_car_control/cmake/rosidl_cmake_aggregate_target-extras.cmake
-- Symlinking: /workspace/install/avaj_car_control/share/avaj_car_control/cmake/avaj_car_controlConfig.cmake
-- Symlinking: /workspace/install/avaj_car_control/share/avaj_car_control/cmake/avaj_car_controlConfig-version.cmake
-- Symlinking: /workspace/install/avaj_car_control/share/avaj_car_control/package.xml
-- Installing: /workspace/install/avaj_car_control/lib/libavaj_car_control__rosidl_generator_c.so
-- Set non-toolchain portion of runtime path of "/workspace/install/avaj_car_control/lib/libavaj_car_control__rosidl_generator_c.so" to ""
-- Installing: /workspace/install/avaj_car_control/lib/libavaj_car_control__rosidl_typesupport_fastrtps_c.so
-- Set non-toolchain portion of runtime path of "/workspace/install/avaj_car_control/lib/libavaj_car_control__rosidl_typesupport_fastrtps_c.so" to ""
-- Installing: /workspace/install/avaj_car_control/lib/libavaj_car_control__rosidl_typesupport_fastrtps_cpp.so
-- Set non-toolchain portion of runtime path of "/workspace/install/avaj_car_control/lib/libavaj_car_control__rosidl_typesupport_fastrtps_cpp.so" to ""
-- Installing: /workspace/install/avaj_car_control/lib/libavaj_car_control__rosidl_typesupport_introspection_c.so
-- Set non-toolchain portion of runtime path of "/workspace/install/avaj_car_control/lib/libavaj_car_control__rosidl_typesupport_introspection_c.so" to ""
-- Installing: /workspace/install/avaj_car_control/lib/libavaj_car_control__rosidl_typesupport_c.so
-- Set non-toolchain portion of runtime path of "/workspace/install/avaj_car_control/lib/libavaj_car_control__rosidl_typesupport_c.so" to ""
-- Installing: /workspace/install/avaj_car_control/lib/libavaj_car_control__rosidl_typesupport_introspection_cpp.so
-- Set non-toolchain portion of runtime path of "/workspace/install/avaj_car_control/lib/libavaj_car_control__rosidl_typesupport_introspection_cpp.so" to ""
-- Installing: /workspace/install/avaj_car_control/lib/libavaj_car_control__rosidl_typesupport_cpp.so
-- Set non-toolchain portion of runtime path of "/workspace/install/avaj_car_control/lib/libavaj_car_control__rosidl_typesupport_cpp.so" to ""
Listing '/workspace/install/avaj_car_control/lib/python3.12/site-packages/avaj_car_control'...
Compiling '/workspace/install/avaj_car_control/lib/python3.12/site-packages/avaj_car_control/__init__.py'...
Listing '/workspace/install/avaj_car_control/lib/python3.12/site-packages/avaj_car_control/msg'...
Compiling '/workspace/install/avaj_car_control/lib/python3.12/site-packages/avaj_car_control/msg/__init__.py'...
Compiling '/workspace/install/avaj_car_control/lib/python3.12/site-packages/avaj_car_control/msg/_drive_command.py'...
-- Installing: /workspace/install/avaj_car_control/lib/libavaj_car_control__rosidl_generator_py.so
-- Set non-toolchain portion of runtime path of "/workspace/install/avaj_car_control/lib/libavaj_car_control__rosidl_generator_py.so" to ""
-- Installing: /workspace/install/avaj_car_control/share/avaj_car_control/cmake/export_avaj_car_control__rosidl_generator_cExport.cmake
-- Installing: /workspace/install/avaj_car_control/share/avaj_car_control/cmake/export_avaj_car_control__rosidl_generator_cExport-noconfig.cmake
-- Installing: /workspace/install/avaj_car_control/share/avaj_car_control/cmake/export_avaj_car_control__rosidl_typesupport_fastrtps_cExport.cmake
-- Installing: /workspace/install/avaj_car_control/share/avaj_car_control/cmake/export_avaj_car_control__rosidl_typesupport_fastrtps_cExport-noconfig.cmake
-- Installing: /workspace/install/avaj_car_control/share/avaj_car_control/cmake/export_avaj_car_control__rosidl_generator_cppExport.cmake
-- Installing: /workspace/install/avaj_car_control/share/avaj_car_control/cmake/export_avaj_car_control__rosidl_typesupport_fastrtps_cppExport.cmake
-- Installing: /workspace/install/avaj_car_control/share/avaj_car_control/cmake/export_avaj_car_control__rosidl_typesupport_fastrtps_cppExport-noconfig.cmake
-- Installing: /workspace/install/avaj_car_control/share/avaj_car_control/cmake/avaj_car_control__rosidl_typesupport_introspection_cExport.cmake
-- Installing: /workspace/install/avaj_car_control/share/avaj_car_control/cmake/avaj_car_control__rosidl_typesupport_introspection_cExport-noconfig.cmake
-- Installing: /workspace/install/avaj_car_control/share/avaj_car_control/cmake/avaj_car_control__rosidl_typesupport_cExport.cmake
-- Installing: /workspace/install/avaj_car_control/share/avaj_car_control/cmake/avaj_car_control__rosidl_typesupport_cExport-noconfig.cmake
-- Installing: /workspace/install/avaj_car_control/share/avaj_car_control/cmake/avaj_car_control__rosidl_typesupport_introspection_cppExport.cmake
-- Installing: /workspace/install/avaj_car_control/share/avaj_car_control/cmake/avaj_car_control__rosidl_typesupport_introspection_cppExport-noconfig.cmake
-- Installing: /workspace/install/avaj_car_control/share/avaj_car_control/cmake/avaj_car_control__rosidl_typesupport_cppExport.cmake
-- Installing: /workspace/install/avaj_car_control/share/avaj_car_control/cmake/avaj_car_control__rosidl_typesupport_cppExport-noconfig.cmake
-- Installing: /workspace/install/avaj_car_control/share/avaj_car_control/cmake/export_avaj_car_control__rosidl_generator_pyExport.cmake
-- Installing: /workspace/install/avaj_car_control/share/avaj_car_control/cmake/export_avaj_car_control__rosidl_generator_pyExport-noconfig.cmake
