[0.023s] Invoking command in '/workspace/build/avaj_car_control': CMAKE_PREFIX_PATH=${CMAKE_PREFIX_PATH}:/opt/ros/jazzy /usr/bin/cmake /workspace/src/avaj_car_control -DAMENT_CMAKE_SYMLINK_INSTALL=1 -DCMAKE_INSTALL_PREFIX=/workspace/install/avaj_car_control
[0.054s] -- Found ament_cmake: 2.5.6 (/opt/ros/jazzy/share/ament_cmake/cmake)
[0.500s] -- Override CMake install command with custom implementation using symlinks instead of copying resources
[0.520s] -- Found geometry_msgs: 5.3.8 (/opt/ros/jazzy/share/geometry_msgs/cmake)
[0.570s] -- Found rosidl_generator_c: 4.6.9 (/opt/ros/jazzy/share/rosidl_generator_c/cmake)
[0.587s] -- Found rosidl_generator_cpp: 4.6.9 (/opt/ros/jazzy/share/rosidl_generator_cpp/cmake)
[0.608s] -- Using all available rosidl_typesupport_c: rosidl_typesupport_fastrtps_c;rosidl_typesupport_introspection_c
[0.633s] -- Using all available rosidl_typesupport_cpp: rosidl_typesupport_fastrtps_cpp;rosidl_typesupport_introspection_cpp
[0.701s] -- Found rosidl_default_generators: 1.6.1 (/opt/ros/jazzy/share/rosidl_default_generators/cmake)
[0.722s] -- Found rosidl_adapter: 4.6.9 (/opt/ros/jazzy/share/rosidl_adapter/cmake)
[1.918s] -- Found ament_cmake_ros: 0.12.1 (/opt/ros/jazzy/share/ament_cmake_ros/cmake)
[3.371s] -- Using all available rosidl_typesupport_c: rosidl_typesupport_fastrtps_c;rosidl_typesupport_introspection_c
[3.925s] -- Using all available rosidl_typesupport_cpp: rosidl_typesupport_fastrtps_cpp;rosidl_typesupport_introspection_cpp
[3.935s] -- Found python_cmake_module: 0.11.1 (/opt/ros/jazzy/share/python_cmake_module/cmake)
[4.205s] -- Found PythonExtra: /usr/bin/python3  
[5.174s] -- Found Python3: /usr/bin/python3 (found version "3.12.3") found components: Interpreter Development NumPy Development.Module Development.Embed 
[5.308s] -- Found Python3: /usr/bin/python3 (found version "3.12.3") found components: Interpreter 
[5.331s] -- Configuring done (5.3s)
[5.397s] -- Generating done (0.1s)
[5.415s] -- Build files have been written to: /workspace/build/avaj_car_control
[5.437s] Invoked command in '/workspace/build/avaj_car_control' returned '0': CMAKE_PREFIX_PATH=${CMAKE_PREFIX_PATH}:/opt/ros/jazzy /usr/bin/cmake /workspace/src/avaj_car_control -DAMENT_CMAKE_SYMLINK_INSTALL=1 -DCMAKE_INSTALL_PREFIX=/workspace/install/avaj_car_control
[5.439s] Invoking command in '/workspace/build/avaj_car_control': CMAKE_PREFIX_PATH=${CMAKE_PREFIX_PATH}:/opt/ros/jazzy /usr/bin/cmake --build /workspace/build/avaj_car_control -- -j8 -l8
[5.561s] [  2%] Generating type hashes for ROS interfaces
[5.565s] [  5%] Generating Rust code for ROS interfaces
[5.596s] [  5%] Built target ament_cmake_python_symlink_avaj_car_control
[6.032s] [  5%] Built target avaj_car_control__rs
[6.041s] running egg_info
[6.044s] creating avaj_car_control.egg-info
[6.084s] writing avaj_car_control.egg-info/PKG-INFO
[6.084s] writing dependency_links to avaj_car_control.egg-info/dependency_links.txt
[6.084s] writing top-level names to avaj_car_control.egg-info/top_level.txt
[6.085s] writing manifest file 'avaj_car_control.egg-info/SOURCES.txt'
[6.086s] [  5%] Built target avaj_car_control__rosidl_generator_type_description
[6.113s] [  8%] Generating C code for ROS interfaces
[6.137s] [ 11%] Generating C++ code for ROS interfaces
[6.184s] reading manifest file 'avaj_car_control.egg-info/SOURCES.txt'
[6.185s] writing manifest file 'avaj_car_control.egg-info/SOURCES.txt'
[6.280s] [ 11%] Built target ament_cmake_python_build_avaj_car_control_egg
[6.621s] [ 11%] Built target avaj_car_control__cpp
[6.701s] [ 14%] Building C object CMakeFiles/avaj_car_control__rosidl_generator_c.dir/rosidl_generator_c/avaj_car_control/msg/detail/drive_command__description.c.o
[6.701s] [ 17%] Building C object CMakeFiles/avaj_car_control__rosidl_generator_c.dir/rosidl_generator_c/avaj_car_control/msg/detail/drive_command__type_support.c.o
[6.713s] [ 20%] Building C object CMakeFiles/avaj_car_control__rosidl_generator_c.dir/rosidl_generator_c/avaj_car_control/msg/detail/drive_command__functions.c.o
[6.810s] [ 22%] Linking C shared library libavaj_car_control__rosidl_generator_c.so
[6.882s] [ 22%] Built target avaj_car_control__rosidl_generator_c
[6.906s] [ 25%] Generating C type support for eProsima Fast-RTPS
[6.907s] [ 28%] Generating C type support dispatch for ROS interfaces
[6.915s] [ 31%] Generating C++ type support for eProsima Fast-RTPS
[6.918s] [ 34%] Generating C++ type support dispatch for ROS interfaces
[6.919s] [ 37%] Generating C introspection for ROS interfaces
[6.935s] [ 40%] Generating C++ introspection for ROS interfaces
[7.446s] [ 42%] Building C object CMakeFiles/avaj_car_control__rosidl_typesupport_introspection_c.dir/rosidl_typesupport_introspection_c/avaj_car_control/msg/detail/drive_command__type_support.c.o
[7.476s] [ 45%] Building CXX object CMakeFiles/avaj_car_control__rosidl_typesupport_cpp.dir/rosidl_typesupport_cpp/avaj_car_control/msg/drive_command__type_support.cpp.o
[7.575s] [ 48%] Building CXX object CMakeFiles/avaj_car_control__rosidl_typesupport_introspection_cpp.dir/rosidl_typesupport_introspection_cpp/avaj_car_control/msg/detail/drive_command__type_support.cpp.o
[7.579s] [ 51%] Linking C shared library libavaj_car_control__rosidl_typesupport_introspection_c.so
[7.602s] [ 54%] Building CXX object CMakeFiles/avaj_car_control__rosidl_typesupport_fastrtps_c.dir/rosidl_typesupport_fastrtps_c/avaj_car_control/msg/detail/drive_command__type_support_c.cpp.o
[7.641s] [ 57%] Building CXX object CMakeFiles/avaj_car_control__rosidl_typesupport_c.dir/rosidl_typesupport_c/avaj_car_control/msg/drive_command__type_support.cpp.o
[7.677s] [ 60%] Building CXX object CMakeFiles/avaj_car_control__rosidl_typesupport_fastrtps_cpp.dir/rosidl_typesupport_fastrtps_cpp/avaj_car_control/msg/detail/dds_fastrtps/drive_command__type_support.cpp.o
[7.683s] [ 60%] Built target avaj_car_control__rosidl_typesupport_introspection_c
[7.775s] [ 62%] Linking CXX shared library libavaj_car_control__rosidl_typesupport_c.so
[7.905s] [ 62%] Built target avaj_car_control__rosidl_typesupport_c
[8.212s] [ 65%] Linking CXX shared library libavaj_car_control__rosidl_typesupport_cpp.so
[8.299s] [ 68%] Linking CXX shared library libavaj_car_control__rosidl_typesupport_introspection_cpp.so
[8.308s] [ 68%] Built target avaj_car_control__rosidl_typesupport_cpp
[8.394s] [ 68%] Built target avaj_car_control__rosidl_typesupport_introspection_cpp
[8.588s] [ 71%] Linking CXX shared library libavaj_car_control__rosidl_typesupport_fastrtps_c.so
[8.691s] [ 71%] Built target avaj_car_control__rosidl_typesupport_fastrtps_c
[8.723s] [ 74%] Linking CXX shared library libavaj_car_control__rosidl_typesupport_fastrtps_cpp.so
[8.831s] [ 74%] Built target avaj_car_control__rosidl_typesupport_fastrtps_cpp
[8.877s] [ 74%] Built target avaj_car_control
[8.922s] [ 77%] Generating Python code for ROS interfaces
[9.485s] [ 77%] Built target avaj_car_control__py
[9.533s] [ 80%] Building C object CMakeFiles/avaj_car_control__rosidl_generator_py.dir/rosidl_generator_py/avaj_car_control/msg/_drive_command_s.c.o
[9.780s] [ 82%] Linking C shared library libavaj_car_control__rosidl_generator_py.so
[9.870s] [ 82%] Built target avaj_car_control__rosidl_generator_py
[9.919s] [ 85%] Building C object CMakeFiles/avaj_car_control_s__rosidl_typesupport_c.dir/rosidl_generator_py/avaj_car_control/_avaj_car_control_s.ep.rosidl_typesupport_c.c.o
[9.924s] [ 88%] Building C object CMakeFiles/avaj_car_control_s__rosidl_typesupport_introspection_c.dir/rosidl_generator_py/avaj_car_control/_avaj_car_control_s.ep.rosidl_typesupport_introspection_c.c.o
[9.924s] [ 91%] Building C object CMakeFiles/avaj_car_control_s__rosidl_typesupport_fastrtps_c.dir/rosidl_generator_py/avaj_car_control/_avaj_car_control_s.ep.rosidl_typesupport_fastrtps_c.c.o
[10.128s] [ 94%] Linking C shared module rosidl_generator_py/avaj_car_control/avaj_car_control_s__rosidl_typesupport_c.so
[10.132s] [ 97%] Linking C shared module rosidl_generator_py/avaj_car_control/avaj_car_control_s__rosidl_typesupport_introspection_c.so
[10.143s] [100%] Linking C shared module rosidl_generator_py/avaj_car_control/avaj_car_control_s__rosidl_typesupport_fastrtps_c.so
[10.185s] [100%] Built target avaj_car_control_s__rosidl_typesupport_c
[10.204s] [100%] Built target avaj_car_control_s__rosidl_typesupport_introspection_c
[10.206s] [100%] Built target avaj_car_control_s__rosidl_typesupport_fastrtps_c
[10.239s] Invoked command in '/workspace/build/avaj_car_control' returned '0': CMAKE_PREFIX_PATH=${CMAKE_PREFIX_PATH}:/opt/ros/jazzy /usr/bin/cmake --build /workspace/build/avaj_car_control -- -j8 -l8
[10.265s] Invoking command in '/workspace/build/avaj_car_control': CMAKE_PREFIX_PATH=${CMAKE_PREFIX_PATH}:/opt/ros/jazzy /usr/bin/cmake --install /workspace/build/avaj_car_control
[10.285s] -- Install configuration: ""
[10.285s] -- Execute custom install script
[10.286s] -- Symlinking: /workspace/install/avaj_car_control/share/ament_index/resource_index/rosidl_interfaces/avaj_car_control
[10.308s] -- Symlinking: /workspace/install/avaj_car_control/share/avaj_car_control/msg/DriveCommand.json
[10.328s] -- Symlinking: /workspace/install/avaj_car_control/include/avaj_car_control/avaj_car_control/msg/detail/drive_command__functions.h
[10.351s] -- Symlinking: /workspace/install/avaj_car_control/include/avaj_car_control/avaj_car_control/msg/detail/drive_command__struct.h
[10.372s] -- Symlinking: /workspace/install/avaj_car_control/include/avaj_car_control/avaj_car_control/msg/detail/drive_command__type_support.h
[10.398s] -- Symlinking: /workspace/install/avaj_car_control/include/avaj_car_control/avaj_car_control/msg/drive_command.h
[10.418s] -- Symlinking: /workspace/install/avaj_car_control/include/avaj_car_control/avaj_car_control/msg/rosidl_generator_c__visibility_control.h
[10.442s] -- Symlinking: /workspace/install/avaj_car_control/share/avaj_car_control/environment/library_path.sh
[10.463s] -- Symlinking: /workspace/install/avaj_car_control/share/avaj_car_control/environment/library_path.dsv
[10.483s] -- Symlinking: /workspace/install/avaj_car_control/include/avaj_car_control/avaj_car_control/msg/detail/drive_command__rosidl_typesupport_fastrtps_c.h
[10.505s] -- Symlinking: /workspace/install/avaj_car_control/include/avaj_car_control/avaj_car_control/msg/rosidl_typesupport_fastrtps_c__visibility_control.h
[10.527s] -- Symlinking: /workspace/install/avaj_car_control/include/avaj_car_control/avaj_car_control/msg/detail/drive_command__builder.hpp
[10.550s] -- Symlinking: /workspace/install/avaj_car_control/include/avaj_car_control/avaj_car_control/msg/detail/drive_command__struct.hpp
[10.571s] -- Symlinking: /workspace/install/avaj_car_control/include/avaj_car_control/avaj_car_control/msg/detail/drive_command__traits.hpp
[10.597s] -- Symlinking: /workspace/install/avaj_car_control/include/avaj_car_control/avaj_car_control/msg/detail/drive_command__type_support.hpp
[10.619s] -- Symlinking: /workspace/install/avaj_car_control/include/avaj_car_control/avaj_car_control/msg/drive_command.hpp
[10.639s] -- Symlinking: /workspace/install/avaj_car_control/include/avaj_car_control/avaj_car_control/msg/rosidl_generator_cpp__visibility_control.hpp
[10.661s] -- Symlinking: /workspace/install/avaj_car_control/include/avaj_car_control/avaj_car_control/msg/detail/drive_command__rosidl_typesupport_fastrtps_cpp.hpp
[10.690s] -- Symlinking: /workspace/install/avaj_car_control/include/avaj_car_control/avaj_car_control/msg/rosidl_typesupport_fastrtps_cpp__visibility_control.h
[10.712s] -- Symlinking: /workspace/install/avaj_car_control/include/avaj_car_control/avaj_car_control/msg/detail/drive_command__rosidl_typesupport_introspection_c.h
[10.735s] -- Symlinking: /workspace/install/avaj_car_control/include/avaj_car_control/avaj_car_control/msg/rosidl_typesupport_introspection_c__visibility_control.h
[10.755s] -- Symlinking: /workspace/install/avaj_car_control/include/avaj_car_control/avaj_car_control/msg/detail/drive_command__rosidl_typesupport_introspection_cpp.hpp
[10.775s] -- Symlinking: /workspace/install/avaj_car_control/share/avaj_car_control/environment/pythonpath.sh
[10.795s] -- Symlinking: /workspace/install/avaj_car_control/share/avaj_car_control/environment/pythonpath.dsv
[10.817s] -- Symlinking: /workspace/install/avaj_car_control/lib/python3.12/site-packages/avaj_car_control-0.1.0-py3.12.egg-info/PKG-INFO
[10.838s] -- Symlinking: /workspace/install/avaj_car_control/lib/python3.12/site-packages/avaj_car_control-0.1.0-py3.12.egg-info/SOURCES.txt
[10.860s] -- Symlinking: /workspace/install/avaj_car_control/lib/python3.12/site-packages/avaj_car_control-0.1.0-py3.12.egg-info/dependency_links.txt
[10.883s] -- Symlinking: /workspace/install/avaj_car_control/lib/python3.12/site-packages/avaj_car_control-0.1.0-py3.12.egg-info/top_level.txt
[10.905s] -- Symlinking: /workspace/install/avaj_car_control/lib/python3.12/site-packages/avaj_car_control/__init__.py
[10.926s] -- Symlinking: /workspace/install/avaj_car_control/lib/python3.12/site-packages/avaj_car_control/_avaj_car_control_s.ep.rosidl_typesupport_c.c
[10.953s] -- Symlinking: /workspace/install/avaj_car_control/lib/python3.12/site-packages/avaj_car_control/_avaj_car_control_s.ep.rosidl_typesupport_fastrtps_c.c
[10.972s] -- Symlinking: /workspace/install/avaj_car_control/lib/python3.12/site-packages/avaj_car_control/_avaj_car_control_s.ep.rosidl_typesupport_introspection_c.c
[10.994s] -- Symlinking: /workspace/install/avaj_car_control/lib/python3.12/site-packages/avaj_car_control/avaj_car_control_s__rosidl_typesupport_c.so
[11.014s] -- Symlinking: /workspace/install/avaj_car_control/lib/python3.12/site-packages/avaj_car_control/avaj_car_control_s__rosidl_typesupport_fastrtps_c.so
[11.034s] -- Symlinking: /workspace/install/avaj_car_control/lib/python3.12/site-packages/avaj_car_control/avaj_car_control_s__rosidl_typesupport_introspection_c.so
[11.060s] -- Symlinking: /workspace/install/avaj_car_control/lib/python3.12/site-packages/avaj_car_control/msg/__init__.py
[11.076s] -- Symlinking: /workspace/install/avaj_car_control/lib/python3.12/site-packages/avaj_car_control/msg/_drive_command.py
[11.109s] -- Symlinking: /workspace/install/avaj_car_control/lib/python3.12/site-packages/avaj_car_control/msg/_drive_command_s.c
[11.130s] -- Up-to-date symlink: /workspace/install/avaj_car_control/lib/python3.12/site-packages/avaj_car_control/avaj_car_control_s__rosidl_typesupport_fastrtps_c.so
[11.131s] -- Up-to-date symlink: /workspace/install/avaj_car_control/lib/python3.12/site-packages/avaj_car_control/avaj_car_control_s__rosidl_typesupport_introspection_c.so
[11.131s] -- Up-to-date symlink: /workspace/install/avaj_car_control/lib/python3.12/site-packages/avaj_car_control/avaj_car_control_s__rosidl_typesupport_c.so
[11.132s] -- Symlinking: /workspace/install/avaj_car_control/share/ament_index/resource_index/rust_packages/avaj_car_control
[11.153s] -- Symlinking: /workspace/install/avaj_car_control/share/avaj_car_control/rust/Cargo.toml
[11.175s] -- Symlinking: /workspace/install/avaj_car_control/share/avaj_car_control/rust/build.rs
[11.199s] -- Symlinking: /workspace/install/avaj_car_control/share/avaj_car_control/rust/src/lib.rs
[11.219s] -- Symlinking: /workspace/install/avaj_car_control/share/avaj_car_control/rust/src/msg.rs
[11.239s] -- Symlinking: /workspace/install/avaj_car_control/share/avaj_car_control/rust/src/msg/rmw.rs
[11.269s] -- Symlinking: /workspace/install/avaj_car_control/share/avaj_car_control/msg/DriveCommand.idl
[11.292s] -- Symlinking: /workspace/install/avaj_car_control/share/avaj_car_control/msg/DriveCommand.msg
[11.312s] -- Symlinking: /workspace/install/avaj_car_control/lib/avaj_car_control/drive_command_to_twist
[11.333s] -- Symlinking: /workspace/install/avaj_car_control/lib/avaj_car_control/wasd_teleop
[11.359s] -- Symlinking: /workspace/install/avaj_car_control/share/ament_index/resource_index/package_run_dependencies/avaj_car_control
[11.381s] -- Symlinking: /workspace/install/avaj_car_control/share/ament_index/resource_index/parent_prefix_path/avaj_car_control
[11.404s] -- Symlinking: /workspace/install/avaj_car_control/share/avaj_car_control/environment/ament_prefix_path.sh
[11.423s] -- Symlinking: /workspace/install/avaj_car_control/share/avaj_car_control/environment/ament_prefix_path.dsv
[11.446s] -- Symlinking: /workspace/install/avaj_car_control/share/avaj_car_control/environment/path.sh
[11.466s] -- Symlinking: /workspace/install/avaj_car_control/share/avaj_car_control/environment/path.dsv
[11.486s] -- Symlinking: /workspace/install/avaj_car_control/share/avaj_car_control/local_setup.bash
[11.507s] -- Symlinking: /workspace/install/avaj_car_control/share/avaj_car_control/local_setup.sh
[11.528s] -- Symlinking: /workspace/install/avaj_car_control/share/avaj_car_control/local_setup.zsh
[11.549s] -- Symlinking: /workspace/install/avaj_car_control/share/avaj_car_control/local_setup.dsv
[11.572s] -- Symlinking: /workspace/install/avaj_car_control/share/avaj_car_control/package.dsv
[11.595s] -- Symlinking: /workspace/install/avaj_car_control/share/ament_index/resource_index/packages/avaj_car_control
[11.622s] -- Symlinking: /workspace/install/avaj_car_control/share/avaj_car_control/cmake/rosidl_cmake-extras.cmake
[11.644s] -- Symlinking: /workspace/install/avaj_car_control/share/avaj_car_control/cmake/ament_cmake_export_include_directories-extras.cmake
[11.663s] -- Symlinking: /workspace/install/avaj_car_control/share/avaj_car_control/cmake/ament_cmake_export_libraries-extras.cmake
[11.684s] -- Symlinking: /workspace/install/avaj_car_control/share/avaj_car_control/cmake/ament_cmake_export_targets-extras.cmake
[11.704s] -- Symlinking: /workspace/install/avaj_car_control/share/avaj_car_control/cmake/rosidl_cmake_export_typesupport_targets-extras.cmake
[11.724s] -- Symlinking: /workspace/install/avaj_car_control/share/avaj_car_control/cmake/ament_cmake_export_dependencies-extras.cmake
[11.746s] -- Symlinking: /workspace/install/avaj_car_control/share/avaj_car_control/cmake/rosidl_cmake_export_typesupport_libraries-extras.cmake
[11.766s] -- Symlinking: /workspace/install/avaj_car_control/share/avaj_car_control/cmake/rosidl_cmake_aggregate_target-extras.cmake
[11.786s] -- Symlinking: /workspace/install/avaj_car_control/share/avaj_car_control/cmake/avaj_car_controlConfig.cmake
[11.808s] -- Symlinking: /workspace/install/avaj_car_control/share/avaj_car_control/cmake/avaj_car_controlConfig-version.cmake
[11.830s] -- Symlinking: /workspace/install/avaj_car_control/share/avaj_car_control/package.xml
[11.850s] -- Installing: /workspace/install/avaj_car_control/lib/libavaj_car_control__rosidl_generator_c.so
[11.851s] -- Set non-toolchain portion of runtime path of "/workspace/install/avaj_car_control/lib/libavaj_car_control__rosidl_generator_c.so" to ""
[11.852s] -- Installing: /workspace/install/avaj_car_control/lib/libavaj_car_control__rosidl_typesupport_fastrtps_c.so
[11.852s] -- Set non-toolchain portion of runtime path of "/workspace/install/avaj_car_control/lib/libavaj_car_control__rosidl_typesupport_fastrtps_c.so" to ""
[11.852s] -- Installing: /workspace/install/avaj_car_control/lib/libavaj_car_control__rosidl_typesupport_fastrtps_cpp.so
[11.853s] -- Set non-toolchain portion of runtime path of "/workspace/install/avaj_car_control/lib/libavaj_car_control__rosidl_typesupport_fastrtps_cpp.so" to ""
[11.853s] -- Installing: /workspace/install/avaj_car_control/lib/libavaj_car_control__rosidl_typesupport_introspection_c.so
[11.854s] -- Set non-toolchain portion of runtime path of "/workspace/install/avaj_car_control/lib/libavaj_car_control__rosidl_typesupport_introspection_c.so" to ""
[11.858s] -- Installing: /workspace/install/avaj_car_control/lib/libavaj_car_control__rosidl_typesupport_c.so
[11.859s] -- Set non-toolchain portion of runtime path of "/workspace/install/avaj_car_control/lib/libavaj_car_control__rosidl_typesupport_c.so" to ""
[11.859s] -- Installing: /workspace/install/avaj_car_control/lib/libavaj_car_control__rosidl_typesupport_introspection_cpp.so
[11.859s] -- Set non-toolchain portion of runtime path of "/workspace/install/avaj_car_control/lib/libavaj_car_control__rosidl_typesupport_introspection_cpp.so" to ""
[11.859s] -- Installing: /workspace/install/avaj_car_control/lib/libavaj_car_control__rosidl_typesupport_cpp.so
[11.859s] -- Set non-toolchain portion of runtime path of "/workspace/install/avaj_car_control/lib/libavaj_car_control__rosidl_typesupport_cpp.so" to ""
[11.940s] Listing '/workspace/install/avaj_car_control/lib/python3.12/site-packages/avaj_car_control'...
[11.940s] Compiling '/workspace/install/avaj_car_control/lib/python3.12/site-packages/avaj_car_control/__init__.py'...
[11.940s] Listing '/workspace/install/avaj_car_control/lib/python3.12/site-packages/avaj_car_control/msg'...
[11.940s] Compiling '/workspace/install/avaj_car_control/lib/python3.12/site-packages/avaj_car_control/msg/__init__.py'...
[11.940s] Compiling '/workspace/install/avaj_car_control/lib/python3.12/site-packages/avaj_car_control/msg/_drive_command.py'...
[11.959s] -- Installing: /workspace/install/avaj_car_control/lib/libavaj_car_control__rosidl_generator_py.so
[11.960s] -- Set non-toolchain portion of runtime path of "/workspace/install/avaj_car_control/lib/libavaj_car_control__rosidl_generator_py.so" to ""
[11.960s] -- Installing: /workspace/install/avaj_car_control/share/avaj_car_control/cmake/export_avaj_car_control__rosidl_generator_cExport.cmake
[11.961s] -- Installing: /workspace/install/avaj_car_control/share/avaj_car_control/cmake/export_avaj_car_control__rosidl_generator_cExport-noconfig.cmake
[11.961s] -- Installing: /workspace/install/avaj_car_control/share/avaj_car_control/cmake/export_avaj_car_control__rosidl_typesupport_fastrtps_cExport.cmake
[11.961s] -- Installing: /workspace/install/avaj_car_control/share/avaj_car_control/cmake/export_avaj_car_control__rosidl_typesupport_fastrtps_cExport-noconfig.cmake
[11.962s] -- Installing: /workspace/install/avaj_car_control/share/avaj_car_control/cmake/export_avaj_car_control__rosidl_generator_cppExport.cmake
[11.962s] -- Installing: /workspace/install/avaj_car_control/share/avaj_car_control/cmake/export_avaj_car_control__rosidl_typesupport_fastrtps_cppExport.cmake
[11.962s] -- Installing: /workspace/install/avaj_car_control/share/avaj_car_control/cmake/export_avaj_car_control__rosidl_typesupport_fastrtps_cppExport-noconfig.cmake
[11.962s] -- Installing: /workspace/install/avaj_car_control/share/avaj_car_control/cmake/avaj_car_control__rosidl_typesupport_introspection_cExport.cmake
[11.962s] -- Installing: /workspace/install/avaj_car_control/share/avaj_car_control/cmake/avaj_car_control__rosidl_typesupport_introspection_cExport-noconfig.cmake
[11.962s] -- Installing: /workspace/install/avaj_car_control/share/avaj_car_control/cmake/avaj_car_control__rosidl_typesupport_cExport.cmake
[11.963s] -- Installing: /workspace/install/avaj_car_control/share/avaj_car_control/cmake/avaj_car_control__rosidl_typesupport_cExport-noconfig.cmake
[11.963s] -- Installing: /workspace/install/avaj_car_control/share/avaj_car_control/cmake/avaj_car_control__rosidl_typesupport_introspection_cppExport.cmake
[11.963s] -- Installing: /workspace/install/avaj_car_control/share/avaj_car_control/cmake/avaj_car_control__rosidl_typesupport_introspection_cppExport-noconfig.cmake
[11.964s] -- Installing: /workspace/install/avaj_car_control/share/avaj_car_control/cmake/avaj_car_control__rosidl_typesupport_cppExport.cmake
[11.964s] -- Installing: /workspace/install/avaj_car_control/share/avaj_car_control/cmake/avaj_car_control__rosidl_typesupport_cppExport-noconfig.cmake
[11.964s] -- Installing: /workspace/install/avaj_car_control/share/avaj_car_control/cmake/export_avaj_car_control__rosidl_generator_pyExport.cmake
[11.964s] -- Installing: /workspace/install/avaj_car_control/share/avaj_car_control/cmake/export_avaj_car_control__rosidl_generator_pyExport-noconfig.cmake
[11.969s] Invoked command in '/workspace/build/avaj_car_control' returned '0': CMAKE_PREFIX_PATH=${CMAKE_PREFIX_PATH}:/opt/ros/jazzy /usr/bin/cmake --install /workspace/build/avaj_car_control
