-- The C compiler identification is GNU 13.3.0
-- The CXX compiler identification is GNU 13.3.0
-- Detecting C compiler ABI info
-- Detecting C compiler ABI info - done
-- Check for working C compiler: /usr/bin/cc - skipped
-- Detecting C compile features
-- Detecting C compile features - done
-- Detecting CXX compiler ABI info
-- Detecting CXX compiler ABI info - done
-- Check for working CXX compiler: /usr/bin/c++ - skipped
-- Detecting CXX compile features
-- Detecting CXX compile features - done
-- Found ament_cmake: 2.5.6 (/opt/ros/jazzy/share/ament_cmake/cmake)
-- Found Python3: /usr/bin/python3 (found version "3.12.3") found components: Interpreter 
-- Override CMake install command with custom implementation using symlinks instead of copying resources
-- Found rclcpp: 28.1.21 (/opt/ros/jazzy/share/rclcpp/cmake)
-- Found rosidl_generator_c: 4.6.9 (/opt/ros/jazzy/share/rosidl_generator_c/cmake)
-- Found rosidl_generator_cpp: 4.6.9 (/opt/ros/jazzy/share/rosidl_generator_cpp/cmake)
-- Using all available rosidl_typesupport_c: rosidl_typesupport_fastrtps_c;rosidl_typesupport_introspection_c
-- Using all available rosidl_typesupport_cpp: rosidl_typesupport_fastrtps_cpp;rosidl_typesupport_introspection_cpp
-- Found rmw_implementation_cmake: 7.3.3 (/opt/ros/jazzy/share/rmw_implementation_cmake/cmake)
-- Found rmw_fastrtps_cpp: 8.4.4 (/opt/ros/jazzy/share/rmw_fastrtps_cpp/cmake)
-- Found OpenSSL: /usr/lib/aarch64-linux-gnu/libcrypto.so (found version "3.0.13")  
-- Found FastRTPS: /opt/ros/jazzy/include (Required is at least version "2.13") 
-- Using RMW implementation 'rmw_fastrtps_cpp' as default
-- Found sensor_msgs: 5.3.8 (/opt/ros/jazzy/share/sensor_msgs/cmake)
-- Found ament_cmake_gmock: 2.5.6 (/opt/ros/jazzy/share/ament_cmake_gmock/cmake)
-- Found ament_cmake_gtest: 2.5.6 (/opt/ros/jazzy/share/ament_cmake_gtest/cmake)
-- Found gmock sources under '/opt/ros/jazzy/src/gmock_vendor': C++ tests using 'Google Mock' will be built
-- Found gtest sources under '/opt/ros/jazzy/src/gtest_vendor': C++ tests using 'Google Test' will be built
-- Configuring done (2.4s)
-- Generating done (0.0s)
-- Build files have been written to: /workspace/build/bno08x_driver
[ 16%] Building CXX object gmock/CMakeFiles/gmock_main.dir/src/gmock_main.cc.o
[ 16%] Building C object include/sh2/CMakeFiles/sh2_library.dir/sh2.c.o
[ 22%] Building C object include/sh2/CMakeFiles/sh2_library.dir/sh2_util.c.o
[ 22%] Building C object include/sh2/CMakeFiles/sh2_library.dir/shtp.c.o
[ 27%] Building CXX object gmock/CMakeFiles/gmock.dir/opt/ros/jazzy/src/gtest_vendor/src/gtest-all.cc.o
[ 33%] Building CXX object gmock/CMakeFiles/gmock.dir/src/gmock-all.cc.o
[ 38%] Building C object include/sh2/CMakeFiles/sh2_library.dir/sh2_SensorValue.c.o
[ 44%] Linking C static library libsh2_library.a
[ 44%] Built target sh2_library
[ 55%] Building CXX object CMakeFiles/bno08x_driver.dir/src/bno08x.cpp.o
[ 55%] Building CXX object CMakeFiles/bno08x_driver.dir/src/ros_node.cpp.o
[ 61%] Building CXX object CMakeFiles/bno08x_driver.dir/src/bno08x_ros.cpp.o
[ 66%] Linking CXX static library libgmock_main.a
[ 66%] Built target gmock_main
[ 72%] Linking CXX static library libgmock.a
[ 72%] Built target gmock
[ 77%] Building CXX object CMakeFiles/test_i2c_mock.dir/test/i2c_interface_mock_test.cpp.o
[ 83%] Building CXX object CMakeFiles/test_watchdog.dir/test/watchdog_test.cpp.o
[ 88%] Linking CXX executable test_watchdog
[ 88%] Built target test_watchdog
[ 94%] Linking CXX executable bno08x_driver
[100%] Linking CXX executable test_i2c_mock
[100%] Built target test_i2c_mock
[100%] Built target bno08x_driver
-- Install configuration: ""
-- Execute custom install script
-- Symlinking: /workspace/install/bno08x_driver/lib/bno08x_driver/bno08x_driver
-- Symlinking: /workspace/install/bno08x_driver/share/bno08x_driver/config/bno085_i2c.yaml
-- Symlinking: /workspace/install/bno08x_driver/share/bno08x_driver/launch/bno085_i2c.launch.py
-- Symlinking: /workspace/install/bno08x_driver/share/ament_index/resource_index/package_run_dependencies/bno08x_driver
-- Symlinking: /workspace/install/bno08x_driver/share/ament_index/resource_index/parent_prefix_path/bno08x_driver
-- Symlinking: /workspace/install/bno08x_driver/share/bno08x_driver/environment/ament_prefix_path.sh
-- Symlinking: /workspace/install/bno08x_driver/share/bno08x_driver/environment/ament_prefix_path.dsv
-- Symlinking: /workspace/install/bno08x_driver/share/bno08x_driver/environment/path.sh
-- Symlinking: /workspace/install/bno08x_driver/share/bno08x_driver/environment/path.dsv
-- Symlinking: /workspace/install/bno08x_driver/share/bno08x_driver/local_setup.bash
-- Symlinking: /workspace/install/bno08x_driver/share/bno08x_driver/local_setup.sh
-- Symlinking: /workspace/install/bno08x_driver/share/bno08x_driver/local_setup.zsh
-- Symlinking: /workspace/install/bno08x_driver/share/bno08x_driver/local_setup.dsv
-- Symlinking: /workspace/install/bno08x_driver/share/bno08x_driver/package.dsv
-- Symlinking: /workspace/install/bno08x_driver/share/ament_index/resource_index/packages/bno08x_driver
-- Symlinking: /workspace/install/bno08x_driver/share/bno08x_driver/cmake/bno08x_driverConfig.cmake
-- Symlinking: /workspace/install/bno08x_driver/share/bno08x_driver/cmake/bno08x_driverConfig-version.cmake
-- Symlinking: /workspace/install/bno08x_driver/share/bno08x_driver/package.xml
