[0.000000] (-) TimerEvent: {}
[0.000290] (-) JobUnselected: {'identifier': 'avaj_car_control'}
[0.000659] (-) JobUnselected: {'identifier': 'bno08x_driver'}
[0.001265] (-) JobUnselected: {'identifier': 'control_center'}
[0.001899] (-) JobUnselected: {'identifier': 'ldlidar_stl_ros2'}
[0.002029] (avaj_slam) JobQueued: {'identifier': 'avaj_slam', 'dependencies': OrderedDict()}
[0.002258] (avaj_slam) JobStarted: {'identifier': 'avaj_slam'}
[0.027532] (avaj_slam) JobProgress: {'identifier': 'avaj_slam', 'progress': 'cmake'}
[0.028978] (avaj_slam) JobProgress: {'identifier': 'avaj_slam', 'progress': 'build'}
[0.030753] (avaj_slam) Command: {'cmd': ['/usr/bin/cmake', '--build', '/workspace/build/avaj_slam', '--', '-j8', '-l8'], 'cwd': '/workspace/build/avaj_slam', 'env': OrderedDict({'GZ_SIM_RESOURCE_PATH': '/opt/ros/jazzy/share', 'GZ_CONFIG_PATH': '/opt/ros/jazzy/opt/gz_sim_vendor/share/gz:/opt/ros/jazzy/opt/sdformat_vendor/share/gz:/opt/ros/jazzy/opt/gz_gui_vendor/share/gz:/opt/ros/jazzy/opt/gz_transport_vendor/share/gz:/opt/ros/jazzy/opt/gz_rendering_vendor/share/gz:/opt/ros/jazzy/opt/gz_plugin_vendor/share/gz:/opt/ros/jazzy/opt/gz_fuel_tools_vendor/share/gz:/opt/ros/jazzy/opt/gz_msgs_vendor/share/gz:/opt/ros/jazzy/opt/gz_common_vendor/share/gz', 'HOSTNAME': 'avaj-desktop', 'SHLVL': '0', 'LD_LIBRARY_PATH': '/workspace/install/avaj_car_control/lib:/opt/ros/jazzy/opt/gz_sim_vendor/lib:/opt/ros/jazzy/opt/gz_sensors_vendor/lib:/opt/ros/jazzy/opt/gz_physics_vendor/lib:/opt/ros/jazzy/opt/sdformat_vendor/lib:/opt/ros/jazzy/opt/rviz_ogre_vendor/lib:/opt/ros/jazzy/lib/aarch64-linux-gnu:/opt/ros/jazzy/opt/gz_gui_vendor/lib:/opt/ros/jazzy/opt/gz_transport_vendor/lib:/opt/ros/jazzy/opt/gz_rendering_vendor/lib:/opt/ros/jazzy/opt/gz_plugin_vendor/lib:/opt/ros/jazzy/opt/gz_fuel_tools_vendor/lib:/opt/ros/jazzy/opt/gz_msgs_vendor/lib:/opt/ros/jazzy/opt/gz_common_vendor/lib:/opt/ros/jazzy/opt/gz_math_vendor/lib:/opt/ros/jazzy/opt/gz_utils_vendor/lib:/opt/ros/jazzy/opt/gz_tools_vendor/lib:/opt/ros/jazzy/opt/gz_ogre_next_vendor/lib:/opt/ros/jazzy/opt/gz_dartsim_vendor/lib:/opt/ros/jazzy/opt/gz_cmake_vendor/lib:/opt/ros/jazzy/lib', 'HOME': '/home/ubuntu', 'OLDPWD': '/workspace', 'ROS_PYTHON_VERSION': '3', 'COLCON_PREFIX_PATH': '/workspace/install', 'ROS_DISTRO': 'jazzy', '_': '/usr/bin/colcon', 'ROS_VERSION': '2', 'NVIDIA_DRIVER_CAPABILITIES': 'all', 'QT_X11_NO_MITSHM': '1', 'PATH': '/opt/ros/jazzy/opt/gz_msgs_vendor/bin:/opt/ros/jazzy/opt/gz_tools_vendor/bin:/opt/ros/jazzy/opt/gz_ogre_next_vendor/bin:/opt/ros/jazzy/bin:/usr/local/sbin:/usr/local/bin:/usr/sbin:/usr/bin:/sbin:/bin', 'DISPLAY': ':0', 'LANG': 'C.UTF-8', 'AMENT_PREFIX_PATH': '/workspace/install/ldlidar_stl_ros2:/workspace/install/control_center:/workspace/install/bno08x_driver:/workspace/install/avaj_slam:/workspace/install/avaj_car_control:/opt/ros/jazzy', 'ROS_AUTOMATIC_DISCOVERY_RANGE': 'SUBNET', 'PWD': '/workspace/build/avaj_slam', 'LC_ALL': 'C.UTF-8', 'PYTHONPATH': '/workspace/install/avaj_car_control/lib/python3.12/site-packages:/opt/ros/jazzy/lib/python3.12/site-packages', 'NVIDIA_VISIBLE_DEVICES': 'void', 'COLCON': '1', 'CMAKE_PREFIX_PATH': '/workspace/install/ldlidar_stl_ros2:/workspace/install/control_center:/workspace/install/bno08x_driver:/workspace/install/avaj_slam:/workspace/install/avaj_car_control:/opt/ros/jazzy/opt/gz_sim_vendor:/opt/ros/jazzy/opt/gz_sensors_vendor:/opt/ros/jazzy/opt/gz_physics_vendor:/opt/ros/jazzy/opt/sdformat_vendor:/opt/ros/jazzy/opt/gz_gui_vendor:/opt/ros/jazzy/opt/gz_transport_vendor:/opt/ros/jazzy/opt/gz_rendering_vendor:/opt/ros/jazzy/opt/gz_plugin_vendor:/opt/ros/jazzy/opt/gz_fuel_tools_vendor:/opt/ros/jazzy/opt/gz_msgs_vendor:/opt/ros/jazzy/opt/gz_common_vendor:/opt/ros/jazzy/opt/gz_math_vendor:/opt/ros/jazzy/opt/gz_utils_vendor:/opt/ros/jazzy/opt/gz_tools_vendor:/opt/ros/jazzy/opt/gz_ogre_next_vendor:/opt/ros/jazzy/opt/gz_dartsim_vendor:/opt/ros/jazzy/opt/gz_cmake_vendor:/opt/ros/jazzy'}), 'shell': False}
[0.099005] (-) TimerEvent: {}
[0.148682] (avaj_slam) CommandEnded: {'returncode': 0}
[0.150611] (avaj_slam) JobProgress: {'identifier': 'avaj_slam', 'progress': 'install'}
[0.174599] (avaj_slam) Command: {'cmd': ['/usr/bin/cmake', '--install', '/workspace/build/avaj_slam'], 'cwd': '/workspace/build/avaj_slam', 'env': OrderedDict({'GZ_SIM_RESOURCE_PATH': '/opt/ros/jazzy/share', 'GZ_CONFIG_PATH': '/opt/ros/jazzy/opt/gz_sim_vendor/share/gz:/opt/ros/jazzy/opt/sdformat_vendor/share/gz:/opt/ros/jazzy/opt/gz_gui_vendor/share/gz:/opt/ros/jazzy/opt/gz_transport_vendor/share/gz:/opt/ros/jazzy/opt/gz_rendering_vendor/share/gz:/opt/ros/jazzy/opt/gz_plugin_vendor/share/gz:/opt/ros/jazzy/opt/gz_fuel_tools_vendor/share/gz:/opt/ros/jazzy/opt/gz_msgs_vendor/share/gz:/opt/ros/jazzy/opt/gz_common_vendor/share/gz', 'HOSTNAME': 'avaj-desktop', 'SHLVL': '0', 'LD_LIBRARY_PATH': '/workspace/install/avaj_car_control/lib:/opt/ros/jazzy/opt/gz_sim_vendor/lib:/opt/ros/jazzy/opt/gz_sensors_vendor/lib:/opt/ros/jazzy/opt/gz_physics_vendor/lib:/opt/ros/jazzy/opt/sdformat_vendor/lib:/opt/ros/jazzy/opt/rviz_ogre_vendor/lib:/opt/ros/jazzy/lib/aarch64-linux-gnu:/opt/ros/jazzy/opt/gz_gui_vendor/lib:/opt/ros/jazzy/opt/gz_transport_vendor/lib:/opt/ros/jazzy/opt/gz_rendering_vendor/lib:/opt/ros/jazzy/opt/gz_plugin_vendor/lib:/opt/ros/jazzy/opt/gz_fuel_tools_vendor/lib:/opt/ros/jazzy/opt/gz_msgs_vendor/lib:/opt/ros/jazzy/opt/gz_common_vendor/lib:/opt/ros/jazzy/opt/gz_math_vendor/lib:/opt/ros/jazzy/opt/gz_utils_vendor/lib:/opt/ros/jazzy/opt/gz_tools_vendor/lib:/opt/ros/jazzy/opt/gz_ogre_next_vendor/lib:/opt/ros/jazzy/opt/gz_dartsim_vendor/lib:/opt/ros/jazzy/opt/gz_cmake_vendor/lib:/opt/ros/jazzy/lib', 'HOME': '/home/ubuntu', 'OLDPWD': '/workspace', 'ROS_PYTHON_VERSION': '3', 'COLCON_PREFIX_PATH': '/workspace/install', 'ROS_DISTRO': 'jazzy', '_': '/usr/bin/colcon', 'ROS_VERSION': '2', 'NVIDIA_DRIVER_CAPABILITIES': 'all', 'QT_X11_NO_MITSHM': '1', 'PATH': '/opt/ros/jazzy/opt/gz_msgs_vendor/bin:/opt/ros/jazzy/opt/gz_tools_vendor/bin:/opt/ros/jazzy/opt/gz_ogre_next_vendor/bin:/opt/ros/jazzy/bin:/usr/local/sbin:/usr/local/bin:/usr/sbin:/usr/bin:/sbin:/bin', 'DISPLAY': ':0', 'LANG': 'C.UTF-8', 'AMENT_PREFIX_PATH': '/workspace/install/ldlidar_stl_ros2:/workspace/install/control_center:/workspace/install/bno08x_driver:/workspace/install/avaj_slam:/workspace/install/avaj_car_control:/opt/ros/jazzy', 'ROS_AUTOMATIC_DISCOVERY_RANGE': 'SUBNET', 'PWD': '/workspace/build/avaj_slam', 'LC_ALL': 'C.UTF-8', 'PYTHONPATH': '/workspace/install/avaj_car_control/lib/python3.12/site-packages:/opt/ros/jazzy/lib/python3.12/site-packages', 'NVIDIA_VISIBLE_DEVICES': 'void', 'COLCON': '1', 'CMAKE_PREFIX_PATH': '/workspace/install/ldlidar_stl_ros2:/workspace/install/control_center:/workspace/install/bno08x_driver:/workspace/install/avaj_slam:/workspace/install/avaj_car_control:/opt/ros/jazzy/opt/gz_sim_vendor:/opt/ros/jazzy/opt/gz_sensors_vendor:/opt/ros/jazzy/opt/gz_physics_vendor:/opt/ros/jazzy/opt/sdformat_vendor:/opt/ros/jazzy/opt/gz_gui_vendor:/opt/ros/jazzy/opt/gz_transport_vendor:/opt/ros/jazzy/opt/gz_rendering_vendor:/opt/ros/jazzy/opt/gz_plugin_vendor:/opt/ros/jazzy/opt/gz_fuel_tools_vendor:/opt/ros/jazzy/opt/gz_msgs_vendor:/opt/ros/jazzy/opt/gz_common_vendor:/opt/ros/jazzy/opt/gz_math_vendor:/opt/ros/jazzy/opt/gz_utils_vendor:/opt/ros/jazzy/opt/gz_tools_vendor:/opt/ros/jazzy/opt/gz_ogre_next_vendor:/opt/ros/jazzy/opt/gz_dartsim_vendor:/opt/ros/jazzy/opt/gz_cmake_vendor:/opt/ros/jazzy'}), 'shell': False}
[0.195699] (avaj_slam) StdoutLine: {'line': b'-- Install configuration: ""\n'}
[0.196457] (avaj_slam) StdoutLine: {'line': b'-- Execute custom install script\n'}
[0.197383] (avaj_slam) StdoutLine: {'line': b'-- Up-to-date symlink: /workspace/install/avaj_slam/share/avaj_slam/launch/slam.launch.py\n'}
[0.197892] (avaj_slam) StdoutLine: {'line': b'-- Up-to-date symlink: /workspace/install/avaj_slam/share/avaj_slam/config/ekf_sim.yaml\n'}
[0.198321] (avaj_slam) StdoutLine: {'line': b'-- Up-to-date symlink: /workspace/install/avaj_slam/share/avaj_slam/config/slam_params.yaml\n'}
[0.199133] (-) TimerEvent: {}
[0.199366] (avaj_slam) StdoutLine: {'line': b'-- Up-to-date symlink: /workspace/install/avaj_slam/share/avaj_slam/urdf/avaj_car.urdf\n'}
[0.199817] (avaj_slam) StdoutLine: {'line': b'-- Up-to-date symlink: /workspace/install/avaj_slam/share/avaj_slam/scripts/save_map.sh\n'}
[0.200140] (avaj_slam) StdoutLine: {'line': b'-- Up-to-date symlink: /workspace/install/avaj_slam/lib/avaj_slam/save_map.sh\n'}
[0.200502] (avaj_slam) StdoutLine: {'line': b'-- Up-to-date symlink: /workspace/install/avaj_slam/share/ament_index/resource_index/package_run_dependencies/avaj_slam\n'}
[0.200831] (avaj_slam) StdoutLine: {'line': b'-- Up-to-date symlink: /workspace/install/avaj_slam/share/ament_index/resource_index/parent_prefix_path/avaj_slam\n'}
[0.202481] (avaj_slam) StdoutLine: {'line': b'-- Up-to-date symlink: /workspace/install/avaj_slam/share/avaj_slam/environment/ament_prefix_path.sh\n'}
[0.203025] (avaj_slam) StdoutLine: {'line': b'-- Up-to-date symlink: /workspace/install/avaj_slam/share/avaj_slam/environment/ament_prefix_path.dsv\n'}
[0.203418] (avaj_slam) StdoutLine: {'line': b'-- Up-to-date symlink: /workspace/install/avaj_slam/share/avaj_slam/environment/path.sh\n'}
[0.203669] (avaj_slam) StdoutLine: {'line': b'-- Up-to-date symlink: /workspace/install/avaj_slam/share/avaj_slam/environment/path.dsv\n'}
[0.203835] (avaj_slam) StdoutLine: {'line': b'-- Up-to-date symlink: /workspace/install/avaj_slam/share/avaj_slam/local_setup.bash\n'}
[0.203997] (avaj_slam) StdoutLine: {'line': b'-- Up-to-date symlink: /workspace/install/avaj_slam/share/avaj_slam/local_setup.sh\n'}
[0.204151] (avaj_slam) StdoutLine: {'line': b'-- Up-to-date symlink: /workspace/install/avaj_slam/share/avaj_slam/local_setup.zsh\n'}
[0.204304] (avaj_slam) StdoutLine: {'line': b'-- Up-to-date symlink: /workspace/install/avaj_slam/share/avaj_slam/local_setup.dsv\n'}
[0.204451] (avaj_slam) StdoutLine: {'line': b'-- Symlinking: /workspace/install/avaj_slam/share/avaj_slam/package.dsv\n'}
[0.235015] (avaj_slam) StdoutLine: {'line': b'-- Up-to-date symlink: /workspace/install/avaj_slam/share/ament_index/resource_index/packages/avaj_slam\n'}
[0.235654] (avaj_slam) StdoutLine: {'line': b'-- Up-to-date symlink: /workspace/install/avaj_slam/share/avaj_slam/cmake/avaj_slamConfig.cmake\n'}
[0.235846] (avaj_slam) StdoutLine: {'line': b'-- Up-to-date symlink: /workspace/install/avaj_slam/share/avaj_slam/cmake/avaj_slamConfig-version.cmake\n'}
[0.236009] (avaj_slam) StdoutLine: {'line': b'-- Up-to-date symlink: /workspace/install/avaj_slam/share/avaj_slam/package.xml\n'}
[0.239554] (avaj_slam) CommandEnded: {'returncode': 0}
[0.285599] (avaj_slam) JobEnded: {'identifier': 'avaj_slam', 'rc': 0}
[0.286636] (-) EventReactorShutdown: {}
