-- Found ament_cmake: 2.5.6 (/opt/ros/jazzy/share/ament_cmake/cmake)
-- Override CMake install command with custom implementation using symlinks instead of copying resources
-- Found avaj_car_control: 0.1.0 (/workspace/install/avaj_car_control/share/avaj_car_control/cmake)
-- Found rosidl_generator_c: 4.6.9 (/opt/ros/jazzy/share/rosidl_generator_c/cmake)
-- Found rosidl_generator_cpp: 4.6.9 (/opt/ros/jazzy/share/rosidl_generator_cpp/cmake)
-- Using all available rosidl_typesupport_c: rosidl_typesupport_fastrtps_c;rosidl_typesupport_introspection_c
-- Using all available rosidl_typesupport_cpp: rosidl_typesupport_fastrtps_cpp;rosidl_typesupport_introspection_cpp
-- Found nav_msgs: 5.3.8 (/opt/ros/jazzy/share/nav_msgs/cmake)
-- Found rclcpp: 28.1.21 (/opt/ros/jazzy/share/rclcpp/cmake)
-- Found rmw_implementation_cmake: 7.3.3 (/opt/ros/jazzy/share/rmw_implementation_cmake/cmake)
-- Found rmw_fastrtps_cpp: 8.4.4 (/opt/ros/jazzy/share/rmw_fastrtps_cpp/cmake)
-- Using RMW implementation 'rmw_fastrtps_cpp' as default
-- Found sensor_msgs: 5.3.8 (/opt/ros/jazzy/share/sensor_msgs/cmake)
-- Configuring done (1.3s)
-- Generating done (0.0s)
-- Build files have been written to: /workspace/build/control_center
[ 50%] Building CXX object CMakeFiles/control_center.dir/control_center.cpp.o
/workspace/build/control_center/control_center.cpp:152:38: error: stray ‘\’ in program
  152 |            << "{\"camera\":{"received\":" << (image_received_ ? "true" : "false")
      |                                      ^
/workspace/build/control_center/control_center.cpp:156:36: error: stray ‘\’ in program
  156 |            << "\"lidar\":{"received\":" << (scan_received_ ? "true" : "false")
      |                                    ^
/workspace/build/control_center/control_center.cpp:159:34: error: stray ‘\’ in program
  159 |            << "\"imu\":{"received\":" << (imu_received_ ? "true" : "false")
      |                                  ^
/workspace/build/control_center/control_center.cpp:163:43: error: stray ‘\’ in program
  163 |            << "\"magnetometer\":{"received\":" << (mag_received_ ? "true" : "false")
      |                                           ^
/workspace/build/control_center/control_center.cpp:166:39: error: stray ‘\’ in program
  166 |            << "\"odometry\":{"received\":" << (odom_received_ ? "true" : "false")
      |                                       ^
/workspace/build/control_center/control_center.cpp:169:36: error: stray ‘\’ in program
  169 |            << "\"drive\":{"received\":" << (drive_received_ ? "true" : "false")
      |                                    ^
/workspace/build/control_center/control_center.cpp: In member function ‘void ControlCenter::publish_status()’:
/workspace/build/control_center/control_center.cpp:152:39: error: unable to find string literal operator ‘operator""received’ with ‘const char [13]’, ‘long unsigned int’ arguments
  152 |            << "{\"camera\":{"received\":" << (image_received_ ? "true" : "false")
      |                                       ^~~
/workspace/build/control_center/control_center.cpp:156:37: error: unable to find string literal operator ‘operator""received’ with ‘const char [11]’, ‘long unsigned int’ arguments
  156 |            << "\"lidar\":{"received\":" << (scan_received_ ? "true" : "false")
      |                                     ^~~
/workspace/build/control_center/control_center.cpp:159:35: error: unable to find string literal operator ‘operator""received’ with ‘const char [9]’, ‘long unsigned int’ arguments
  159 |            << "\"imu\":{"received\":" << (imu_received_ ? "true" : "false")
      |                                   ^~~
/workspace/build/control_center/control_center.cpp:163:44: error: unable to find string literal operator ‘operator""received’ with ‘const char [18]’, ‘long unsigned int’ arguments
  163 |            << "\"magnetometer\":{"received\":" << (mag_received_ ? "true" : "false")
      |                                            ^~~
/workspace/build/control_center/control_center.cpp:166:40: error: unable to find string literal operator ‘operator""received’ with ‘const char [14]’, ‘long unsigned int’ arguments
  166 |            << "\"odometry\":{"received\":" << (odom_received_ ? "true" : "false")
      |                                        ^~~
/workspace/build/control_center/control_center.cpp:169:37: error: unable to find string literal operator ‘operator""received’ with ‘const char [11]’, ‘long unsigned int’ arguments
  169 |            << "\"drive\":{"received\":" << (drive_received_ ? "true" : "false")
      |                                     ^~~
gmake[2]: *** [CMakeFiles/control_center.dir/build.make:76: CMakeFiles/control_center.dir/control_center.cpp.o] Error 1
gmake[1]: *** [CMakeFiles/Makefile2:137: CMakeFiles/control_center.dir/all] Error 2
gmake: *** [Makefile:146: all] Error 2
