[  2%] Built target avaj_car_control__rosidl_generator_type_description
[  5%] Built target avaj_car_control__rs
[  5%] Built target ament_cmake_python_symlink_avaj_car_control
[  8%] Built target avaj_car_control__cpp
[ 22%] Built target avaj_car_control__rosidl_generator_c
[ 31%] Built target avaj_car_control__rosidl_typesupport_introspection_c
[ 40%] Built target avaj_car_control__rosidl_typesupport_cpp
[ 48%] Built target avaj_car_control__rosidl_typesupport_fastrtps_c
[ 57%] Built target avaj_car_control__rosidl_typesupport_introspection_cpp
[ 65%] Built target avaj_car_control__rosidl_typesupport_c
[ 74%] Built target avaj_car_control__rosidl_typesupport_fastrtps_cpp
[ 74%] Built target avaj_car_control
[ 77%] Built target avaj_car_control__py
[ 82%] Built target avaj_car_control__rosidl_generator_py
[ 88%] Built target avaj_car_control_s__rosidl_typesupport_fastrtps_c
[ 94%] Built target avaj_car_control_s__rosidl_typesupport_introspection_c
[100%] Built target avaj_car_control_s__rosidl_typesupport_c
running egg_info
writing avaj_car_control.egg-info/PKG-INFO
writing dependency_links to avaj_car_control.egg-info/dependency_links.txt
writing top-level names to avaj_car_control.egg-info/top_level.txt
reading manifest file 'avaj_car_control.egg-info/SOURCES.txt'
writing manifest file 'avaj_car_control.egg-info/SOURCES.txt'
[100%] Built target ament_cmake_python_build_avaj_car_control_egg
-- Install configuration: ""
-- Execute custom install script
-- Up-to-date symlink: /workspace/install/avaj_car_control/share/ament_index/resource_index/rosidl_interfaces/avaj_car_control
-- Up-to-date symlink: /workspace/install/avaj_car_control/share/avaj_car_control/msg/DriveCommand.json
-- Up-to-date symlink: /workspace/install/avaj_car_control/include/avaj_car_control/avaj_car_control/msg/detail/drive_command__functions.h
-- Up-to-date symlink: /workspace/install/avaj_car_control/include/avaj_car_control/avaj_car_control/msg/detail/drive_command__struct.h
-- Up-to-date symlink: /workspace/install/avaj_car_control/include/avaj_car_control/avaj_car_control/msg/detail/drive_command__type_support.h
-- Up-to-date symlink: /workspace/install/avaj_car_control/include/avaj_car_control/avaj_car_control/msg/drive_command.h
-- Up-to-date symlink: /workspace/install/avaj_car_control/include/avaj_car_control/avaj_car_control/msg/rosidl_generator_c__visibility_control.h
-- Up-to-date symlink: /workspace/install/avaj_car_control/share/avaj_car_control/environment/library_path.sh
-- Up-to-date symlink: /workspace/install/avaj_car_control/share/avaj_car_control/environment/library_path.dsv
-- Up-to-date symlink: /workspace/install/avaj_car_control/include/avaj_car_control/avaj_car_control/msg/detail/drive_command__rosidl_typesupport_fastrtps_c.h
-- Up-to-date symlink: /workspace/install/avaj_car_control/include/avaj_car_control/avaj_car_control/msg/rosidl_typesupport_fastrtps_c__visibility_control.h
-- Up-to-date symlink: /workspace/install/avaj_car_control/include/avaj_car_control/avaj_car_control/msg/detail/drive_command__builder.hpp
-- Up-to-date symlink: /workspace/install/avaj_car_control/include/avaj_car_control/avaj_car_control/msg/detail/drive_command__struct.hpp
-- Up-to-date symlink: /workspace/install/avaj_car_control/include/avaj_car_control/avaj_car_control/msg/detail/drive_command__traits.hpp
-- Up-to-date symlink: /workspace/install/avaj_car_control/include/avaj_car_control/avaj_car_control/msg/detail/drive_command__type_support.hpp
-- Up-to-date symlink: /workspace/install/avaj_car_control/include/avaj_car_control/avaj_car_control/msg/drive_command.hpp
-- Up-to-date symlink: /workspace/install/avaj_car_control/include/avaj_car_control/avaj_car_control/msg/rosidl_generator_cpp__visibility_control.hpp
-- Up-to-date symlink: /workspace/install/avaj_car_control/include/avaj_car_control/avaj_car_control/msg/detail/drive_command__rosidl_typesupport_fastrtps_cpp.hpp
-- Up-to-date symlink: /workspace/install/avaj_car_control/include/avaj_car_control/avaj_car_control/msg/rosidl_typesupport_fastrtps_cpp__visibility_control.h
-- Up-to-date symlink: /workspace/install/avaj_car_control/include/avaj_car_control/avaj_car_control/msg/detail/drive_command__rosidl_typesupport_introspection_c.h
-- Up-to-date symlink: /workspace/install/avaj_car_control/include/avaj_car_control/avaj_car_control/msg/rosidl_typesupport_introspection_c__visibility_control.h
-- Up-to-date symlink: /workspace/install/avaj_car_control/include/avaj_car_control/avaj_car_control/msg/detail/drive_command__rosidl_typesupport_introspection_cpp.hpp
-- Up-to-date symlink: /workspace/install/avaj_car_control/share/avaj_car_control/environment/pythonpath.sh
-- Up-to-date symlink: /workspace/install/avaj_car_control/share/avaj_car_control/environment/pythonpath.dsv
-- Up-to-date symlink: /workspace/install/avaj_car_control/lib/python3.12/site-packages/avaj_car_control-0.1.0-py3.12.egg-info/PKG-INFO
-- Up-to-date symlink: /workspace/install/avaj_car_control/lib/python3.12/site-packages/avaj_car_control-0.1.0-py3.12.egg-info/SOURCES.txt
-- Up-to-date symlink: /workspace/install/avaj_car_control/lib/python3.12/site-packages/avaj_car_control-0.1.0-py3.12.egg-info/dependency_links.txt
-- Up-to-date symlink: /workspace/install/avaj_car_control/lib/python3.12/site-packages/avaj_car_control-0.1.0-py3.12.egg-info/top_level.txt
-- Up-to-date symlink: /workspace/install/avaj_car_control/lib/python3.12/site-packages/avaj_car_control/__init__.py
-- Up-to-date symlink: /workspace/install/avaj_car_control/lib/python3.12/site-packages/avaj_car_control/_avaj_car_control_s.ep.rosidl_typesupport_c.c
-- Up-to-date symlink: /workspace/install/avaj_car_control/lib/python3.12/site-packages/avaj_car_control/_avaj_car_control_s.ep.rosidl_typesupport_fastrtps_c.c
-- Up-to-date symlink: /workspace/install/avaj_car_control/lib/python3.12/site-packages/avaj_car_control/_avaj_car_control_s.ep.rosidl_typesupport_introspection_c.c
-- Up-to-date symlink: /workspace/install/avaj_car_control/lib/python3.12/site-packages/avaj_car_control/avaj_car_control_s__rosidl_typesupport_c.so
-- Up-to-date symlink: /workspace/install/avaj_car_control/lib/python3.12/site-packages/avaj_car_control/avaj_car_control_s__rosidl_typesupport_fastrtps_c.so
-- Up-to-date symlink: /workspace/install/avaj_car_control/lib/python3.12/site-packages/avaj_car_control/avaj_car_control_s__rosidl_typesupport_introspection_c.so
-- Up-to-date symlink: /workspace/install/avaj_car_control/lib/python3.12/site-packages/avaj_car_control/msg/__init__.py
-- Up-to-date symlink: /workspace/install/avaj_car_control/lib/python3.12/site-packages/avaj_car_control/msg/_drive_command.py
-- Up-to-date symlink: /workspace/install/avaj_car_control/lib/python3.12/site-packages/avaj_car_control/msg/_drive_command_s.c
-- Up-to-date symlink: /workspace/install/avaj_car_control/lib/python3.12/site-packages/avaj_car_control/avaj_car_control_s__rosidl_typesupport_fastrtps_c.so
-- Up-to-date symlink: /workspace/install/avaj_car_control/lib/python3.12/site-packages/avaj_car_control/avaj_car_control_s__rosidl_typesupport_introspection_c.so
-- Up-to-date symlink: /workspace/install/avaj_car_control/lib/python3.12/site-packages/avaj_car_control/avaj_car_control_s__rosidl_typesupport_c.so
-- Up-to-date symlink: /workspace/install/avaj_car_control/share/ament_index/resource_index/rust_packages/avaj_car_control
-- Up-to-date symlink: /workspace/install/avaj_car_control/share/avaj_car_control/rust/Cargo.toml
-- Up-to-date symlink: /workspace/install/avaj_car_control/share/avaj_car_control/rust/build.rs
-- Up-to-date symlink: /workspace/install/avaj_car_control/share/avaj_car_control/rust/src/lib.rs
-- Up-to-date symlink: /workspace/install/avaj_car_control/share/avaj_car_control/rust/src/msg.rs
-- Up-to-date symlink: /workspace/install/avaj_car_control/share/avaj_car_control/rust/src/msg/rmw.rs
-- Up-to-date symlink: /workspace/install/avaj_car_control/share/avaj_car_control/msg/DriveCommand.idl
-- Up-to-date symlink: /workspace/install/avaj_car_control/share/avaj_car_control/msg/DriveCommand.msg
-- Up-to-date symlink: /workspace/install/avaj_car_control/lib/avaj_car_control/drive_command_to_twist
-- Up-to-date symlink: /workspace/install/avaj_car_control/lib/avaj_car_control/wasd_teleop
-- Up-to-date symlink: /workspace/install/avaj_car_control/share/ament_index/resource_index/package_run_dependencies/avaj_car_control
-- Up-to-date symlink: /workspace/install/avaj_car_control/share/ament_index/resource_index/parent_prefix_path/avaj_car_control
-- Up-to-date symlink: /workspace/install/avaj_car_control/share/avaj_car_control/environment/ament_prefix_path.sh
-- Up-to-date symlink: /workspace/install/avaj_car_control/share/avaj_car_control/environment/ament_prefix_path.dsv
-- Up-to-date symlink: /workspace/install/avaj_car_control/share/avaj_car_control/environment/path.sh
-- Up-to-date symlink: /workspace/install/avaj_car_control/share/avaj_car_control/environment/path.dsv
-- Up-to-date symlink: /workspace/install/avaj_car_control/share/avaj_car_control/local_setup.bash
-- Up-to-date symlink: /workspace/install/avaj_car_control/share/avaj_car_control/local_setup.sh
-- Up-to-date symlink: /workspace/install/avaj_car_control/share/avaj_car_control/local_setup.zsh
-- Up-to-date symlink: /workspace/install/avaj_car_control/share/avaj_car_control/local_setup.dsv
-- Symlinking: /workspace/install/avaj_car_control/share/avaj_car_control/package.dsv
-- Up-to-date symlink: /workspace/install/avaj_car_control/share/ament_index/resource_index/packages/avaj_car_control
-- Up-to-date symlink: /workspace/install/avaj_car_control/share/avaj_car_control/cmake/rosidl_cmake-extras.cmake
-- Up-to-date symlink: /workspace/install/avaj_car_control/share/avaj_car_control/cmake/ament_cmake_export_include_directories-extras.cmake
-- Up-to-date symlink: /workspace/install/avaj_car_control/share/avaj_car_control/cmake/ament_cmake_export_libraries-extras.cmake
-- Up-to-date symlink: /workspace/install/avaj_car_control/share/avaj_car_control/cmake/ament_cmake_export_targets-extras.cmake
-- Up-to-date symlink: /workspace/install/avaj_car_control/share/avaj_car_control/cmake/rosidl_cmake_export_typesupport_targets-extras.cmake
-- Up-to-date symlink: /workspace/install/avaj_car_control/share/avaj_car_control/cmake/ament_cmake_export_dependencies-extras.cmake
-- Up-to-date symlink: /workspace/install/avaj_car_control/share/avaj_car_control/cmake/rosidl_cmake_export_typesupport_libraries-extras.cmake
-- Up-to-date symlink: /workspace/install/avaj_car_control/share/avaj_car_control/cmake/rosidl_cmake_aggregate_target-extras.cmake
-- Up-to-date symlink: /workspace/install/avaj_car_control/share/avaj_car_control/cmake/avaj_car_controlConfig.cmake
-- Up-to-date symlink: /workspace/install/avaj_car_control/share/avaj_car_control/cmake/avaj_car_controlConfig-version.cmake
-- Up-to-date symlink: /workspace/install/avaj_car_control/share/avaj_car_control/package.xml
-- Up-to-date: /workspace/install/avaj_car_control/lib/libavaj_car_control__rosidl_generator_c.so
-- Up-to-date: /workspace/install/avaj_car_control/lib/libavaj_car_control__rosidl_typesupport_fastrtps_c.so
-- Up-to-date: /workspace/install/avaj_car_control/lib/libavaj_car_control__rosidl_typesupport_fastrtps_cpp.so
-- Up-to-date: /workspace/install/avaj_car_control/lib/libavaj_car_control__rosidl_typesupport_introspection_c.so
-- Up-to-date: /workspace/install/avaj_car_control/lib/libavaj_car_control__rosidl_typesupport_c.so
-- Up-to-date: /workspace/install/avaj_car_control/lib/libavaj_car_control__rosidl_typesupport_introspection_cpp.so
-- Up-to-date: /workspace/install/avaj_car_control/lib/libavaj_car_control__rosidl_typesupport_cpp.so
Listing '/workspace/install/avaj_car_control/lib/python3.12/site-packages/avaj_car_control'...
Listing '/workspace/install/avaj_car_control/lib/python3.12/site-packages/avaj_car_control/msg'...
-- Up-to-date: /workspace/install/avaj_car_control/lib/libavaj_car_control__rosidl_generator_py.so
-- Up-to-date: /workspace/install/avaj_car_control/share/avaj_car_control/cmake/export_avaj_car_control__rosidl_generator_cExport.cmake
-- Up-to-date: /workspace/install/avaj_car_control/share/avaj_car_control/cmake/export_avaj_car_control__rosidl_generator_cExport-noconfig.cmake
-- Up-to-date: /workspace/install/avaj_car_control/share/avaj_car_control/cmake/export_avaj_car_control__rosidl_typesupport_fastrtps_cExport.cmake
-- Up-to-date: /workspace/install/avaj_car_control/share/avaj_car_control/cmake/export_avaj_car_control__rosidl_typesupport_fastrtps_cExport-noconfig.cmake
-- Up-to-date: /workspace/install/avaj_car_control/share/avaj_car_control/cmake/export_avaj_car_control__rosidl_generator_cppExport.cmake
-- Up-to-date: /workspace/install/avaj_car_control/share/avaj_car_control/cmake/export_avaj_car_control__rosidl_typesupport_fastrtps_cppExport.cmake
-- Up-to-date: /workspace/install/avaj_car_control/share/avaj_car_control/cmake/export_avaj_car_control__rosidl_typesupport_fastrtps_cppExport-noconfig.cmake
-- Up-to-date: /workspace/install/avaj_car_control/share/avaj_car_control/cmake/avaj_car_control__rosidl_typesupport_introspection_cExport.cmake
-- Up-to-date: /workspace/install/avaj_car_control/share/avaj_car_control/cmake/avaj_car_control__rosidl_typesupport_introspection_cExport-noconfig.cmake
-- Up-to-date: /workspace/install/avaj_car_control/share/avaj_car_control/cmake/avaj_car_control__rosidl_typesupport_cExport.cmake
-- Up-to-date: /workspace/install/avaj_car_control/share/avaj_car_control/cmake/avaj_car_control__rosidl_typesupport_cExport-noconfig.cmake
-- Up-to-date: /workspace/install/avaj_car_control/share/avaj_car_control/cmake/avaj_car_control__rosidl_typesupport_introspection_cppExport.cmake
-- Up-to-date: /workspace/install/avaj_car_control/share/avaj_car_control/cmake/avaj_car_control__rosidl_typesupport_introspection_cppExport-noconfig.cmake
-- Up-to-date: /workspace/install/avaj_car_control/share/avaj_car_control/cmake/avaj_car_control__rosidl_typesupport_cppExport.cmake
-- Up-to-date: /workspace/install/avaj_car_control/share/avaj_car_control/cmake/avaj_car_control__rosidl_typesupport_cppExport-noconfig.cmake
-- Up-to-date: /workspace/install/avaj_car_control/share/avaj_car_control/cmake/export_avaj_car_control__rosidl_generator_pyExport.cmake
-- Up-to-date: /workspace/install/avaj_car_control/share/avaj_car_control/cmake/export_avaj_car_control__rosidl_generator_pyExport-noconfig.cmake
