[0.024s] Invoking command in '/workspace/build/avaj_car_control': CMAKE_PREFIX_PATH=${CMAKE_PREFIX_PATH}:/opt/ros/jazzy /usr/bin/cmake --build /workspace/build/avaj_car_control -- -j8 -l8
[0.157s] [  2%] Built target avaj_car_control__rosidl_generator_type_description
[0.158s] [  5%] Built target avaj_car_control__rs
[0.179s] [  5%] Built target ament_cmake_python_symlink_avaj_car_control
[0.216s] [  8%] Built target avaj_car_control__cpp
[0.231s] [ 22%] Built target avaj_car_control__rosidl_generator_c
[0.288s] [ 31%] Built target avaj_car_control__rosidl_typesupport_introspection_c
[0.306s] [ 40%] Built target avaj_car_control__rosidl_typesupport_cpp
[0.312s] [ 48%] Built target avaj_car_control__rosidl_typesupport_fastrtps_c
[0.324s] [ 57%] Built target avaj_car_control__rosidl_typesupport_introspection_cpp
[0.328s] [ 65%] Built target avaj_car_control__rosidl_typesupport_c
[0.337s] [ 74%] Built target avaj_car_control__rosidl_typesupport_fastrtps_cpp
[0.392s] [ 74%] Built target avaj_car_control
[0.436s] [ 77%] Built target avaj_car_control__py
[0.491s] [ 82%] Built target avaj_car_control__rosidl_generator_py
[0.549s] [ 88%] Built target avaj_car_control_s__rosidl_typesupport_fastrtps_c
[0.560s] [ 94%] Built target avaj_car_control_s__rosidl_typesupport_introspection_c
[0.560s] [100%] Built target avaj_car_control_s__rosidl_typesupport_c
[0.640s] running egg_info
[0.677s] writing avaj_car_control.egg-info/PKG-INFO
[0.677s] writing dependency_links to avaj_car_control.egg-info/dependency_links.txt
[0.677s] writing top-level names to avaj_car_control.egg-info/top_level.txt
[0.782s] reading manifest file 'avaj_car_control.egg-info/SOURCES.txt'
[0.782s] writing manifest file 'avaj_car_control.egg-info/SOURCES.txt'
[0.880s] [100%] Built target ament_cmake_python_build_avaj_car_control_egg
[0.906s] Invoked command in '/workspace/build/avaj_car_control' returned '0': CMAKE_PREFIX_PATH=${CMAKE_PREFIX_PATH}:/opt/ros/jazzy /usr/bin/cmake --build /workspace/build/avaj_car_control -- -j8 -l8
[0.928s] Invoking command in '/workspace/build/avaj_car_control': CMAKE_PREFIX_PATH=${CMAKE_PREFIX_PATH}:/opt/ros/jazzy /usr/bin/cmake --install /workspace/build/avaj_car_control
[0.949s] -- Install configuration: ""
[0.949s] -- Execute custom install script
[0.950s] -- Up-to-date symlink: /workspace/install/avaj_car_control/share/ament_index/resource_index/rosidl_interfaces/avaj_car_control
[0.950s] -- Up-to-date symlink: /workspace/install/avaj_car_control/share/avaj_car_control/msg/DriveCommand.json
[0.950s] -- Up-to-date symlink: /workspace/install/avaj_car_control/include/avaj_car_control/avaj_car_control/msg/detail/drive_command__functions.h
[0.950s] -- Up-to-date symlink: /workspace/install/avaj_car_control/include/avaj_car_control/avaj_car_control/msg/detail/drive_command__struct.h
[0.950s] -- Up-to-date symlink: /workspace/install/avaj_car_control/include/avaj_car_control/avaj_car_control/msg/detail/drive_command__type_support.h
[0.950s] -- Up-to-date symlink: /workspace/install/avaj_car_control/include/avaj_car_control/avaj_car_control/msg/drive_command.h
[0.951s] -- Up-to-date symlink: /workspace/install/avaj_car_control/include/avaj_car_control/avaj_car_control/msg/rosidl_generator_c__visibility_control.h
[0.951s] -- Up-to-date symlink: /workspace/install/avaj_car_control/share/avaj_car_control/environment/library_path.sh
[0.951s] -- Up-to-date symlink: /workspace/install/avaj_car_control/share/avaj_car_control/environment/library_path.dsv
[0.951s] -- Up-to-date symlink: /workspace/install/avaj_car_control/include/avaj_car_control/avaj_car_control/msg/detail/drive_command__rosidl_typesupport_fastrtps_c.h
[0.951s] -- Up-to-date symlink: /workspace/install/avaj_car_control/include/avaj_car_control/avaj_car_control/msg/rosidl_typesupport_fastrtps_c__visibility_control.h
[0.952s] -- Up-to-date symlink: /workspace/install/avaj_car_control/include/avaj_car_control/avaj_car_control/msg/detail/drive_command__builder.hpp
[0.952s] -- Up-to-date symlink: /workspace/install/avaj_car_control/include/avaj_car_control/avaj_car_control/msg/detail/drive_command__struct.hpp
[0.952s] -- Up-to-date symlink: /workspace/install/avaj_car_control/include/avaj_car_control/avaj_car_control/msg/detail/drive_command__traits.hpp
[0.952s] -- Up-to-date symlink: /workspace/install/avaj_car_control/include/avaj_car_control/avaj_car_control/msg/detail/drive_command__type_support.hpp
[0.953s] -- Up-to-date symlink: /workspace/install/avaj_car_control/include/avaj_car_control/avaj_car_control/msg/drive_command.hpp
[0.953s] -- Up-to-date symlink: /workspace/install/avaj_car_control/include/avaj_car_control/avaj_car_control/msg/rosidl_generator_cpp__visibility_control.hpp
[0.954s] -- Up-to-date symlink: /workspace/install/avaj_car_control/include/avaj_car_control/avaj_car_control/msg/detail/drive_command__rosidl_typesupport_fastrtps_cpp.hpp
[0.954s] -- Up-to-date symlink: /workspace/install/avaj_car_control/include/avaj_car_control/avaj_car_control/msg/rosidl_typesupport_fastrtps_cpp__visibility_control.h
[0.955s] -- Up-to-date symlink: /workspace/install/avaj_car_control/include/avaj_car_control/avaj_car_control/msg/detail/drive_command__rosidl_typesupport_introspection_c.h
[0.955s] -- Up-to-date symlink: /workspace/install/avaj_car_control/include/avaj_car_control/avaj_car_control/msg/rosidl_typesupport_introspection_c__visibility_control.h
[0.955s] -- Up-to-date symlink: /workspace/install/avaj_car_control/include/avaj_car_control/avaj_car_control/msg/detail/drive_command__rosidl_typesupport_introspection_cpp.hpp
[0.956s] -- Up-to-date symlink: /workspace/install/avaj_car_control/share/avaj_car_control/environment/pythonpath.sh
[0.956s] -- Up-to-date symlink: /workspace/install/avaj_car_control/share/avaj_car_control/environment/pythonpath.dsv
[0.956s] -- Up-to-date symlink: /workspace/install/avaj_car_control/lib/python3.12/site-packages/avaj_car_control-0.1.0-py3.12.egg-info/PKG-INFO
[0.957s] -- Up-to-date symlink: /workspace/install/avaj_car_control/lib/python3.12/site-packages/avaj_car_control-0.1.0-py3.12.egg-info/SOURCES.txt
[0.957s] -- Up-to-date symlink: /workspace/install/avaj_car_control/lib/python3.12/site-packages/avaj_car_control-0.1.0-py3.12.egg-info/dependency_links.txt
[0.957s] -- Up-to-date symlink: /workspace/install/avaj_car_control/lib/python3.12/site-packages/avaj_car_control-0.1.0-py3.12.egg-info/top_level.txt
[0.958s] -- Up-to-date symlink: /workspace/install/avaj_car_control/lib/python3.12/site-packages/avaj_car_control/__init__.py
[0.958s] -- Up-to-date symlink: /workspace/install/avaj_car_control/lib/python3.12/site-packages/avaj_car_control/_avaj_car_control_s.ep.rosidl_typesupport_c.c
[0.959s] -- Up-to-date symlink: /workspace/install/avaj_car_control/lib/python3.12/site-packages/avaj_car_control/_avaj_car_control_s.ep.rosidl_typesupport_fastrtps_c.c
[0.959s] -- Up-to-date symlink: /workspace/install/avaj_car_control/lib/python3.12/site-packages/avaj_car_control/_avaj_car_control_s.ep.rosidl_typesupport_introspection_c.c
[0.959s] -- Up-to-date symlink: /workspace/install/avaj_car_control/lib/python3.12/site-packages/avaj_car_control/avaj_car_control_s__rosidl_typesupport_c.so
[0.959s] -- Up-to-date symlink: /workspace/install/avaj_car_control/lib/python3.12/site-packages/avaj_car_control/avaj_car_control_s__rosidl_typesupport_fastrtps_c.so
[0.959s] -- Up-to-date symlink: /workspace/install/avaj_car_control/lib/python3.12/site-packages/avaj_car_control/avaj_car_control_s__rosidl_typesupport_introspection_c.so
[0.959s] -- Up-to-date symlink: /workspace/install/avaj_car_control/lib/python3.12/site-packages/avaj_car_control/msg/__init__.py
[0.960s] -- Up-to-date symlink: /workspace/install/avaj_car_control/lib/python3.12/site-packages/avaj_car_control/msg/_drive_command.py
[0.960s] -- Up-to-date symlink: /workspace/install/avaj_car_control/lib/python3.12/site-packages/avaj_car_control/msg/_drive_command_s.c
[0.960s] -- Up-to-date symlink: /workspace/install/avaj_car_control/lib/python3.12/site-packages/avaj_car_control/avaj_car_control_s__rosidl_typesupport_fastrtps_c.so
[0.960s] -- Up-to-date symlink: /workspace/install/avaj_car_control/lib/python3.12/site-packages/avaj_car_control/avaj_car_control_s__rosidl_typesupport_introspection_c.so
[0.961s] -- Up-to-date symlink: /workspace/install/avaj_car_control/lib/python3.12/site-packages/avaj_car_control/avaj_car_control_s__rosidl_typesupport_c.so
[0.961s] -- Up-to-date symlink: /workspace/install/avaj_car_control/share/ament_index/resource_index/rust_packages/avaj_car_control
[0.963s] -- Up-to-date symlink: /workspace/install/avaj_car_control/share/avaj_car_control/rust/Cargo.toml
[0.963s] -- Up-to-date symlink: /workspace/install/avaj_car_control/share/avaj_car_control/rust/build.rs
[0.963s] -- Up-to-date symlink: /workspace/install/avaj_car_control/share/avaj_car_control/rust/src/lib.rs
[0.963s] -- Up-to-date symlink: /workspace/install/avaj_car_control/share/avaj_car_control/rust/src/msg.rs
[0.964s] -- Up-to-date symlink: /workspace/install/avaj_car_control/share/avaj_car_control/rust/src/msg/rmw.rs
[0.964s] -- Up-to-date symlink: /workspace/install/avaj_car_control/share/avaj_car_control/msg/DriveCommand.idl
[0.964s] -- Up-to-date symlink: /workspace/install/avaj_car_control/share/avaj_car_control/msg/DriveCommand.msg
[0.964s] -- Up-to-date symlink: /workspace/install/avaj_car_control/lib/avaj_car_control/drive_command_to_twist
[0.964s] -- Up-to-date symlink: /workspace/install/avaj_car_control/lib/avaj_car_control/wasd_teleop
[0.964s] -- Up-to-date symlink: /workspace/install/avaj_car_control/share/ament_index/resource_index/package_run_dependencies/avaj_car_control
[0.965s] -- Up-to-date symlink: /workspace/install/avaj_car_control/share/ament_index/resource_index/parent_prefix_path/avaj_car_control
[0.965s] -- Up-to-date symlink: /workspace/install/avaj_car_control/share/avaj_car_control/environment/ament_prefix_path.sh
[0.965s] -- Up-to-date symlink: /workspace/install/avaj_car_control/share/avaj_car_control/environment/ament_prefix_path.dsv
[0.965s] -- Up-to-date symlink: /workspace/install/avaj_car_control/share/avaj_car_control/environment/path.sh
[0.965s] -- Up-to-date symlink: /workspace/install/avaj_car_control/share/avaj_car_control/environment/path.dsv
[0.966s] -- Up-to-date symlink: /workspace/install/avaj_car_control/share/avaj_car_control/local_setup.bash
[0.966s] -- Up-to-date symlink: /workspace/install/avaj_car_control/share/avaj_car_control/local_setup.sh
[0.966s] -- Up-to-date symlink: /workspace/install/avaj_car_control/share/avaj_car_control/local_setup.zsh
[0.966s] -- Up-to-date symlink: /workspace/install/avaj_car_control/share/avaj_car_control/local_setup.dsv
[0.966s] -- Symlinking: /workspace/install/avaj_car_control/share/avaj_car_control/package.dsv
[0.987s] -- Up-to-date symlink: /workspace/install/avaj_car_control/share/ament_index/resource_index/packages/avaj_car_control
[0.987s] -- Up-to-date symlink: /workspace/install/avaj_car_control/share/avaj_car_control/cmake/rosidl_cmake-extras.cmake
[0.988s] -- Up-to-date symlink: /workspace/install/avaj_car_control/share/avaj_car_control/cmake/ament_cmake_export_include_directories-extras.cmake
[0.989s] -- Up-to-date symlink: /workspace/install/avaj_car_control/share/avaj_car_control/cmake/ament_cmake_export_libraries-extras.cmake
[0.989s] -- Up-to-date symlink: /workspace/install/avaj_car_control/share/avaj_car_control/cmake/ament_cmake_export_targets-extras.cmake
[0.990s] -- Up-to-date symlink: /workspace/install/avaj_car_control/share/avaj_car_control/cmake/rosidl_cmake_export_typesupport_targets-extras.cmake
[0.990s] -- Up-to-date symlink: /workspace/install/avaj_car_control/share/avaj_car_control/cmake/ament_cmake_export_dependencies-extras.cmake
[0.991s] -- Up-to-date symlink: /workspace/install/avaj_car_control/share/avaj_car_control/cmake/rosidl_cmake_export_typesupport_libraries-extras.cmake
[0.991s] -- Up-to-date symlink: /workspace/install/avaj_car_control/share/avaj_car_control/cmake/rosidl_cmake_aggregate_target-extras.cmake
[0.991s] -- Up-to-date symlink: /workspace/install/avaj_car_control/share/avaj_car_control/cmake/avaj_car_controlConfig.cmake
[0.991s] -- Up-to-date symlink: /workspace/install/avaj_car_control/share/avaj_car_control/cmake/avaj_car_controlConfig-version.cmake
[0.991s] -- Up-to-date symlink: /workspace/install/avaj_car_control/share/avaj_car_control/package.xml
[0.992s] -- Up-to-date: /workspace/install/avaj_car_control/lib/libavaj_car_control__rosidl_generator_c.so
[0.992s] -- Up-to-date: /workspace/install/avaj_car_control/lib/libavaj_car_control__rosidl_typesupport_fastrtps_c.so
[0.992s] -- Up-to-date: /workspace/install/avaj_car_control/lib/libavaj_car_control__rosidl_typesupport_fastrtps_cpp.so
[0.992s] -- Up-to-date: /workspace/install/avaj_car_control/lib/libavaj_car_control__rosidl_typesupport_introspection_c.so
[0.993s] -- Up-to-date: /workspace/install/avaj_car_control/lib/libavaj_car_control__rosidl_typesupport_c.so
[0.993s] -- Up-to-date: /workspace/install/avaj_car_control/lib/libavaj_car_control__rosidl_typesupport_introspection_cpp.so
[0.994s] -- Up-to-date: /workspace/install/avaj_car_control/lib/libavaj_car_control__rosidl_typesupport_cpp.so
[1.069s] Listing '/workspace/install/avaj_car_control/lib/python3.12/site-packages/avaj_car_control'...
[1.069s] Listing '/workspace/install/avaj_car_control/lib/python3.12/site-packages/avaj_car_control/msg'...
[1.085s] -- Up-to-date: /workspace/install/avaj_car_control/lib/libavaj_car_control__rosidl_generator_py.so
[1.086s] -- Up-to-date: /workspace/install/avaj_car_control/share/avaj_car_control/cmake/export_avaj_car_control__rosidl_generator_cExport.cmake
[1.086s] -- Up-to-date: /workspace/install/avaj_car_control/share/avaj_car_control/cmake/export_avaj_car_control__rosidl_generator_cExport-noconfig.cmake
[1.086s] -- Up-to-date: /workspace/install/avaj_car_control/share/avaj_car_control/cmake/export_avaj_car_control__rosidl_typesupport_fastrtps_cExport.cmake
[1.087s] -- Up-to-date: /workspace/install/avaj_car_control/share/avaj_car_control/cmake/export_avaj_car_control__rosidl_typesupport_fastrtps_cExport-noconfig.cmake
[1.087s] -- Up-to-date: /workspace/install/avaj_car_control/share/avaj_car_control/cmake/export_avaj_car_control__rosidl_generator_cppExport.cmake
[1.087s] -- Up-to-date: /workspace/install/avaj_car_control/share/avaj_car_control/cmake/export_avaj_car_control__rosidl_typesupport_fastrtps_cppExport.cmake
[1.087s] -- Up-to-date: /workspace/install/avaj_car_control/share/avaj_car_control/cmake/export_avaj_car_control__rosidl_typesupport_fastrtps_cppExport-noconfig.cmake
[1.087s] -- Up-to-date: /workspace/install/avaj_car_control/share/avaj_car_control/cmake/avaj_car_control__rosidl_typesupport_introspection_cExport.cmake
[1.088s] -- Up-to-date: /workspace/install/avaj_car_control/share/avaj_car_control/cmake/avaj_car_control__rosidl_typesupport_introspection_cExport-noconfig.cmake
[1.088s] -- Up-to-date: /workspace/install/avaj_car_control/share/avaj_car_control/cmake/avaj_car_control__rosidl_typesupport_cExport.cmake
[1.088s] -- Up-to-date: /workspace/install/avaj_car_control/share/avaj_car_control/cmake/avaj_car_control__rosidl_typesupport_cExport-noconfig.cmake
[1.088s] -- Up-to-date: /workspace/install/avaj_car_control/share/avaj_car_control/cmake/avaj_car_control__rosidl_typesupport_introspection_cppExport.cmake
[1.088s] -- Up-to-date: /workspace/install/avaj_car_control/share/avaj_car_control/cmake/avaj_car_control__rosidl_typesupport_introspection_cppExport-noconfig.cmake
[1.088s] -- Up-to-date: /workspace/install/avaj_car_control/share/avaj_car_control/cmake/avaj_car_control__rosidl_typesupport_cppExport.cmake
[1.088s] -- Up-to-date: /workspace/install/avaj_car_control/share/avaj_car_control/cmake/avaj_car_control__rosidl_typesupport_cppExport-noconfig.cmake
[1.088s] -- Up-to-date: /workspace/install/avaj_car_control/share/avaj_car_control/cmake/export_avaj_car_control__rosidl_generator_pyExport.cmake
[1.088s] -- Up-to-date: /workspace/install/avaj_car_control/share/avaj_car_control/cmake/export_avaj_car_control__rosidl_generator_pyExport-noconfig.cmake
[1.098s] Invoked command in '/workspace/build/avaj_car_control' returned '0': CMAKE_PREFIX_PATH=${CMAKE_PREFIX_PATH}:/opt/ros/jazzy /usr/bin/cmake --install /workspace/build/avaj_car_control
